== 12:01:05 [20m-v2/noindex] wipe + boot cluster
  hstore write smoke: {"property_key": {
  sampler on hugegraph-dev
  sampler on hugegraph-node2
  sampler on hugegraph-node3
== 12:04:30 [20m-v2/noindex] shard groups: KeyError: 'data'
== 12:04:30 [20m-v2/noindex] load 100k vertices + 20000000 edges 
  14:05:37 edges 3899500/20000000 rate=62465/s p50=28ms
  14:06:34 edges 7900500/20000000 rate=66301/s p50=27ms
  14:07:29 edges 11901500/20000000 rate=68400/s p50=26ms
  14:08:25 edges 15900500/20000000 rate=69034/s p50=26ms
  14:09:22 edges 19901500/20000000 rate=69397/s p50=26ms
RESULT {"variant": "noindex", "edges": 20000000, "requested": 20000000, "threads": 4, "batch": 500, "vertices": 100000, "seconds": 288.0, "edges_per_s": 69443, "batch_ms": {"p50": 26, "p90": 36, "p99": 53, "max": 224}, "errors": {
== 12:09:23 [20m-v2/noindex] settle 60 s, then compaction + disk split
compacted=12/12 in 13 s
hugegraph-dev: db_MB=1082 raftlog_MB=2699 snapshot_MB=1033 sst=60 parts=12 ingest_GB=0.07 keys=771456
compacted=12/12 in 13 s
hugegraph-node2: db_MB=1070 raftlog_MB=2692 snapshot_MB=1021 sst=60 parts=12 ingest_GB=0.06 keys=749299
compacted=12/12 in 12 s
hugegraph-node3: db_MB=1077 raftlog_MB=2696 snapshot_MB=1027 sst=60 parts=12 ingest_GB=0.06 keys=750411
"data":[20000000]
== 12:11:17 [20m-v2/noindex] done
