10:23:57 === baseline
10:24:58 RESULT baseline: PASS 183 samples, codes {200: 183}, p50 5 ms, p99 18 ms, cached ratio 0.63
10:25:08 === stores-zero
10:25:28 stores -> 0 at t=20.0
10:27:28 stores -> 3 at t=140.1
10:28:38 RESULT stores-zero: PASS per pod {"hugegraph-server-7dff57dbb4-kpm8m": {"readiness_503_after_fault_s": 4.0, "not_ready_after_fault_s": 31.0, "out_of_service_after_fault_s": 31.0, "readiness_200_after_back_s": 55.9, "ready_after_back_s": 62.9, "reasons_during_fault": ["none of 3 known store(s) answered: 3 store(s) did not answer within 1000 ms", "none of 3 known store(s) answered: a store failed: DEADLINE_EXCEEDED; a store failed: DEADLINE_EXCEEDED; a store failed: DEADLINE_EXCEEDED", "none of 3 known store(s) answered: a store failed: UNAVAILABLE; a store failed: UNAVAILABLE; a store failed: UNAVAILABLE"]}, "hugegraph-server-7dff57dbb4-p6dtz": {"readiness_503_after_fault_s": 1.0, "not_ready_after_fault_s": 27.0, "out_of_service_after_fault_s": 27.0, "readiness_200_after_back_s": 35.9, "ready_after_back_s": 44.9, "reasons_during_fault": ["none of 3 known store(s) answered: 3 store(s) did not answer within 1000 ms", "none of 3 known store(s) answered: a store failed: DEADLINE_EXCEEDED; 2 store(s) did not answer within 1000 ms", "none of 3 known store(s) answered: a store failed: UNAVAILABLE; a store failed: UNAVAILABLE; 1 store(s) did not answer within 1000 ms"]}, "hugegraph-server-7dff57dbb4-vffgq": {"readiness_503_after_fault_s": 1.0, "not_ready_after_fault_s": 23.0, "out_of_service_after_fault_s": 23.0, "readiness_200_after_back_s": 23.9, "ready_after_back_s": 27.9, "reasons_during_fault": ["none of 3 known store(s) answered: 3 store(s) did not answer within 1000 ms", "none of 3 known store(s) answered: a store failed: UNAVAILABLE; a store failed: UNAVAILABLE; a store failed: UNAVAILABLE"]}}; min endpoints during fault 0; stores back Ready in 22.778473615646362s; load {'writes': {'requests': 771, 'failed': 581, 'first_failure_s': 41.3, 'last_failure_s': 157.9, 'max_latency_s': 31.1, 'codes': [0, 500]}, 'reads': {'requests': 771, 'failed': 581, 'first_failure_s': 41.3, 'last_failure_s': 157.9, 'max_latency_s': 0.2, 'codes': [0]}}
10:28:48 === store-one-down
10:29:08 store-1 force-deleted at t=20.0
10:30:02 RESULT store-one-down: PASS codes {200: 222}, transitions [], store back Ready in 23.0119366645813s, load {'writes': {'requests': 274, 'failed': 0, 'first_failure_s': None, 'last_failure_s': None, 'max_latency_s': 0.5, 'codes': []}, 'reads': {'requests': 274, 'failed': 0, 'first_failure_s': None, 'last_failure_s': None, 'max_latency_s': 0.1, 'codes': []}}
10:30:12 === store-roll
10:30:32 store rollout restart at t=20.0
10:32:08 RESULT store-roll: FAIL codes {200: 213, 503: 42}, transitions [(64.0, 'hugegraph-server-7dff57dbb4-kpm8m', 200, 503), (64.0, 'hugegraph-server-7dff57dbb4-p6dtz', 200, 503), (64.0, 'hugegraph-server-7dff57dbb4-vffgq', 200, 503), (87.0, 'hugegraph-server-7dff57dbb4-vffgq', 503, 200), (98.0, 'hugegraph-server-7dff57dbb4-vffgq', 200, 503), (102.0, 'hugegraph-server-7dff57dbb4-vffgq', 503, 200), (106.0, 'hugegraph-server-7dff57dbb4-p6dtz', 503, 200), (87.0, 'hugegraph-server-7dff57dbb4-vffgq', True, False), (90.0, 'hugegraph-server-7dff57dbb4-kpm8m', True, False), (91.0, 'hugegraph-server-7dff57dbb4-p6dtz', True, False), (94.0, 'hugegraph-server-7dff57dbb4-vffgq', False, True), (110.0, 'hugegraph-server-7dff57dbb4-p6dtz', False, True), (87.0, 'hugegraph-server-7dff57dbb4-vffgq', True, False), (90.0, 'hugegraph-server-7dff57dbb4-kpm8m', True, False), (91.0, 'hugegraph-server-7dff57dbb4-p6dtz', True, False), (94.0, 'hugegraph-server-7dff57dbb4-vffgq', False, True), (112.0, 'hugegraph-server-7dff57dbb4-p6dtz', False, True)], answered stores ['3259356358697243292', '6386607161404282741', '6838705701474727512'], load {'writes': {'requests': 77, 'failed': 2, 'first_failure_s': 40.4, 'last_failure_s': 93.4, 'max_latency_s': 30.3, 'codes': [500]}, 'reads': {'requests': 77, 'failed': 1, 'first_failure_s': 62.8, 'last_failure_s': 62.8, 'max_latency_s': 22.5, 'codes': [500]}}
10:32:31 === pd-zero
10:32:51 pd -> 0 at t=20.0
10:34:21 pd -> 3 at t=110.1
10:35:46 RESULT pd-zero: FAIL per pod {"hugegraph-server-7dff57dbb4-kpm8m": {"codes_during_fault": [503], "pd_unreachable_seen_after_s": 0.0, "pd_reachable_again_after_s": 20.9, "ready_cond_transitions": [[52.0, "hugegraph-server-7dff57dbb4-kpm8m", true, false], [130.0, "hugegraph-server-7dff57dbb4-kpm8m", false, true]]}, "hugegraph-server-7dff57dbb4-p6dtz": {"codes_during_fault": [503], "pd_unreachable_seen_after_s": 36.0, "pd_reachable_again_after_s": 28.9, "ready_cond_transitions": [[44.0, "hugegraph-server-7dff57dbb4-p6dtz", true, false], [138.0, "hugegraph-server-7dff57dbb4-p6dtz", false, true]]}, "hugegraph-server-7dff57dbb4-vffgq": {"codes_during_fault": [503], "pd_unreachable_seen_after_s": 48.0, "pd_reachable_again_after_s": 17.9, "ready_cond_transitions": [[48.0, "hugegraph-server-7dff57dbb4-vffgq", true, false], [130.0, "hugegraph-server-7dff57dbb4-vffgq", false, true]]}}; pd back Ready in 23.503108501434326s; load {'writes': {'requests': 669, 'failed': 387, 'first_failure_s': 41.2, 'last_failure_s': 118.8, 'max_latency_s': 31.0, 'codes': [0, 500]}, 'reads': {'requests': 669, 'failed': 387, 'first_failure_s': 41.2, 'last_failure_s': 118.8, 'max_latency_s': 3.2, 'codes': [0]}}
10:35:56 === pd-roll
10:36:16 pd rollout restart at t=20.0
10:38:12 RESULT pd-roll: PASS codes {200: 408}, readiness transitions [], ready-condition transitions [], load {'writes': {'requests': 479, 'failed': 0, 'first_failure_s': None, 'last_failure_s': None, 'max_latency_s': 3.9, 'codes': []}, 'reads': {'requests': 479, 'failed': 0, 'first_failure_s': None, 'last_failure_s': None, 'max_latency_s': 0.1, 'codes': []}}
10:38:23 === store-freeze
10:38:43 SIGSTOP hugegraph-store-1 (leads {'hugegraph-store-1': 14, 'hugegraph-store-2': 10}) pid 16 at t=20.0
10:39:44 SIGCONT skipped, the container was restarted by the liveness probe meanwhile: kubectl -n hugegraph exec hugegraph-store-1 -c store -- kill -CONT 26
kill: (26)
10:40:14 RESULT store-freeze: FAIL victim hugegraph-store-1 leading {'hugegraph-store-1': 14, 'hugegraph-store-2': 10}; codes {200: 258, 503: 24}; readiness transitions [(20.0, 'hugegraph-server-7dff57dbb4-p6dtz', 200, 503), (20.0, 'hugegraph-server-7dff57dbb4-vffgq', 200, 503), (23.0, 'hugegraph-server-7dff57dbb4-kpm8m', 200, 503), (43.0, 'hugegraph-server-7dff57dbb4-kpm8m', 503, 200), (43.0, 'hugegraph-server-7dff57dbb4-p6dtz', 503, 200), (48.0, 'hugegraph-server-7dff57dbb4-vffgq', 503, 200)]; answered stores ['3259356358697243292', '6386607161404282741', '6838705701474727512']; load {'writes': {'requests': 178, 'failed': 1, 'first_failure_s': 67.5, 'last_failure_s': 67.5, 'max_latency_s': 57.0, 'codes': [500]}, 'reads': {'requests': 178, 'failed': 0, 'first_failure_s': None, 'last_failure_s': None, 'max_latency_s': 0.0, 'codes': []}}
