2026-09-17 08:30:24 [main] [WARN] o.a.h.c.HugeConfig - The config option 'arthas.telnet_port' is redundant, please ensure it has been registered
2026-09-17 08:30:24 [main] [WARN] o.a.h.c.HugeConfig - The config option 'arthas.http_port' is redundant, please ensure it has been registered
2026-09-17 08:30:24 [main] [WARN] o.a.h.c.HugeConfig - The config option 'arthas.disabled_commands' is redundant, please ensure it has been registered
2026-09-17 08:30:24 [main] [INFO] c.j.m.Manifests - 103 attributes loaded from 324 stream(s) in 255ms, 103 saved, 4677 ignored: ["Agent-Class", "Ant-Version", "Archiver-Version", "Automatic-Module-Name", "Bnd-LastModified", "Build-Date", "Build-Id", "Build-Jdk", "Build-Jdk-Spec", "Build-Number", "Build-Tag", "Build-Timestamp", "Build-Version", "Built-By", "Built-JDK", "Bundle-ActivationPolicy", "Bundle-Activator", "Bundle-Category", "Bundle-ClassPath", "Bundle-ContactAddress", "Bundle-Description", "Bundle-Developers", "Bundle-DocURL", "Bundle-License", "Bundle-ManifestVersion", "Bundle-Name", "Bundle-NativeCode", "Bundle-RequiredExecutionEnvironment", "Bundle-SCM", "Bundle-SymbolicName", "Bundle-Vendor", "Bundle-Version", "Can-Redefine-Classes", "Can-Retransform-Classes", "Can-Set-Native-Method-Prefix", "Carl-Is-Awesome", "Class-Path", "Created-By", "DynamicImport-Package", "Eclipse-BuddyPolicy", "Eclipse-ExtensibleAPI", "Embed-Dependency", "Export-Package", "Extension-Name", "Extension-name", "Fragment-Host", "Git-Revision", "Git-Url", "Implementation-Build", "Implementation-Build-Date", "Implementation-Build-Id", "Implementation-Title", "Implementation-URL", "Implementation-Vendor", "Implementation-Vendor-Id", "Implementation-Version", "Import-Package", "Include-Resource", "JCabi-Build", "JCabi-Date", "JCabi-Version", "Java-Vendor", "Java-Version", "Log4jReleaseKey", "Log4jReleaseManager", "Log4jReleaseVersion", "Log4jReleaseVersionJava6", "Log4jReleaseVersionJava7", "Log4jSigningUserName", "Main-Class", "Major-Version", "Manifest-Version", "Multi-Release", "Originally-Created-By", "Os-Arch", "Os-Name", "Os-Version", "Package", "Premain-Class", "Private-Package", "Provide-Capability", "Require-Capability", "Scm-Connection", "Scm-Revision", "Scm-Url", "Source-Compatibility", "Specification-Title", "Specification-Vendor", "Specification-Version", "Target-Compatibility", "Time-Zone-Database-Version", "Tool", "X-Compile-Source-JDK", "X-Compile-Target-JDK", "artifactId", "groupId", "hash", "implementation-version", "mode", "package", "service", "url", "version"]
2026-09-17 08:30:24 [main] [INFO] o.a.h.d.HugeGremlinServer - 3.5.1
         \,,,/
         (o o)
-----oOOo-(3)-oOOo-----

2026-09-17 08:30:24 [main] [INFO] o.a.h.u.ConfigUtil - Scanning option 'graphs' directory './conf/graphs'
2026-09-17 08:30:24 [main] [INFO] o.a.h.d.HugeGremlinServer - Configuring Gremlin Server from /home/seba/hg-3203/hugegraph-server/dist-wait3203-hstore/conf/gremlin-server.yaml
2026-09-17 08:30:24 [main] [INFO] o.a.h.b.c.CacheManager - Init RamCache for 'schema-v2-id-DEFAULT-hugegraph' with capacity 10000
2026-09-17 08:30:24 [main] [INFO] o.a.h.b.c.CacheManager - Init RamCache for 'schema-v2-name-DEFAULT-hugegraph' with capacity 10000
2026-09-17 08:30:24 [main] [INFO] o.a.h.p.c.KvClient - wait for client starting....
2026-09-17 08:30:25 [main] [INFO] o.a.h.p.c.AbstractClient - AbstractClient connect to host = 192.168.80.235:8686 success
2026-09-17 08:30:25 [grpc-default-executor-0] [INFO] o.a.h.p.c.KvClient - set watch client id to :-2776786652494420564
2026-09-17 08:30:25 [main] [INFO] o.a.h.p.c.PDClient - PDClient connect to host = 192.168.80.235:8686 success
2026-09-17 08:30:25 [main] [INFO] o.a.h.p.c.PDClient - PDClient enable cache, init PDWatch object
2026-09-17 08:30:25 [main] [INFO] o.a.h.p.c.PDClient - PDWatch client connect host:192.168.80.235:8686
2026-09-17 08:30:25 [pdcm-reconnect-0] [INFO] o.a.h.p.c.PDConnectionManager - [PDCM] Trying to force reconnect...
2026-09-17 08:30:25 [pdcm-reconnect-0] [INFO] o.a.h.p.c.PDConnectionManager - [PDCM] Force reconnection task...
2026-09-17 08:30:25 [reconnecting-server-pool-0] [INFO] o.a.h.p.c.i.PDPulseImpl2 - [PULSE] Try to reconnect server...
2026-09-17 08:30:25 [reconnecting-server-pool-0] [INFO] o.a.h.p.c.i.PDPulseImpl2 - [PULSE] The [ 1 ]th attempt to connect...
2026-09-17 08:30:25 [reconnecting-server-pool-0] [INFO] o.a.h.p.c.i.PDPulseImpl2 - [PULSE] Reconnect server successfully!
2026-09-17 08:30:26 [main] [INFO] o.c.o.l.Uns - OHC using JNA OS native malloc/free
2026-09-17 08:30:26 [main] [INFO] o.a.h.b.c.CacheManager - Init LevelCache for 'vertex-DEFAULT-hugegraph' with capacity 10000:10000000
2026-09-17 08:30:26 [main] [INFO] o.a.h.b.c.CacheManager - Init LevelCache for 'edge-DEFAULT-hugegraph' with capacity 1000:1000000
2026-09-17 08:30:26 [main] [INFO] o.a.h.t.TaskManager - Use distributed as the scheduler of graph (hugegraph)
2026-09-17 08:30:26 [main] [INFO] o.a.h.b.c.CacheManager - Init RamCache for 'users-auth' with capacity 10240
2026-09-17 08:30:26 [main] [INFO] o.a.h.b.c.CacheManager - Init RamCache for 'users_pwd-auth' with capacity 10240
2026-09-17 08:30:26 [main] [INFO] o.a.h.b.c.CacheManager - Init RamCache for 'token-auth' with capacity 10240
2026-09-17 08:30:26 [main] [INFO] o.a.t.g.s.u.DefaultGraphManager - Graph [DEFAULT-hugegraph] was successfully configured via [/home/seba/hg-3203/hugegraph-server/dist-wait3203-hstore/conf/graphs/hugegraph.properties].
2026-09-17 08:30:26 [main] [INFO] o.a.t.g.s.u.ServerGremlinExecutor - Initialized Gremlin thread pool.  Threads in pool named with pattern gremlin-*
2026-09-17 08:30:27 [main] [INFO] o.a.t.g.s.u.ServerGremlinExecutor - Initialized GremlinExecutor and preparing GremlinScriptEngines instances.
2026-09-17 08:30:29 [main] [INFO] o.a.t.g.s.u.ServerGremlinExecutor - Initialized gremlin-groovy GremlinScriptEngine and registered metrics
2026-09-17 08:30:29 [main] [INFO] o.a.t.g.s.o.OpLoader - Adding the cypher OpProcessor.
2026-09-17 08:30:29 [main] [INFO] o.a.t.g.s.o.OpLoader - Adding the standard OpProcessor.
2026-09-17 08:30:29 [main] [INFO] o.a.t.g.s.o.OpLoader - Adding the session OpProcessor.
2026-09-17 08:30:29 [main] [INFO] o.a.t.g.s.o.OpLoader - Adding the traversal OpProcessor.
2026-09-17 08:30:29 [main] [INFO] o.a.h.s.RestServer - RestServer starting...
2026-09-17 08:30:29 [main] [WARN] o.a.h.c.HugeConfig - The config option 'arthas.telnet_port' is redundant, please ensure it has been registered
2026-09-17 08:30:29 [main] [WARN] o.a.h.c.HugeConfig - The config option 'arthas.http_port' is redundant, please ensure it has been registered
2026-09-17 08:30:29 [main] [WARN] o.a.h.c.HugeConfig - The config option 'arthas.disabled_commands' is redundant, please ensure it has been registered
2026-09-17 08:30:31 [main] [INFO] o.a.h.c.GraphManager - Init graph manager
2026-09-17 08:30:31 [main] [INFO] o.a.h.c.GraphManager - Waiting for the PD cluster: Cluster_Not_Ready:  (299s left)
2026-09-17 08:30:33 [grpc-default-executor-2] [INFO] o.a.h.p.c.PDClient - PDClient receive store event NODE_ONLINE 503755131fb11b42
2026-09-17 08:30:36 [main] [INFO] o.a.h.c.GraphManager - Waiting for the PD cluster: Cluster_Not_Ready: The number of active stores is 1, less than pd.initial-store-count:3 (294s left)
2026-09-17 08:30:41 [main] [INFO] o.a.h.c.GraphManager - Waiting for the PD cluster: Cluster_Not_Ready: The number of active stores is 1, less than pd.initial-store-count:3 (289s left)
2026-09-17 08:30:46 [main] [INFO] o.a.h.c.GraphManager - Waiting for the PD cluster: Cluster_Not_Ready: The number of active stores is 1, less than pd.initial-store-count:3 (284s left)
2026-09-17 08:30:51 [main] [INFO] o.a.h.c.GraphManager - Waiting for the PD cluster: Cluster_Not_Ready: The number of active stores is 1, less than pd.initial-store-count:3 (279s left)
2026-09-17 08:30:56 [main] [INFO] o.a.h.c.GraphManager - Waiting for the PD cluster: Cluster_Not_Ready: The number of active stores is 1, less than pd.initial-store-count:3 (274s left)
2026-09-17 08:31:01 [main] [INFO] o.a.h.c.GraphManager - Waiting for the PD cluster: Cluster_Not_Ready: The number of active stores is 1, less than pd.initial-store-count:3 (269s left)
2026-09-17 08:31:06 [main] [INFO] o.a.h.c.GraphManager - Waiting for the PD cluster: Cluster_Not_Ready: The number of active stores is 1, less than pd.initial-store-count:3 (264s left)
2026-09-17 08:31:11 [main] [INFO] o.a.h.c.GraphManager - Waiting for the PD cluster: Cluster_Not_Ready: The number of active stores is 1, less than pd.initial-store-count:3 (259s left)
2026-09-17 08:31:16 [main] [INFO] o.a.h.c.GraphManager - Waiting for the PD cluster: Cluster_Not_Ready: The number of active stores is 1, less than pd.initial-store-count:3 (254s left)
2026-09-17 08:31:21 [main] [INFO] o.a.h.c.GraphManager - Waiting for the PD cluster: Cluster_Not_Ready: The number of active stores is 1, less than pd.initial-store-count:3 (249s left)
2026-09-17 08:31:26 [main] [INFO] o.a.h.c.GraphManager - Waiting for the PD cluster: Cluster_Not_Ready: The number of active stores is 1, less than pd.initial-store-count:3 (244s left)
2026-09-17 08:31:31 [main] [INFO] o.a.h.c.GraphManager - Waiting for the PD cluster: Cluster_Not_Ready: The number of active stores is 1, less than pd.initial-store-count:3 (239s left)
2026-09-17 08:31:36 [main] [INFO] o.a.h.c.GraphManager - Waiting for the PD cluster: Cluster_Not_Ready: The number of active stores is 1, less than pd.initial-store-count:3 (234s left)
2026-09-17 08:31:39 [grpc-default-executor-3] [INFO] o.a.h.p.c.PDClient - PDClient receive store event NODE_ONLINE 40d4b03aed0998ef
2026-09-17 08:31:39 [grpc-default-executor-3] [INFO] o.a.h.p.c.PDClient - PDClient receive store event NODE_ONLINE 60961e0c1e88b1f6
2026-09-17 08:31:41 [main] [INFO] o.a.h.c.GraphManager - PD cluster ready after 70s: PD reports Cluster_OK
2026-09-17 08:31:41 [main] [INFO] o.a.h.p.c.PDClient - PDClient connect to host = 192.168.80.235:8686 success
2026-09-17 08:31:41 [main] [INFO] o.a.h.p.c.PDClient - PDClient enable cache, init PDWatch object
2026-09-17 08:31:41 [main] [INFO] o.a.h.p.c.PDClient - PDWatch client connect host:192.168.80.235:8686
2026-09-17 08:31:41 [pdcm-reconnect-0] [INFO] o.a.h.p.c.PDConnectionManager - [PDCM] Trying to force reconnect...
2026-09-17 08:31:41 [pdcm-reconnect-0] [INFO] o.a.h.p.c.PDConnectionManager - [PDCM] Force reconnection task...
2026-09-17 08:31:41 [reconnecting-server-pool-0] [INFO] o.a.h.p.c.i.PDPulseImpl2 - [PULSE] Try to reconnect server...
2026-09-17 08:31:41 [reconnecting-server-pool-0] [INFO] o.a.h.p.c.i.PDPulseImpl2 - [PULSE] The [ 1 ]th attempt to connect...
2026-09-17 08:31:41 [reconnecting-server-pool-0] [INFO] o.a.h.p.c.i.PDPulseImpl2 - [PULSE] Reconnect server successfully!
2026-09-17 08:31:42 [main] [WARN] o.a.h.c.HugeConfig - The config option 'creator' is redundant, please ensure it has been registered
2026-09-17 08:31:42 [main] [WARN] o.a.h.c.HugeConfig - The config option 'create_time' is redundant, please ensure it has been registered
2026-09-17 08:31:42 [main] [WARN] o.a.h.c.HugeConfig - The config option 'update_time' is redundant, please ensure it has been registered
2026-09-17 08:31:42 [main] [WARN] o.a.h.c.HugeConfig - The config option 'nickname' is redundant, please ensure it has been registered
2026-09-17 08:31:42 [main] [INFO] o.a.h.b.c.CacheManager - Init RamCache for 'schema-v2-id-DEFAULT-~sys_graph' with capacity 10000
2026-09-17 08:31:42 [main] [INFO] o.a.h.b.c.CacheManager - Init RamCache for 'schema-v2-name-DEFAULT-~sys_graph' with capacity 10000
2026-09-17 08:31:42 [main] [INFO] o.a.h.b.c.CacheManager - Init LevelCache for 'vertex-DEFAULT-~sys_graph' with capacity 10000:10000000
2026-09-17 08:31:42 [main] [INFO] o.a.h.b.c.CacheManager - Init LevelCache for 'edge-DEFAULT-~sys_graph' with capacity 1000:1000000
2026-09-17 08:31:42 [main] [INFO] o.a.h.t.TaskManager - Use distributed as the scheduler of graph (~sys_graph)
2026-09-17 08:31:42 [main] [INFO] o.a.h.s.c.u.HgStoreClientConfig - grpc.timeout.seconds = 100
2026-09-17 08:31:42 [main] [INFO] o.a.h.s.c.u.HgStoreClientConfig - grpc.max.inbound.message.size = 1073741824
2026-09-17 08:31:42 [main] [INFO] o.a.h.s.c.u.HgStoreClientConfig - grpc.max.outbound.message.size = 1073741824
2026-09-17 08:31:42 [main] [INFO] o.a.h.s.c.u.HgStoreClientConfig - net.kv.scanner.page.size = 10000
2026-09-17 08:31:42 [main] [INFO] o.a.h.s.c.u.HgStoreClientConfig - net.kv.scanner.have.next.timeout = 1800
2026-09-17 08:31:42 [task-db-worker-1] [INFO] o.a.h.p.c.PDClient - PDClient connect to host = 192.168.80.235:8686 success
2026-09-17 08:31:42 [task-db-worker-1] [INFO] o.a.h.p.c.PDClient - PDClient enable cache, init PDWatch object
2026-09-17 08:31:42 [task-db-worker-1] [INFO] o.a.h.p.c.PDClient - PDWatch client connect host:192.168.80.235:8686
2026-09-17 08:31:42 [pdcm-reconnect-0] [INFO] o.a.h.p.c.PDConnectionManager - [PDCM] Trying to force reconnect...
2026-09-17 08:31:42 [pdcm-reconnect-0] [INFO] o.a.h.p.c.PDConnectionManager - [PDCM] Force reconnection task...
2026-09-17 08:31:42 [reconnecting-server-pool-0] [INFO] o.a.h.p.c.i.PDPulseImpl2 - [PULSE] Try to reconnect server...
2026-09-17 08:31:42 [reconnecting-server-pool-0] [INFO] o.a.h.p.c.i.PDPulseImpl2 - [PULSE] The [ 1 ]th attempt to connect...
2026-09-17 08:31:42 [reconnecting-server-pool-0] [INFO] o.a.h.p.c.i.PDPulseImpl2 - [PULSE] Reconnect server successfully!
2026-09-17 08:31:42 [main] [INFO] o.a.h.StandardHugeGraph - Graph 'DEFAULT-~sys_graph' has been initialized
2026-09-17 08:31:42 [main] [INFO] o.a.h.StandardHugeGraph - Init system info for graph 'DEFAULT-~sys_graph'
2026-09-17 08:31:43 [main] [INFO] o.a.h.StandardHugeGraph - Check olap property-key tables for graph 'DEFAULT-~sys_graph'
2026-09-17 08:31:43 [main] [INFO] o.a.h.StandardHugeGraph - Restoring incomplete tasks for graph 'DEFAULT-~sys_graph'...
2026-09-17 08:31:43 [main] [INFO] o.a.h.c.GraphManager - Success to register service to pd
2026-09-17 08:31:43 [main] [INFO] o.a.h.u.ConfigUtil - Scanning option 'graphs' directory './conf/graphs'
2026-09-17 08:31:43 [main] [INFO] o.a.h.c.GraphManager - Graph 'hugegraph' was successfully configured via '/home/seba/hg-3203/hugegraph-server/dist-wait3203-hstore/conf/graphs/hugegraph.properties'
2026-09-17 08:31:43 [main] [INFO] o.a.h.c.GraphManager - RpcServer is not enabled, skip starting rpc service
2026-09-17 08:31:43 [main] [INFO] o.a.h.c.GraphManager - RpcServer is not enabled, skip wait graphs ready
2026-09-17 08:31:43 [main] [INFO] o.a.h.c.GraphManager - Check backend version
2026-09-17 08:31:43 [main] [INFO] o.a.h.StandardHugeGraph - Init system info for graph 'DEFAULT-hugegraph'
2026-09-17 08:31:43 [main] [INFO] o.a.h.StandardHugeGraph - Check olap property-key tables for graph 'DEFAULT-hugegraph'
2026-09-17 08:31:43 [main] [INFO] o.a.h.StandardHugeGraph - Restoring incomplete tasks for graph 'DEFAULT-hugegraph'...
2026-09-17 08:31:43 [main] [INFO] o.a.h.c.GraphManager - Unconfigured authenticator, please config auth.authenticator option in rest-server.properties, does not support role election currently
2026-09-17 08:31:43 [main] [INFO] o.a.h.s.RestServer - The maximum batch writing threads is 9 (total threads 12)
2026-09-17 08:31:43 [main] [INFO] o.a.h.s.RestServer - RestServer started
2026-09-17 08:31:43 [main] [INFO] o.a.t.g.s.GremlinServer - Executing start up LifeCycleHook
2026-09-17 08:31:43 [main] [INFO] o.a.t.g.s.GremlinServer - Executed once at startup of Gremlin Server.
2026-09-17 08:31:43 [main] [INFO] o.a.t.g.s.GremlinServer - idleConnectionTimeout was set to 0 which resolves to 0 seconds when configuring this value - this feature will be disabled
2026-09-17 08:31:43 [main] [INFO] o.a.t.g.s.GremlinServer - keepAliveInterval was set to 0 which resolves to 0 seconds when configuring this value - this feature will be disabled
2026-09-17 08:31:43 [main] [INFO] o.a.t.g.s.AbstractChannelizer - Configured application/vnd.graphbinary-v1.0 with org.apache.tinkerpop.gremlin.driver.ser.GraphBinaryMessageSerializerV1
2026-09-17 08:31:43 [main] [INFO] o.a.t.g.s.AbstractChannelizer - Configured application/json with org.apache.tinkerpop.gremlin.driver.ser.GraphSONMessageSerializerV1d0
2026-09-17 08:31:43 [main] [INFO] o.a.t.g.s.AbstractChannelizer - Configured application/vnd.gremlin-v2.0+json with org.apache.tinkerpop.gremlin.driver.ser.GraphSONMessageSerializerV2d0
2026-09-17 08:31:43 [main] [INFO] o.a.t.g.s.AbstractChannelizer - application/json already has org.apache.tinkerpop.gremlin.driver.ser.GraphSONMessageSerializerV1d0 configured - it will not be replaced by org.apache.tinkerpop.gremlin.driver.ser.GraphSONMessageSerializerV2d0, change order of serialization configuration if this is not desired.
2026-09-17 08:31:43 [main] [INFO] o.a.t.g.s.AbstractChannelizer - Configured application/vnd.gremlin-v3.0+json with org.apache.tinkerpop.gremlin.driver.ser.GraphSONMessageSerializerV3d0
2026-09-17 08:31:43 [main] [INFO] o.a.t.g.s.AbstractChannelizer - application/json already has org.apache.tinkerpop.gremlin.driver.ser.GraphSONMessageSerializerV1d0 configured - it will not be replaced by org.apache.tinkerpop.gremlin.driver.ser.GraphSONMessageSerializerV3d0, change order of serialization configuration if this is not desired.
2026-09-17 08:31:43 [main] [INFO] o.a.t.g.s.AbstractChannelizer - Configured application/vnd.graphbinary-v1.0 with org.apache.tinkerpop.gremlin.driver.ser.GraphBinaryMessageSerializerV1
2026-09-17 08:31:43 [main] [INFO] o.a.t.g.s.AbstractChannelizer - Configured application/json with org.apache.tinkerpop.gremlin.driver.ser.GraphSONMessageSerializerV1d0
2026-09-17 08:31:43 [main] [INFO] o.a.t.g.s.AbstractChannelizer - Configured application/vnd.gremlin-v2.0+json with org.apache.tinkerpop.gremlin.driver.ser.GraphSONMessageSerializerV2d0
2026-09-17 08:31:43 [main] [INFO] o.a.t.g.s.AbstractChannelizer - application/json already has org.apache.tinkerpop.gremlin.driver.ser.GraphSONMessageSerializerV1d0 configured - it will not be replaced by org.apache.tinkerpop.gremlin.driver.ser.GraphSONMessageSerializerV2d0, change order of serialization configuration if this is not desired.
2026-09-17 08:31:43 [main] [INFO] o.a.t.g.s.AbstractChannelizer - Configured application/vnd.gremlin-v3.0+json with org.apache.tinkerpop.gremlin.driver.ser.GraphSONMessageSerializerV3d0
2026-09-17 08:31:43 [main] [INFO] o.a.t.g.s.AbstractChannelizer - application/json already has org.apache.tinkerpop.gremlin.driver.ser.GraphSONMessageSerializerV1d0 configured - it will not be replaced by org.apache.tinkerpop.gremlin.driver.ser.GraphSONMessageSerializerV3d0, change order of serialization configuration if this is not desired.
2026-09-17 08:31:43 [gremlin-server-boss-1] [INFO] o.a.t.g.s.GremlinServer - Gremlin Server configured with worker thread pool of 1, gremlin pool of 6 and boss thread pool of 1.
2026-09-17 08:31:43 [gremlin-server-boss-1] [INFO] o.a.t.g.s.GremlinServer - Channel started at port 8182.
2026-09-17 08:31:43 [main] [WARN] o.a.h.c.HugeConfig - The config option 'arthas.telnet_port' is redundant, please ensure it has been registered
2026-09-17 08:31:43 [main] [WARN] o.a.h.c.HugeConfig - The config option 'arthas.http_port' is redundant, please ensure it has been registered
2026-09-17 08:31:43 [main] [WARN] o.a.h.c.HugeConfig - The config option 'arthas.disabled_commands' is redundant, please ensure it has been registered
2026-09-17 08:31:43 [main] [INFO] o.a.h.d.MemoryMonitor - Memory monitoring started.
2026-09-17 08:33:09 [hugegraph-server-shutdown] [INFO] o.a.h.d.HugeGraphServer - HugeGraphServer stopping
2026-09-17 08:33:09 [hugegraph-server-shutdown] [INFO] o.a.h.d.MemoryMonitor - Memory monitoring stopped.
2026-09-17 08:33:09 [gremlin-server-shutdown] [INFO] o.a.t.g.s.GremlinServer - Shutting down OpProcessor[]
2026-09-17 08:33:09 [gremlin-server-shutdown] [INFO] o.a.t.g.s.GremlinServer - Shutting down OpProcessor[cypher]
2026-09-17 08:33:09 [gremlin-server-shutdown] [INFO] o.a.t.g.s.GremlinServer - Shutting down OpProcessor[session]
2026-09-17 08:33:09 [gremlin-server-shutdown] [INFO] o.a.t.g.s.GremlinServer - Shutting down OpProcessor[traversal]
2026-09-17 08:33:09 [gremlin-server-shutdown] [INFO] o.a.t.g.s.GremlinServer - Shutting down thread pools.
2026-09-17 08:33:09 [gremlin-server-stop] [INFO] o.a.t.g.s.GremlinServer - Executing shutdown LifeCycleHook
2026-09-17 08:33:09 [gremlin-server-stop] [INFO] o.a.t.g.s.GremlinServer - Executed once at shutdown of Gremlin Server.
2026-09-17 08:33:11 [gremlin-server-stop] [INFO] o.a.h.StandardHugeGraph - Close graph standardhugegraph[DEFAULT-hugegraph]
2026-09-17 08:33:11 [gremlin-server-stop] [INFO] o.a.t.g.s.GremlinServer - Closed Graph instance [DEFAULT-hugegraph]
2026-09-17 08:33:11 [gremlin-server-stop] [INFO] o.a.t.g.s.GremlinServer - Gremlin Server - shutdown complete
2026-09-17 08:33:11 [hugegraph-server-shutdown] [INFO] o.a.h.d.HugeGraphServer - HugeGremlinServer stopped
2026-09-17 08:33:11 [hugegraph-server-shutdown] [INFO] o.a.h.d.HugeGraphServer - HugeRestServer stopped
2026-09-17 08:33:11 [hugegraph-server-shutdown] [INFO] o.a.h.HugeFactory - HugeFactory shutdown
2026-09-17 08:33:11 [hugegraph-server-shutdown] [INFO] o.a.h.d.HugeGraphServer - HugeGraph stopped
2026-09-17 08:33:11 [hugegraph-server-shutdown] [INFO] o.a.h.d.HugeGraphServer - HugeGraphServer stopped
2026-09-17 08:33:17 [main] [WARN] o.a.h.c.HugeConfig - The config option 'arthas.telnet_port' is redundant, please ensure it has been registered
2026-09-17 08:33:18 [main] [WARN] o.a.h.c.HugeConfig - The config option 'arthas.http_port' is redundant, please ensure it has been registered
2026-09-17 08:33:18 [main] [WARN] o.a.h.c.HugeConfig - The config option 'arthas.disabled_commands' is redundant, please ensure it has been registered
2026-09-17 08:33:18 [main] [INFO] c.j.m.Manifests - 103 attributes loaded from 324 stream(s) in 251ms, 103 saved, 4677 ignored: ["Agent-Class", "Ant-Version", "Archiver-Version", "Automatic-Module-Name", "Bnd-LastModified", "Build-Date", "Build-Id", "Build-Jdk", "Build-Jdk-Spec", "Build-Number", "Build-Tag", "Build-Timestamp", "Build-Version", "Built-By", "Built-JDK", "Bundle-ActivationPolicy", "Bundle-Activator", "Bundle-Category", "Bundle-ClassPath", "Bundle-ContactAddress", "Bundle-Description", "Bundle-Developers", "Bundle-DocURL", "Bundle-License", "Bundle-ManifestVersion", "Bundle-Name", "Bundle-NativeCode", "Bundle-RequiredExecutionEnvironment", "Bundle-SCM", "Bundle-SymbolicName", "Bundle-Vendor", "Bundle-Version", "Can-Redefine-Classes", "Can-Retransform-Classes", "Can-Set-Native-Method-Prefix", "Carl-Is-Awesome", "Class-Path", "Created-By", "DynamicImport-Package", "Eclipse-BuddyPolicy", "Eclipse-ExtensibleAPI", "Embed-Dependency", "Export-Package", "Extension-Name", "Extension-name", "Fragment-Host", "Git-Revision", "Git-Url", "Implementation-Build", "Implementation-Build-Date", "Implementation-Build-Id", "Implementation-Title", "Implementation-URL", "Implementation-Vendor", "Implementation-Vendor-Id", "Implementation-Version", "Import-Package", "Include-Resource", "JCabi-Build", "JCabi-Date", "JCabi-Version", "Java-Vendor", "Java-Version", "Log4jReleaseKey", "Log4jReleaseManager", "Log4jReleaseVersion", "Log4jReleaseVersionJava6", "Log4jReleaseVersionJava7", "Log4jSigningUserName", "Main-Class", "Major-Version", "Manifest-Version", "Multi-Release", "Originally-Created-By", "Os-Arch", "Os-Name", "Os-Version", "Package", "Premain-Class", "Private-Package", "Provide-Capability", "Require-Capability", "Scm-Connection", "Scm-Revision", "Scm-Url", "Source-Compatibility", "Specification-Title", "Specification-Vendor", "Specification-Version", "Target-Compatibility", "Time-Zone-Database-Version", "Tool", "X-Compile-Source-JDK", "X-Compile-Target-JDK", "artifactId", "groupId", "hash", "implementation-version", "mode", "package", "service", "url", "version"]
2026-09-17 08:33:18 [main] [INFO] o.a.h.d.HugeGremlinServer - 3.5.1
         \,,,/
         (o o)
-----oOOo-(3)-oOOo-----

2026-09-17 08:33:18 [main] [INFO] o.a.h.u.ConfigUtil - Scanning option 'graphs' directory './conf/graphs'
2026-09-17 08:33:18 [main] [INFO] o.a.h.d.HugeGremlinServer - Configuring Gremlin Server from /home/seba/hg-3203/hugegraph-server/dist-wait3203-hstore/conf/gremlin-server.yaml
2026-09-17 08:33:18 [main] [INFO] o.a.h.b.c.CacheManager - Init RamCache for 'schema-v2-id-DEFAULT-hugegraph' with capacity 10000
2026-09-17 08:33:18 [main] [INFO] o.a.h.b.c.CacheManager - Init RamCache for 'schema-v2-name-DEFAULT-hugegraph' with capacity 10000
2026-09-17 08:33:18 [main] [INFO] o.a.h.p.c.KvClient - wait for client starting....
2026-09-17 08:33:19 [main] [INFO] o.a.h.p.c.AbstractClient - AbstractClient connect to host = 192.168.80.235:8686 success
2026-09-17 08:33:19 [grpc-default-executor-0] [INFO] o.a.h.p.c.KvClient - set watch client id to :8565922875733995511
2026-09-17 08:33:19 [main] [INFO] o.a.h.p.c.PDClient - PDClient connect to host = 192.168.80.235:8686 success
2026-09-17 08:33:19 [main] [INFO] o.a.h.p.c.PDClient - PDClient enable cache, init PDWatch object
2026-09-17 08:33:19 [main] [INFO] o.a.h.p.c.PDClient - PDWatch client connect host:192.168.80.235:8686
2026-09-17 08:33:19 [pdcm-reconnect-0] [INFO] o.a.h.p.c.PDConnectionManager - [PDCM] Trying to force reconnect...
2026-09-17 08:33:19 [pdcm-reconnect-0] [INFO] o.a.h.p.c.PDConnectionManager - [PDCM] Force reconnection task...
2026-09-17 08:33:19 [reconnecting-server-pool-0] [INFO] o.a.h.p.c.i.PDPulseImpl2 - [PULSE] Try to reconnect server...
2026-09-17 08:33:19 [reconnecting-server-pool-0] [INFO] o.a.h.p.c.i.PDPulseImpl2 - [PULSE] The [ 1 ]th attempt to connect...
2026-09-17 08:33:19 [reconnecting-server-pool-0] [INFO] o.a.h.p.c.i.PDPulseImpl2 - [PULSE] Reconnect server successfully!
2026-09-17 08:33:20 [main] [INFO] o.c.o.l.Uns - OHC using JNA OS native malloc/free
2026-09-17 08:33:20 [main] [INFO] o.a.h.b.c.CacheManager - Init LevelCache for 'vertex-DEFAULT-hugegraph' with capacity 10000:10000000
2026-09-17 08:33:20 [main] [INFO] o.a.h.b.c.CacheManager - Init LevelCache for 'edge-DEFAULT-hugegraph' with capacity 1000:1000000
2026-09-17 08:33:20 [main] [INFO] o.a.h.t.TaskManager - Use distributed as the scheduler of graph (hugegraph)
2026-09-17 08:33:20 [main] [INFO] o.a.h.b.c.CacheManager - Init RamCache for 'users-auth' with capacity 10240
2026-09-17 08:33:20 [main] [INFO] o.a.h.b.c.CacheManager - Init RamCache for 'users_pwd-auth' with capacity 10240
2026-09-17 08:33:20 [main] [INFO] o.a.h.b.c.CacheManager - Init RamCache for 'token-auth' with capacity 10240
2026-09-17 08:33:20 [main] [INFO] o.a.t.g.s.u.DefaultGraphManager - Graph [DEFAULT-hugegraph] was successfully configured via [/home/seba/hg-3203/hugegraph-server/dist-wait3203-hstore/conf/graphs/hugegraph.properties].
2026-09-17 08:33:20 [main] [INFO] o.a.t.g.s.u.ServerGremlinExecutor - Initialized Gremlin thread pool.  Threads in pool named with pattern gremlin-*
2026-09-17 08:33:20 [main] [INFO] o.a.t.g.s.u.ServerGremlinExecutor - Initialized GremlinExecutor and preparing GremlinScriptEngines instances.
2026-09-17 08:33:22 [main] [INFO] o.a.t.g.s.u.ServerGremlinExecutor - Initialized gremlin-groovy GremlinScriptEngine and registered metrics
2026-09-17 08:33:22 [main] [INFO] o.a.t.g.s.o.OpLoader - Adding the cypher OpProcessor.
2026-09-17 08:33:22 [main] [INFO] o.a.t.g.s.o.OpLoader - Adding the standard OpProcessor.
2026-09-17 08:33:22 [main] [INFO] o.a.t.g.s.o.OpLoader - Adding the session OpProcessor.
2026-09-17 08:33:22 [main] [INFO] o.a.t.g.s.o.OpLoader - Adding the traversal OpProcessor.
2026-09-17 08:33:22 [main] [INFO] o.a.h.s.RestServer - RestServer starting...
2026-09-17 08:33:22 [main] [WARN] o.a.h.c.HugeConfig - The config option 'arthas.telnet_port' is redundant, please ensure it has been registered
2026-09-17 08:33:22 [main] [WARN] o.a.h.c.HugeConfig - The config option 'arthas.http_port' is redundant, please ensure it has been registered
2026-09-17 08:33:22 [main] [WARN] o.a.h.c.HugeConfig - The config option 'arthas.disabled_commands' is redundant, please ensure it has been registered
2026-09-17 08:33:23 [main] [INFO] o.a.h.c.GraphManager - Init graph manager
2026-09-17 08:33:24 [main] [WARN] o.a.h.c.HugeConfig - The config option 'creator' is redundant, please ensure it has been registered
2026-09-17 08:33:24 [main] [WARN] o.a.h.c.HugeConfig - The config option 'create_time' is redundant, please ensure it has been registered
2026-09-17 08:33:24 [main] [WARN] o.a.h.c.HugeConfig - The config option 'update_time' is redundant, please ensure it has been registered
2026-09-17 08:33:24 [main] [WARN] o.a.h.c.HugeConfig - The config option 'nickname' is redundant, please ensure it has been registered
2026-09-17 08:33:24 [main] [INFO] o.a.h.b.c.CacheManager - Init RamCache for 'schema-v2-id-DEFAULT-~sys_graph' with capacity 10000
2026-09-17 08:33:24 [main] [INFO] o.a.h.b.c.CacheManager - Init RamCache for 'schema-v2-name-DEFAULT-~sys_graph' with capacity 10000
2026-09-17 08:33:24 [main] [INFO] o.a.h.b.c.CacheManager - Init LevelCache for 'vertex-DEFAULT-~sys_graph' with capacity 10000:10000000
2026-09-17 08:33:24 [main] [INFO] o.a.h.b.c.CacheManager - Init LevelCache for 'edge-DEFAULT-~sys_graph' with capacity 1000:1000000
2026-09-17 08:33:24 [main] [INFO] o.a.h.t.TaskManager - Use distributed as the scheduler of graph (~sys_graph)
2026-09-17 08:33:24 [main] [INFO] o.a.h.c.GraphManager - Success to register service to pd
2026-09-17 08:33:24 [main] [INFO] o.a.h.u.ConfigUtil - Scanning option 'graphs' directory './conf/graphs'
2026-09-17 08:33:24 [main] [INFO] o.a.h.c.GraphManager - Graph 'hugegraph' was successfully configured via '/home/seba/hg-3203/hugegraph-server/dist-wait3203-hstore/conf/graphs/hugegraph.properties'
2026-09-17 08:33:24 [main] [INFO] o.a.h.c.GraphManager - RpcServer is not enabled, skip starting rpc service
2026-09-17 08:33:24 [main] [INFO] o.a.h.c.GraphManager - RpcServer is not enabled, skip wait graphs ready
2026-09-17 08:33:24 [main] [INFO] o.a.h.c.GraphManager - Check backend version
2026-09-17 08:33:24 [main] [INFO] o.a.h.StandardHugeGraph - Init system info for graph 'DEFAULT-hugegraph'
2026-09-17 08:33:24 [main] [INFO] o.a.h.StandardHugeGraph - Check olap property-key tables for graph 'DEFAULT-hugegraph'
2026-09-17 08:33:24 [main] [INFO] o.a.h.StandardHugeGraph - Restoring incomplete tasks for graph 'DEFAULT-hugegraph'...
2026-09-17 08:33:24 [main] [INFO] o.a.h.c.GraphManager - Unconfigured authenticator, please config auth.authenticator option in rest-server.properties, does not support role election currently
2026-09-17 08:33:24 [main] [INFO] o.a.h.s.RestServer - The maximum batch writing threads is 9 (total threads 12)
2026-09-17 08:33:24 [main] [INFO] o.a.h.s.RestServer - RestServer started
2026-09-17 08:33:24 [main] [INFO] o.a.t.g.s.GremlinServer - Executing start up LifeCycleHook
2026-09-17 08:33:24 [main] [INFO] o.a.t.g.s.GremlinServer - Executed once at startup of Gremlin Server.
2026-09-17 08:33:24 [main] [INFO] o.a.t.g.s.GremlinServer - idleConnectionTimeout was set to 0 which resolves to 0 seconds when configuring this value - this feature will be disabled
2026-09-17 08:33:24 [main] [INFO] o.a.t.g.s.GremlinServer - keepAliveInterval was set to 0 which resolves to 0 seconds when configuring this value - this feature will be disabled
2026-09-17 08:33:24 [main] [INFO] o.a.t.g.s.AbstractChannelizer - Configured application/vnd.graphbinary-v1.0 with org.apache.tinkerpop.gremlin.driver.ser.GraphBinaryMessageSerializerV1
2026-09-17 08:33:24 [main] [INFO] o.a.t.g.s.AbstractChannelizer - Configured application/json with org.apache.tinkerpop.gremlin.driver.ser.GraphSONMessageSerializerV1d0
2026-09-17 08:33:24 [main] [INFO] o.a.t.g.s.AbstractChannelizer - Configured application/vnd.gremlin-v2.0+json with org.apache.tinkerpop.gremlin.driver.ser.GraphSONMessageSerializerV2d0
2026-09-17 08:33:24 [main] [INFO] o.a.t.g.s.AbstractChannelizer - application/json already has org.apache.tinkerpop.gremlin.driver.ser.GraphSONMessageSerializerV1d0 configured - it will not be replaced by org.apache.tinkerpop.gremlin.driver.ser.GraphSONMessageSerializerV2d0, change order of serialization configuration if this is not desired.
2026-09-17 08:33:24 [main] [INFO] o.a.t.g.s.AbstractChannelizer - Configured application/vnd.gremlin-v3.0+json with org.apache.tinkerpop.gremlin.driver.ser.GraphSONMessageSerializerV3d0
2026-09-17 08:33:24 [main] [INFO] o.a.t.g.s.AbstractChannelizer - application/json already has org.apache.tinkerpop.gremlin.driver.ser.GraphSONMessageSerializerV1d0 configured - it will not be replaced by org.apache.tinkerpop.gremlin.driver.ser.GraphSONMessageSerializerV3d0, change order of serialization configuration if this is not desired.
2026-09-17 08:33:24 [main] [INFO] o.a.t.g.s.AbstractChannelizer - Configured application/vnd.graphbinary-v1.0 with org.apache.tinkerpop.gremlin.driver.ser.GraphBinaryMessageSerializerV1
2026-09-17 08:33:24 [main] [INFO] o.a.t.g.s.AbstractChannelizer - Configured application/json with org.apache.tinkerpop.gremlin.driver.ser.GraphSONMessageSerializerV1d0
2026-09-17 08:33:24 [main] [INFO] o.a.t.g.s.AbstractChannelizer - Configured application/vnd.gremlin-v2.0+json with org.apache.tinkerpop.gremlin.driver.ser.GraphSONMessageSerializerV2d0
2026-09-17 08:33:24 [main] [INFO] o.a.t.g.s.AbstractChannelizer - application/json already has org.apache.tinkerpop.gremlin.driver.ser.GraphSONMessageSerializerV1d0 configured - it will not be replaced by org.apache.tinkerpop.gremlin.driver.ser.GraphSONMessageSerializerV2d0, change order of serialization configuration if this is not desired.
2026-09-17 08:33:24 [main] [INFO] o.a.t.g.s.AbstractChannelizer - Configured application/vnd.gremlin-v3.0+json with org.apache.tinkerpop.gremlin.driver.ser.GraphSONMessageSerializerV3d0
2026-09-17 08:33:24 [main] [INFO] o.a.t.g.s.AbstractChannelizer - application/json already has org.apache.tinkerpop.gremlin.driver.ser.GraphSONMessageSerializerV1d0 configured - it will not be replaced by org.apache.tinkerpop.gremlin.driver.ser.GraphSONMessageSerializerV3d0, change order of serialization configuration if this is not desired.
2026-09-17 08:33:24 [gremlin-server-boss-1] [INFO] o.a.t.g.s.GremlinServer - Gremlin Server configured with worker thread pool of 1, gremlin pool of 6 and boss thread pool of 1.
2026-09-17 08:33:24 [gremlin-server-boss-1] [INFO] o.a.t.g.s.GremlinServer - Channel started at port 8182.
2026-09-17 08:33:24 [main] [WARN] o.a.h.c.HugeConfig - The config option 'arthas.telnet_port' is redundant, please ensure it has been registered
2026-09-17 08:33:24 [main] [WARN] o.a.h.c.HugeConfig - The config option 'arthas.http_port' is redundant, please ensure it has been registered
2026-09-17 08:33:24 [main] [WARN] o.a.h.c.HugeConfig - The config option 'arthas.disabled_commands' is redundant, please ensure it has been registered
2026-09-17 08:33:24 [main] [INFO] o.a.h.d.MemoryMonitor - Memory monitoring started.
2026-09-17 08:33:25 [hugegraph-server-shutdown] [INFO] o.a.h.d.HugeGraphServer - HugeGraphServer stopping
2026-09-17 08:33:25 [hugegraph-server-shutdown] [INFO] o.a.h.d.MemoryMonitor - Memory monitoring stopped.
2026-09-17 08:33:25 [gremlin-server-shutdown] [INFO] o.a.t.g.s.GremlinServer - Shutting down OpProcessor[]
2026-09-17 08:33:25 [gremlin-server-shutdown] [INFO] o.a.t.g.s.GremlinServer - Shutting down OpProcessor[cypher]
2026-09-17 08:33:25 [gremlin-server-shutdown] [INFO] o.a.t.g.s.GremlinServer - Shutting down OpProcessor[session]
2026-09-17 08:33:25 [gremlin-server-shutdown] [INFO] o.a.t.g.s.GremlinServer - Shutting down OpProcessor[traversal]
2026-09-17 08:33:25 [gremlin-server-shutdown] [INFO] o.a.t.g.s.GremlinServer - Shutting down thread pools.
2026-09-17 08:33:25 [gremlin-server-stop] [INFO] o.a.t.g.s.GremlinServer - Executing shutdown LifeCycleHook
2026-09-17 08:33:25 [gremlin-server-stop] [INFO] o.a.t.g.s.GremlinServer - Executed once at shutdown of Gremlin Server.
2026-09-17 08:33:27 [gremlin-server-stop] [INFO] o.a.h.StandardHugeGraph - Close graph standardhugegraph[DEFAULT-hugegraph]
2026-09-17 08:33:27 [gremlin-server-stop] [INFO] o.a.t.g.s.GremlinServer - Closed Graph instance [DEFAULT-hugegraph]
2026-09-17 08:33:27 [gremlin-server-stop] [INFO] o.a.t.g.s.GremlinServer - Gremlin Server - shutdown complete
2026-09-17 08:33:27 [hugegraph-server-shutdown] [INFO] o.a.h.d.HugeGraphServer - HugeGremlinServer stopped
2026-09-17 08:33:27 [hugegraph-server-shutdown] [INFO] o.a.h.d.HugeGraphServer - HugeRestServer stopped
2026-09-17 08:33:27 [hugegraph-server-shutdown] [INFO] o.a.h.HugeFactory - HugeFactory shutdown
2026-09-17 08:33:27 [hugegraph-server-shutdown] [INFO] o.a.h.d.HugeGraphServer - HugeGraph stopped
2026-09-17 08:33:27 [hugegraph-server-shutdown] [INFO] o.a.h.d.HugeGraphServer - HugeGraphServer stopped
2026-09-17 08:33:33 [main] [WARN] o.a.h.c.HugeConfig - The config option 'arthas.telnet_port' is redundant, please ensure it has been registered
2026-09-17 08:33:33 [main] [WARN] o.a.h.c.HugeConfig - The config option 'arthas.http_port' is redundant, please ensure it has been registered
2026-09-17 08:33:33 [main] [WARN] o.a.h.c.HugeConfig - The config option 'arthas.disabled_commands' is redundant, please ensure it has been registered
2026-09-17 08:33:33 [main] [INFO] c.j.m.Manifests - 103 attributes loaded from 324 stream(s) in 249ms, 103 saved, 4677 ignored: ["Agent-Class", "Ant-Version", "Archiver-Version", "Automatic-Module-Name", "Bnd-LastModified", "Build-Date", "Build-Id", "Build-Jdk", "Build-Jdk-Spec", "Build-Number", "Build-Tag", "Build-Timestamp", "Build-Version", "Built-By", "Built-JDK", "Bundle-ActivationPolicy", "Bundle-Activator", "Bundle-Category", "Bundle-ClassPath", "Bundle-ContactAddress", "Bundle-Description", "Bundle-Developers", "Bundle-DocURL", "Bundle-License", "Bundle-ManifestVersion", "Bundle-Name", "Bundle-NativeCode", "Bundle-RequiredExecutionEnvironment", "Bundle-SCM", "Bundle-SymbolicName", "Bundle-Vendor", "Bundle-Version", "Can-Redefine-Classes", "Can-Retransform-Classes", "Can-Set-Native-Method-Prefix", "Carl-Is-Awesome", "Class-Path", "Created-By", "DynamicImport-Package", "Eclipse-BuddyPolicy", "Eclipse-ExtensibleAPI", "Embed-Dependency", "Export-Package", "Extension-Name", "Extension-name", "Fragment-Host", "Git-Revision", "Git-Url", "Implementation-Build", "Implementation-Build-Date", "Implementation-Build-Id", "Implementation-Title", "Implementation-URL", "Implementation-Vendor", "Implementation-Vendor-Id", "Implementation-Version", "Import-Package", "Include-Resource", "JCabi-Build", "JCabi-Date", "JCabi-Version", "Java-Vendor", "Java-Version", "Log4jReleaseKey", "Log4jReleaseManager", "Log4jReleaseVersion", "Log4jReleaseVersionJava6", "Log4jReleaseVersionJava7", "Log4jSigningUserName", "Main-Class", "Major-Version", "Manifest-Version", "Multi-Release", "Originally-Created-By", "Os-Arch", "Os-Name", "Os-Version", "Package", "Premain-Class", "Private-Package", "Provide-Capability", "Require-Capability", "Scm-Connection", "Scm-Revision", "Scm-Url", "Source-Compatibility", "Specification-Title", "Specification-Vendor", "Specification-Version", "Target-Compatibility", "Time-Zone-Database-Version", "Tool", "X-Compile-Source-JDK", "X-Compile-Target-JDK", "artifactId", "groupId", "hash", "implementation-version", "mode", "package", "service", "url", "version"]
2026-09-17 08:33:33 [main] [INFO] o.a.h.d.HugeGremlinServer - 3.5.1
         \,,,/
         (o o)
-----oOOo-(3)-oOOo-----

2026-09-17 08:33:33 [main] [INFO] o.a.h.u.ConfigUtil - Scanning option 'graphs' directory './conf/graphs'
2026-09-17 08:33:33 [main] [INFO] o.a.h.d.HugeGremlinServer - Configuring Gremlin Server from /home/seba/hg-3203/hugegraph-server/dist-wait3203-hstore/conf/gremlin-server.yaml
2026-09-17 08:33:33 [main] [INFO] o.a.h.b.c.CacheManager - Init RamCache for 'schema-v2-id-DEFAULT-hugegraph' with capacity 10000
2026-09-17 08:33:33 [main] [INFO] o.a.h.b.c.CacheManager - Init RamCache for 'schema-v2-name-DEFAULT-hugegraph' with capacity 10000
2026-09-17 08:33:33 [main] [INFO] o.a.h.p.c.KvClient - wait for client starting....
2026-09-17 08:33:34 [main] [INFO] o.a.h.p.c.AbstractClient - AbstractClient connect to host = 192.168.80.235:8686 success
2026-09-17 08:33:34 [grpc-default-executor-0] [INFO] o.a.h.p.c.KvClient - set watch client id to :1373987689432785843
2026-09-17 08:33:34 [main] [INFO] o.a.h.p.c.PDClient - PDClient connect to host = 192.168.80.235:8686 success
2026-09-17 08:33:34 [main] [INFO] o.a.h.p.c.PDClient - PDClient enable cache, init PDWatch object
2026-09-17 08:33:34 [main] [INFO] o.a.h.p.c.PDClient - PDWatch client connect host:192.168.80.235:8686
2026-09-17 08:33:34 [pdcm-reconnect-0] [INFO] o.a.h.p.c.PDConnectionManager - [PDCM] Trying to force reconnect...
2026-09-17 08:33:34 [pdcm-reconnect-0] [INFO] o.a.h.p.c.PDConnectionManager - [PDCM] Force reconnection task...
2026-09-17 08:33:34 [reconnecting-server-pool-0] [INFO] o.a.h.p.c.i.PDPulseImpl2 - [PULSE] Try to reconnect server...
2026-09-17 08:33:34 [reconnecting-server-pool-0] [INFO] o.a.h.p.c.i.PDPulseImpl2 - [PULSE] The [ 1 ]th attempt to connect...
2026-09-17 08:33:34 [reconnecting-server-pool-0] [INFO] o.a.h.p.c.i.PDPulseImpl2 - [PULSE] Reconnect server successfully!
2026-09-17 08:33:35 [main] [INFO] o.c.o.l.Uns - OHC using JNA OS native malloc/free
2026-09-17 08:33:35 [main] [INFO] o.a.h.b.c.CacheManager - Init LevelCache for 'vertex-DEFAULT-hugegraph' with capacity 10000:10000000
2026-09-17 08:33:35 [main] [INFO] o.a.h.b.c.CacheManager - Init LevelCache for 'edge-DEFAULT-hugegraph' with capacity 1000:1000000
2026-09-17 08:33:35 [main] [INFO] o.a.h.t.TaskManager - Use distributed as the scheduler of graph (hugegraph)
2026-09-17 08:33:35 [main] [INFO] o.a.h.b.c.CacheManager - Init RamCache for 'users-auth' with capacity 10240
2026-09-17 08:33:35 [main] [INFO] o.a.h.b.c.CacheManager - Init RamCache for 'users_pwd-auth' with capacity 10240
2026-09-17 08:33:35 [main] [INFO] o.a.h.b.c.CacheManager - Init RamCache for 'token-auth' with capacity 10240
2026-09-17 08:33:35 [main] [INFO] o.a.t.g.s.u.DefaultGraphManager - Graph [DEFAULT-hugegraph] was successfully configured via [/home/seba/hg-3203/hugegraph-server/dist-wait3203-hstore/conf/graphs/hugegraph.properties].
2026-09-17 08:33:35 [main] [INFO] o.a.t.g.s.u.ServerGremlinExecutor - Initialized Gremlin thread pool.  Threads in pool named with pattern gremlin-*
2026-09-17 08:33:35 [main] [INFO] o.a.t.g.s.u.ServerGremlinExecutor - Initialized GremlinExecutor and preparing GremlinScriptEngines instances.
2026-09-17 08:33:37 [main] [INFO] o.a.t.g.s.u.ServerGremlinExecutor - Initialized gremlin-groovy GremlinScriptEngine and registered metrics
2026-09-17 08:33:37 [main] [INFO] o.a.t.g.s.o.OpLoader - Adding the cypher OpProcessor.
2026-09-17 08:33:37 [main] [INFO] o.a.t.g.s.o.OpLoader - Adding the standard OpProcessor.
2026-09-17 08:33:37 [main] [INFO] o.a.t.g.s.o.OpLoader - Adding the session OpProcessor.
2026-09-17 08:33:37 [main] [INFO] o.a.t.g.s.o.OpLoader - Adding the traversal OpProcessor.
2026-09-17 08:33:37 [main] [INFO] o.a.h.s.RestServer - RestServer starting...
2026-09-17 08:33:37 [main] [WARN] o.a.h.c.HugeConfig - The config option 'arthas.telnet_port' is redundant, please ensure it has been registered
2026-09-17 08:33:37 [main] [WARN] o.a.h.c.HugeConfig - The config option 'arthas.http_port' is redundant, please ensure it has been registered
2026-09-17 08:33:37 [main] [WARN] o.a.h.c.HugeConfig - The config option 'arthas.disabled_commands' is redundant, please ensure it has been registered
2026-09-17 08:33:38 [main] [INFO] o.a.h.c.GraphManager - Init graph manager
2026-09-17 08:33:42 [main] [INFO] o.a.h.c.GraphManager - Waiting for the PD cluster: 192.168.80.250:8686: UNAVAILABLE (16s left)
2026-09-17 08:33:48 [main] [INFO] o.a.h.c.GraphManager - Waiting for the PD cluster: 192.168.80.250:8686: UNAVAILABLE (10s left)
2026-09-17 08:33:54 [main] [INFO] o.a.h.c.GraphManager - Waiting for the PD cluster: 192.168.80.250:8686: UNAVAILABLE (4s left)
2026-09-17 08:33:59 [main] [INFO] o.a.t.g.s.GremlinServer - Shutting down OpProcessor[]
2026-09-17 08:33:59 [main] [INFO] o.a.t.g.s.GremlinServer - Shutting down OpProcessor[cypher]
2026-09-17 08:33:59 [main] [INFO] o.a.t.g.s.GremlinServer - Shutting down OpProcessor[session]
2026-09-17 08:33:59 [main] [INFO] o.a.t.g.s.GremlinServer - Shutting down OpProcessor[traversal]
2026-09-17 08:33:59 [main] [INFO] o.a.t.g.s.GremlinServer - Shutting down thread pools.
2026-09-17 08:33:59 [main] [ERROR] o.a.h.d.HugeGraphServer - HugeRestServer start error: 
org.apache.hugegraph.HugeException: Timed out after 20s waiting for the PD cluster to be ready (192.168.80.250:8686: UNAVAILABLE); start the stores first or raise pd.stores_wait_timeout
	at org.apache.hugegraph.core.GraphManager.waitForCluster(GraphManager.java:561) ~[hugegraph-api-1.7.0.jar:0.72.0.0]
	at org.apache.hugegraph.core.GraphManager.waitForActiveStores(GraphManager.java:515) ~[hugegraph-api-1.7.0.jar:0.72.0.0]
	at org.apache.hugegraph.core.GraphManager.<init>(GraphManager.java:255) ~[hugegraph-api-1.7.0.jar:0.72.0.0]
	at org.apache.hugegraph.server.ApplicationConfig$GraphManagerFactory$1.onEvent(ApplicationConfig.java:184) ~[hugegraph-api-1.7.0.jar:0.72.0.0]
	at org.glassfish.jersey.server.internal.monitoring.CompositeApplicationEventListener.onEvent(CompositeApplicationEventListener.java:49) ~[jersey-server-3.0.3.jar:?]
	at org.glassfish.jersey.server.internal.monitoring.MonitoringContainerListener.onStartup(MonitoringContainerListener.java:56) ~[jersey-server-3.0.3.jar:?]
	at org.glassfish.jersey.server.ApplicationHandler.onStartup(ApplicationHandler.java:711) ~[jersey-server-3.0.3.jar:?]
	at org.glassfish.jersey.grizzly2.httpserver.GrizzlyHttpContainer.start(GrizzlyHttpContainer.java:330) ~[jersey-container-grizzly2-http-3.0.3.jar:?]
	at org.glassfish.grizzly.http.server.HttpHandlerChain.start(HttpHandlerChain.java:376) ~[grizzly-http-server-3.0.1.jar:3.0.1]
	at org.glassfish.grizzly.http.server.HttpServer.setupHttpHandler(HttpServer.java:268) ~[grizzly-http-server-3.0.1.jar:3.0.1]
	at org.glassfish.grizzly.http.server.HttpServer.start(HttpServer.java:245) ~[grizzly-http-server-3.0.1.jar:3.0.1]
	at org.apache.hugegraph.server.RestServer.start(RestServer.java:70) ~[hugegraph-api-1.7.0.jar:0.72.0.0]
	at org.apache.hugegraph.server.RestServer.start(RestServer.java:177) ~[hugegraph-api-1.7.0.jar:0.72.0.0]
	at org.apache.hugegraph.dist.HugeRestServer.start(HugeRestServer.java:31) ~[hugegraph-dist-1.7.0.jar:1.7.0]
	at org.apache.hugegraph.dist.HugeGraphServer.<init>(HugeGraphServer.java:86) ~[hugegraph-dist-1.7.0.jar:1.7.0]
	at org.apache.hugegraph.dist.HugeGraphServer.main(HugeGraphServer.java:196) ~[hugegraph-dist-1.7.0.jar:1.7.0]
	at org.apache.hugegraph.bootstrap.HugeGraphServerBootstrap.main(HugeGraphServerBootstrap.java:77) ~[hugegraph-dist-1.7.0.jar:1.7.0]
2026-09-17 08:33:59 [gremlin-server-stop] [INFO] o.a.t.g.s.GremlinServer - Executing shutdown LifeCycleHook
2026-09-17 08:33:59 [gremlin-server-stop] [INFO] o.a.t.g.s.GremlinServer - Executed once at shutdown of Gremlin Server.
2026-09-17 08:34:01 [gremlin-server-stop] [INFO] o.a.h.StandardHugeGraph - Close graph standardhugegraph[DEFAULT-hugegraph]
2026-09-17 08:34:01 [gremlin-server-stop] [WARN] o.a.h.StandardHugeGraph - thread [main] did not close transaction
2026-09-17 08:34:01 [gremlin-server-stop] [WARN] o.a.t.g.s.GremlinServer - Exception while closing Graph instance [DEFAULT-hugegraph]
java.lang.IllegalStateException: Ensure tx closed in all threads when closing graph 'DEFAULT-hugegraph'
	at com.google.common.base.Preconditions.checkState(Preconditions.java:534) ~[guava-31.0.1-android.jar:?]
	at org.apache.hugegraph.util.E.checkState(E.java:64) ~[hugegraph-common-1.7.0.jar:1.7.0]
	at org.apache.hugegraph.StandardHugeGraph.close(StandardHugeGraph.java:1129) ~[hugegraph-core-1.7.0.jar:1.7.0]
	at org.apache.tinkerpop.gremlin.server.GremlinServer.lambda$null$7(GremlinServer.java:307) ~[gremlin-server-3.5.1.jar:3.5.1]
	at java.util.concurrent.ConcurrentHashMap$KeySetView.forEach(ConcurrentHashMap.java:4696) ~[?:?]
	at org.apache.tinkerpop.gremlin.server.GremlinServer.lambda$stop$8(GremlinServer.java:304) ~[gremlin-server-3.5.1.jar:3.5.1]
	at java.lang.Thread.run(Thread.java:829) [?:?]
2026-09-17 08:34:01 [gremlin-server-stop] [INFO] o.a.t.g.s.GremlinServer - Closed Graph instance [DEFAULT-hugegraph]
2026-09-17 08:34:01 [gremlin-server-stop] [INFO] o.a.t.g.s.GremlinServer - Gremlin Server - shutdown complete
2026-09-17 08:34:01 [main] [INFO] o.a.h.HugeFactory - HugeFactory shutdown
2026-09-17 08:34:01 [hugegraph-shutdown] [INFO] o.a.h.HugeFactory - HugeGraph is shutting down
