12:12:58 === baseline
12:13:59 RESULT baseline: PASS 180 samples, codes {200: 180}, p50 5 ms, p99 13 ms, cached ratio 0.62
12:14:09 === stores-zero
12:14:29 stores -> 0 at t=20.0
12:16:29 stores -> 3 at t=140.1
12:17:38 RESULT stores-zero: PASS per pod {"hugegraph-server-7d6fc85d58-5z5hs": {"readiness_503_after_fault_s": 1.0, "not_ready_after_fault_s": 25.0, "out_of_service_after_fault_s": 25.0, "readiness_200_after_back_s": 21.9, "ready_after_back_s": 31.9, "reasons_during_fault": ["none of 3 known store(s) answered: 3 store(s) did not answer within 1000 ms", "none of 3 known store(s) answered: a store failed: UNAVAILABLE; a store failed: DEADLINE_EXCEEDED; a store failed: DEADLINE_EXCEEDED", "none of 3 known store(s) answered: a store failed: UNAVAILABLE; a store failed: UNAVAILABLE; a store failed: UNAVAILABLE"]}, "hugegraph-server-7d6fc85d58-lbhgf": {"readiness_503_after_fault_s": 1.0, "not_ready_after_fault_s": 29.0, "out_of_service_after_fault_s": 33.0, "readiness_200_after_back_s": 21.9, "ready_after_back_s": 23.9, "reasons_during_fault": ["none of 3 known store(s) answered: 3 store(s) did not answer within 1000 ms", "none of 3 known store(s) answered: a store failed: UNAVAILABLE; a store failed: UNAVAILABLE; a store failed: UNAVAILABLE"]}, "hugegraph-server-7d6fc85d58-nbvr6": {"readiness_503_after_fault_s": 1.0, "not_ready_after_fault_s": 25.0, "out_of_service_after_fault_s": 25.0, "readiness_200_after_back_s": 21.9, "ready_after_back_s": 25.9, "reasons_during_fault": ["none of 3 known store(s) answered: 3 store(s) did not answer within 1000 ms", "none of 3 known store(s) answered: a store failed: DEADLINE_EXCEEDED; 2 store(s) did not answer within 1000 ms", "none of 3 known store(s) answered: a store failed: DEADLINE_EXCEEDED; a store failed: DEADLINE_EXCEEDED; a store failed: DEADLINE_EXCEEDED"]}}; min endpoints during fault 0; stores back Ready in 22.82008695602417s; load {'writes': {'requests': 755, 'failed': 564, 'first_failure_s': 41.0, 'last_failure_s': 154.1, 'max_latency_s': 30.7, 'codes': [0, 500]}, 'reads': {'requests': 755, 'failed': 564, 'first_failure_s': 41.0, 'last_failure_s': 154.1, 'max_latency_s': 0.3, 'codes': [0]}}
12:17:48 === store-one-down
12:18:08 store-1 force-deleted at t=20.0
12:19:02 RESULT store-one-down: PASS codes {200: 222}, transitions [], store back Ready in 22.830300092697144s, load {'writes': {'requests': 213, 'failed': 0, 'first_failure_s': None, 'last_failure_s': None, 'max_latency_s': 5.3, 'codes': []}, 'reads': {'requests': 213, 'failed': 0, 'first_failure_s': None, 'last_failure_s': None, 'max_latency_s': 4.1, 'codes': []}}
12:19:12 === store-roll
12:19:32 store rollout restart at t=20.0
12:21:16 RESULT store-roll: PASS codes {200: 372}, transitions [], answered stores ['3259356358697243292', '6386607161404282741', '6838705701474727512'], load {'writes': {'requests': 48, 'failed': 2, 'first_failure_s': 40.6, 'last_failure_s': 102.5, 'max_latency_s': 30.8, 'codes': [500]}, 'reads': {'requests': 48, 'failed': 2, 'first_failure_s': 71.5, 'last_failure_s': 112.8, 'max_latency_s': 31.0, 'codes': [500]}}
12:21:27 === pd-zero
12:21:47 pd -> 0 at t=20.0
12:23:17 pd -> 3 at t=110.1
12:24:41 RESULT pd-zero: PASS per pod {"hugegraph-server-7d6fc85d58-5z5hs": {"codes_during_fault": [200], "pd_unreachable_seen_after_s": 34.0, "pd_reachable_again_after_s": 20.9, "ready_cond_transitions": []}, "hugegraph-server-7d6fc85d58-lbhgf": {"codes_during_fault": [200], "pd_unreachable_seen_after_s": 61.0, "pd_reachable_again_after_s": 20.9, "ready_cond_transitions": []}, "hugegraph-server-7d6fc85d58-nbvr6": {"codes_during_fault": [200], "pd_unreachable_seen_after_s": 0.0, "pd_reachable_again_after_s": 25.9, "ready_cond_transitions": []}}; pd back Ready in 23.32703137397766s; load {'writes': {'requests': 244, 'failed': 2, 'first_failure_s': 37.1, 'last_failure_s': 100.9, 'max_latency_s': 30.3, 'codes': [500]}, 'reads': {'requests': 244, 'failed': 3, 'first_failure_s': 3.2, 'last_failure_s': 70.5, 'max_latency_s': 33.4, 'codes': [500]}}
12:24:51 === pd-roll
12:25:11 pd rollout restart at t=20.0
12:27:17 RESULT pd-roll: PASS codes {200: 438}, readiness transitions [], ready-condition transitions [], load {'writes': {'requests': 370, 'failed': 1, 'first_failure_s': 103.6, 'last_failure_s': 103.6, 'max_latency_s': 30.2, 'codes': [500]}, 'reads': {'requests': 370, 'failed': 0, 'first_failure_s': None, 'last_failure_s': None, 'max_latency_s': 3.7, 'codes': []}}
12:27:27 === store-freeze
12:27:48 SIGSTOP hugegraph-store-2 (leads {'hugegraph-store-2': 18, 'hugegraph-store-1': 4, 'hugegraph-store-0': 2}) pid 16 at t=20.0
12:28:48 SIGCONT skipped, the container was restarted by the liveness probe meanwhile: kubectl -n hugegraph exec hugegraph-store-2 -c store -- kill -CONT 1204
kill: (1
12:29:19 RESULT store-freeze: PASS victim hugegraph-store-2 leading {'hugegraph-store-2': 18, 'hugegraph-store-1': 4, 'hugegraph-store-0': 2}; codes {200: 333}; readiness transitions []; answered stores ['3259356358697243292', '6386607161404282741', '6838705701474727512']; load {'writes': {'requests': 221, 'failed': 1, 'first_failure_s': 40.9, 'last_failure_s': 40.9, 'max_latency_s': 30.4, 'codes': [500]}, 'reads': {'requests': 221, 'failed': 0, 'first_failure_s': None, 'last_failure_s': None, 'max_latency_s': 20.5, 'codes': []}}
