2026-09-12 17:00:55 [main] [WARN] o.a.h.c.HugeConfig - The config option 'arthas.telnet_port' is redundant, please ensure it has been registered
2026-09-12 17:00:55 [main] [WARN] o.a.h.c.HugeConfig - The config option 'arthas.http_port' is redundant, please ensure it has been registered
2026-09-12 17:00:55 [main] [WARN] o.a.h.c.HugeConfig - The config option 'arthas.disabled_commands' is redundant, please ensure it has been registered
2026-09-12 17:00:55 [main] [INFO] c.j.m.Manifests - 103 attributes loaded from 324 stream(s) in 228ms, 103 saved, 4677 ignored: ["Agent-Class", "Ant-Version", "Archiver-Version", "Automatic-Module-Name", "Bnd-LastModified", "Build-Date", "Build-Id", "Build-Jdk", "Build-Jdk-Spec", "Build-Number", "Build-Tag", "Build-Timestamp", "Build-Version", "Built-By", "Built-JDK", "Bundle-ActivationPolicy", "Bundle-Activator", "Bundle-Category", "Bundle-ClassPath", "Bundle-ContactAddress", "Bundle-Description", "Bundle-Developers", "Bundle-DocURL", "Bundle-License", "Bundle-ManifestVersion", "Bundle-Name", "Bundle-NativeCode", "Bundle-RequiredExecutionEnvironment", "Bundle-SCM", "Bundle-SymbolicName", "Bundle-Vendor", "Bundle-Version", "Can-Redefine-Classes", "Can-Retransform-Classes", "Can-Set-Native-Method-Prefix", "Carl-Is-Awesome", "Class-Path", "Created-By", "DynamicImport-Package", "Eclipse-BuddyPolicy", "Eclipse-ExtensibleAPI", "Embed-Dependency", "Export-Package", "Extension-Name", "Extension-name", "Fragment-Host", "Git-Revision", "Git-Url", "Implementation-Build", "Implementation-Build-Date", "Implementation-Build-Id", "Implementation-Title", "Implementation-URL", "Implementation-Vendor", "Implementation-Vendor-Id", "Implementation-Version", "Import-Package", "Include-Resource", "JCabi-Build", "JCabi-Date", "JCabi-Version", "Java-Vendor", "Java-Version", "Log4jReleaseKey", "Log4jReleaseManager", "Log4jReleaseVersion", "Log4jReleaseVersionJava6", "Log4jReleaseVersionJava7", "Log4jSigningUserName", "Main-Class", "Major-Version", "Manifest-Version", "Multi-Release", "Originally-Created-By", "Os-Arch", "Os-Name", "Os-Version", "Package", "Premain-Class", "Private-Package", "Provide-Capability", "Require-Capability", "Scm-Connection", "Scm-Revision", "Scm-Url", "Source-Compatibility", "Specification-Title", "Specification-Vendor", "Specification-Version", "Target-Compatibility", "Time-Zone-Database-Version", "Tool", "X-Compile-Source-JDK", "X-Compile-Target-JDK", "artifactId", "groupId", "hash", "implementation-version", "mode", "package", "service", "url", "version"]
2026-09-12 17:00:55 [main] [INFO] o.a.h.d.HugeGremlinServer - 3.5.1
         \,,,/
         (o o)
-----oOOo-(3)-oOOo-----

2026-09-12 17:00:55 [main] [INFO] o.a.h.u.ConfigUtil - Scanning option 'graphs' directory './conf/graphs'
2026-09-12 17:00:55 [main] [INFO] o.a.h.d.HugeGremlinServer - Configuring Gremlin Server from /home/seba/hg-master/hugegraph-server/dist-master-hstore/conf/gremlin-server.yaml
2026-09-12 17:00:56 [main] [INFO] o.a.h.b.c.CacheManager - Init RamCache for 'schema-v2-id-DEFAULT-hugegraph' with capacity 10000
2026-09-12 17:00:56 [main] [INFO] o.a.h.b.c.CacheManager - Init RamCache for 'schema-v2-name-DEFAULT-hugegraph' with capacity 10000
2026-09-12 17:00:56 [main] [INFO] o.a.h.p.c.KvClient - wait for client starting....
2026-09-12 17:00:56 [main] [INFO] o.a.h.p.c.AbstractClient - AbstractClient connect to host = 192.168.80.235:8686 success
2026-09-12 17:00:56 [grpc-default-executor-0] [INFO] o.a.h.p.c.KvClient - set watch client id to :3586572323680759078
2026-09-12 17:00:56 [main] [INFO] o.a.h.p.c.PDClient - PDClient connect to host = 192.168.80.235:8686 success
2026-09-12 17:00:56 [main] [INFO] o.a.h.p.c.PDClient - PDClient enable cache, init PDWatch object
2026-09-12 17:00:56 [main] [INFO] o.a.h.p.c.PDClient - PDWatch client connect host:192.168.80.235:8686
2026-09-12 17:00:56 [pdcm-reconnect-0] [INFO] o.a.h.p.c.PDConnectionManager - [PDCM] Trying to force reconnect...
2026-09-12 17:00:56 [pdcm-reconnect-0] [INFO] o.a.h.p.c.PDConnectionManager - [PDCM] Force reconnection task...
2026-09-12 17:00:56 [reconnecting-server-pool-0] [INFO] o.a.h.p.c.i.PDPulseImpl2 - [PULSE] Try to reconnect server...
2026-09-12 17:00:56 [reconnecting-server-pool-0] [INFO] o.a.h.p.c.i.PDPulseImpl2 - [PULSE] The [ 1 ]th attempt to connect...
2026-09-12 17:00:56 [reconnecting-server-pool-0] [INFO] o.a.h.p.c.i.PDPulseImpl2 - [PULSE] Reconnect server successfully!
2026-09-12 17:00:57 [main] [INFO] o.c.o.l.Uns - OHC using JNA OS native malloc/free
2026-09-12 17:00:57 [main] [INFO] o.a.h.b.c.CacheManager - Init LevelCache for 'vertex-DEFAULT-hugegraph' with capacity 10000:10000000
2026-09-12 17:00:57 [main] [INFO] o.a.h.b.c.CacheManager - Init LevelCache for 'edge-DEFAULT-hugegraph' with capacity 1000:1000000
2026-09-12 17:00:57 [main] [INFO] o.a.h.t.TaskManager - Use distributed as the scheduler of graph (hugegraph)
2026-09-12 17:00:57 [main] [INFO] o.a.h.b.c.CacheManager - Init RamCache for 'users-auth' with capacity 10240
2026-09-12 17:00:57 [main] [INFO] o.a.h.b.c.CacheManager - Init RamCache for 'users_pwd-auth' with capacity 10240
2026-09-12 17:00:57 [main] [INFO] o.a.h.b.c.CacheManager - Init RamCache for 'token-auth' with capacity 10240
2026-09-12 17:00:57 [main] [INFO] o.a.t.g.s.u.DefaultGraphManager - Graph [DEFAULT-hugegraph] was successfully configured via [/home/seba/hg-master/hugegraph-server/dist-master-hstore/conf/graphs/hugegraph.properties].
2026-09-12 17:00:57 [main] [INFO] o.a.t.g.s.u.ServerGremlinExecutor - Initialized Gremlin thread pool.  Threads in pool named with pattern gremlin-*
2026-09-12 17:00:58 [main] [INFO] o.a.t.g.s.u.ServerGremlinExecutor - Initialized GremlinExecutor and preparing GremlinScriptEngines instances.
2026-09-12 17:00:59 [main] [INFO] o.a.t.g.s.u.ServerGremlinExecutor - Initialized gremlin-groovy GremlinScriptEngine and registered metrics
2026-09-12 17:00:59 [main] [INFO] o.a.t.g.s.o.OpLoader - Adding the cypher OpProcessor.
2026-09-12 17:00:59 [main] [INFO] o.a.t.g.s.o.OpLoader - Adding the standard OpProcessor.
2026-09-12 17:01:00 [main] [INFO] o.a.t.g.s.o.OpLoader - Adding the session OpProcessor.
2026-09-12 17:01:00 [main] [INFO] o.a.t.g.s.o.OpLoader - Adding the traversal OpProcessor.
2026-09-12 17:01:00 [main] [INFO] o.a.h.s.RestServer - RestServer starting...
2026-09-12 17:01:00 [main] [WARN] o.a.h.c.HugeConfig - The config option 'arthas.telnet_port' is redundant, please ensure it has been registered
2026-09-12 17:01:00 [main] [WARN] o.a.h.c.HugeConfig - The config option 'arthas.http_port' is redundant, please ensure it has been registered
2026-09-12 17:01:00 [main] [WARN] o.a.h.c.HugeConfig - The config option 'arthas.disabled_commands' is redundant, please ensure it has been registered
2026-09-12 17:01:01 [main] [INFO] o.a.h.c.GraphManager - Init graph manager
2026-09-12 17:01:01 [main] [INFO] o.a.h.p.c.PDClient - PDClient connect to host = 192.168.80.235:8686 success
2026-09-12 17:01:01 [main] [INFO] o.a.h.p.c.PDClient - PDClient enable cache, init PDWatch object
2026-09-12 17:01:01 [main] [INFO] o.a.h.p.c.PDClient - PDWatch client connect host:192.168.80.235:8686
2026-09-12 17:01:01 [pdcm-reconnect-0] [INFO] o.a.h.p.c.PDConnectionManager - [PDCM] Trying to force reconnect...
2026-09-12 17:01:01 [pdcm-reconnect-0] [INFO] o.a.h.p.c.PDConnectionManager - [PDCM] Force reconnection task...
2026-09-12 17:01:01 [reconnecting-server-pool-0] [INFO] o.a.h.p.c.i.PDPulseImpl2 - [PULSE] Try to reconnect server...
2026-09-12 17:01:01 [reconnecting-server-pool-0] [INFO] o.a.h.p.c.i.PDPulseImpl2 - [PULSE] The [ 1 ]th attempt to connect...
2026-09-12 17:01:01 [reconnecting-server-pool-0] [INFO] o.a.h.p.c.i.PDPulseImpl2 - [PULSE] Reconnect server successfully!
2026-09-12 17:01:01 [main] [WARN] o.a.h.c.HugeConfig - The config option 'creator' is redundant, please ensure it has been registered
2026-09-12 17:01:01 [main] [WARN] o.a.h.c.HugeConfig - The config option 'create_time' is redundant, please ensure it has been registered
2026-09-12 17:01:01 [main] [WARN] o.a.h.c.HugeConfig - The config option 'update_time' is redundant, please ensure it has been registered
2026-09-12 17:01:01 [main] [WARN] o.a.h.c.HugeConfig - The config option 'nickname' is redundant, please ensure it has been registered
2026-09-12 17:01:01 [main] [INFO] o.a.h.b.c.CacheManager - Init RamCache for 'schema-v2-id-DEFAULT-~sys_graph' with capacity 10000
2026-09-12 17:01:01 [main] [INFO] o.a.h.b.c.CacheManager - Init RamCache for 'schema-v2-name-DEFAULT-~sys_graph' with capacity 10000
2026-09-12 17:01:01 [main] [INFO] o.a.h.b.c.CacheManager - Init LevelCache for 'vertex-DEFAULT-~sys_graph' with capacity 10000:10000000
2026-09-12 17:01:01 [main] [INFO] o.a.h.b.c.CacheManager - Init LevelCache for 'edge-DEFAULT-~sys_graph' with capacity 1000:1000000
2026-09-12 17:01:01 [main] [INFO] o.a.h.t.TaskManager - Use distributed as the scheduler of graph (~sys_graph)
2026-09-12 17:01:01 [main] [ERROR] o.a.h.s.c.HgStoreNodePartitionerImpl - An error occurred while getting partition information :PD request error, error code = 102, msg = There is no any online store
2026-09-12 17:01:01 [main] [INFO] o.a.h.s.c.NodeTxExecutor - Waiting 1 seconds for the next try.
2026-09-12 17:01:02 [main] [ERROR] o.a.h.s.c.HgStoreNodePartitionerImpl - An error occurred while getting partition information :PD request error, error code = 102, msg = There is no any online store
2026-09-12 17:01:02 [main] [INFO] o.a.h.s.c.NodeTxExecutor - Waiting 1 seconds for the next try.
2026-09-12 17:01:03 [main] [ERROR] o.a.h.s.c.HgStoreNodePartitionerImpl - An error occurred while getting partition information :PD request error, error code = 102, msg = There is no any online store
2026-09-12 17:01:03 [main] [INFO] o.a.h.s.c.NodeTxExecutor - Waiting 1 seconds for the next try.
2026-09-12 17:01:04 [grpc-default-executor-2] [INFO] o.a.h.p.c.PDClient - PDClient receive store event NODE_ONLINE 716ef49511321f32
2026-09-12 17:01:04 [grpc-default-executor-4] [INFO] o.a.h.p.c.PDClient - PDClient receive store event NODE_ONLINE 716ef49511321f32
2026-09-12 17:01:04 [main] [ERROR] o.a.h.s.c.HgStoreNodePartitionerImpl - An error occurred while getting partition information :PD request error, error code = 105, msg = The number of active stores is less then 3
2026-09-12 17:01:04 [main] [INFO] o.a.h.s.c.NodeTxExecutor - Waiting 2 seconds for the next try.
2026-09-12 17:01:07 [main] [ERROR] o.a.h.s.c.HgStoreNodePartitionerImpl - An error occurred while getting partition information :PD request error, error code = 105, msg = The number of active stores is less then 3
2026-09-12 17:01:07 [main] [INFO] o.a.h.s.c.NodeTxExecutor - Waiting 3 seconds for the next try.
2026-09-12 17:01:10 [main] [ERROR] o.a.h.s.c.HgStoreNodePartitionerImpl - An error occurred while getting partition information :PD request error, error code = 105, msg = The number of active stores is less then 3
2026-09-12 17:01:10 [main] [INFO] o.a.h.s.c.NodeTxExecutor - Waiting 4 seconds for the next try.
2026-09-12 17:01:14 [main] [ERROR] o.a.h.s.c.HgStoreNodePartitionerImpl - An error occurred while getting partition information :PD request error, error code = 105, msg = The number of active stores is less then 3
2026-09-12 17:01:14 [main] [INFO] o.a.h.s.c.NodeTxExecutor - Waiting 5 seconds for the next try.
2026-09-12 17:01:19 [main] [ERROR] o.a.h.s.c.HgStoreNodePartitionerImpl - An error occurred while getting partition information :PD request error, error code = 105, msg = The number of active stores is less then 3
2026-09-12 17:01:19 [main] [INFO] o.a.h.s.c.NodeTxExecutor - Waiting 6 seconds for the next try.
2026-09-12 17:01:25 [main] [ERROR] o.a.h.s.c.HgStoreNodePartitionerImpl - An error occurred while getting partition information :PD request error, error code = 105, msg = The number of active stores is less then 3
2026-09-12 17:01:25 [main] [INFO] o.a.h.s.c.NodeTxExecutor - Waiting 7 seconds for the next try.
2026-09-12 17:01:25 [grpc-default-executor-4] [INFO] o.a.h.p.c.PDClient - PDClient receive store event NODE_ONLINE 20c331a692dd880
2026-09-12 17:01:25 [grpc-default-executor-2] [INFO] o.a.h.p.c.PDClient - PDClient receive store event NODE_ONLINE 20c331a692dd880
2026-09-12 17:01:25 [grpc-default-executor-4] [INFO] o.a.h.p.c.PDClient - PDClient receive store event NODE_ONLINE 5653563caa30aa8a
2026-09-12 17:01:25 [grpc-default-executor-2] [INFO] o.a.h.p.c.PDClient - PDClient receive store event NODE_ONLINE 5653563caa30aa8a
2026-09-12 17:01:32 [main] [INFO] o.a.h.s.c.u.HgStoreClientConfig - grpc.timeout.seconds = 100
2026-09-12 17:01:32 [main] [INFO] o.a.h.s.c.u.HgStoreClientConfig - grpc.max.inbound.message.size = 1073741824
2026-09-12 17:01:32 [main] [INFO] o.a.h.s.c.u.HgStoreClientConfig - grpc.max.outbound.message.size = 1073741824
2026-09-12 17:01:32 [main] [INFO] o.a.h.s.c.u.HgStoreClientConfig - net.kv.scanner.page.size = 10000
2026-09-12 17:01:32 [main] [INFO] o.a.h.s.c.u.HgStoreClientConfig - net.kv.scanner.have.next.timeout = 1800
2026-09-12 17:01:32 [task-db-worker-1] [INFO] o.a.h.p.c.PDClient - PDClient connect to host = 192.168.80.235:8686 success
2026-09-12 17:01:32 [task-db-worker-1] [INFO] o.a.h.p.c.PDClient - PDClient enable cache, init PDWatch object
2026-09-12 17:01:32 [task-db-worker-1] [INFO] o.a.h.p.c.PDClient - PDWatch client connect host:192.168.80.235:8686
2026-09-12 17:01:32 [pdcm-reconnect-0] [INFO] o.a.h.p.c.PDConnectionManager - [PDCM] Trying to force reconnect...
2026-09-12 17:01:32 [pdcm-reconnect-0] [INFO] o.a.h.p.c.PDConnectionManager - [PDCM] Force reconnection task...
2026-09-12 17:01:32 [reconnecting-server-pool-0] [INFO] o.a.h.p.c.i.PDPulseImpl2 - [PULSE] Try to reconnect server...
2026-09-12 17:01:32 [reconnecting-server-pool-0] [INFO] o.a.h.p.c.i.PDPulseImpl2 - [PULSE] The [ 1 ]th attempt to connect...
2026-09-12 17:01:32 [reconnecting-server-pool-0] [INFO] o.a.h.p.c.i.PDPulseImpl2 - [PULSE] Reconnect server successfully!
2026-09-12 17:01:33 [main] [INFO] o.a.h.StandardHugeGraph - Graph 'DEFAULT-~sys_graph' has been initialized
2026-09-12 17:01:33 [main] [INFO] o.a.h.StandardHugeGraph - Init system info for graph 'DEFAULT-~sys_graph'
2026-09-12 17:01:33 [main] [INFO] o.a.h.StandardHugeGraph - Check olap property-key tables for graph 'DEFAULT-~sys_graph'
2026-09-12 17:01:33 [main] [INFO] o.a.h.StandardHugeGraph - Restoring incomplete tasks for graph 'DEFAULT-~sys_graph'...
2026-09-12 17:01:33 [main] [INFO] o.a.h.c.GraphManager - Success to register service to pd
2026-09-12 17:01:33 [main] [INFO] o.a.h.u.ConfigUtil - Scanning option 'graphs' directory './conf/graphs'
2026-09-12 17:01:33 [main] [INFO] o.a.h.c.GraphManager - Graph 'hugegraph' was successfully configured via '/home/seba/hg-master/hugegraph-server/dist-master-hstore/conf/graphs/hugegraph.properties'
2026-09-12 17:01:33 [main] [INFO] o.a.h.c.GraphManager - RpcServer is not enabled, skip starting rpc service
2026-09-12 17:01:33 [main] [INFO] o.a.h.c.GraphManager - RpcServer is not enabled, skip wait graphs ready
2026-09-12 17:01:33 [main] [INFO] o.a.h.c.GraphManager - Check backend version
2026-09-12 17:01:33 [main] [INFO] o.a.h.StandardHugeGraph - Init system info for graph 'DEFAULT-hugegraph'
2026-09-12 17:01:33 [main] [INFO] o.a.h.StandardHugeGraph - Check olap property-key tables for graph 'DEFAULT-hugegraph'
2026-09-12 17:01:33 [main] [INFO] o.a.h.StandardHugeGraph - Restoring incomplete tasks for graph 'DEFAULT-hugegraph'...
2026-09-12 17:01:33 [main] [INFO] o.a.h.c.GraphManager - Unconfigured authenticator, please config auth.authenticator option in rest-server.properties, does not support role election currently
2026-09-12 17:01:33 [main] [INFO] o.a.h.s.RestServer - The maximum batch writing threads is 12 (total threads 16)
2026-09-12 17:01:33 [main] [INFO] o.a.h.s.RestServer - RestServer started
2026-09-12 17:01:33 [main] [INFO] o.a.t.g.s.GremlinServer - Executing start up LifeCycleHook
2026-09-12 17:01:33 [main] [INFO] o.a.t.g.s.GremlinServer - Executed once at startup of Gremlin Server.
2026-09-12 17:01:33 [main] [INFO] o.a.t.g.s.GremlinServer - idleConnectionTimeout was set to 0 which resolves to 0 seconds when configuring this value - this feature will be disabled
2026-09-12 17:01:33 [main] [INFO] o.a.t.g.s.GremlinServer - keepAliveInterval was set to 0 which resolves to 0 seconds when configuring this value - this feature will be disabled
2026-09-12 17:01:33 [main] [INFO] o.a.t.g.s.AbstractChannelizer - Configured application/vnd.graphbinary-v1.0 with org.apache.tinkerpop.gremlin.driver.ser.GraphBinaryMessageSerializerV1
2026-09-12 17:01:33 [main] [INFO] o.a.t.g.s.AbstractChannelizer - Configured application/json with org.apache.tinkerpop.gremlin.driver.ser.GraphSONMessageSerializerV1d0
2026-09-12 17:01:33 [main] [INFO] o.a.t.g.s.AbstractChannelizer - Configured application/vnd.gremlin-v2.0+json with org.apache.tinkerpop.gremlin.driver.ser.GraphSONMessageSerializerV2d0
2026-09-12 17:01:33 [main] [INFO] o.a.t.g.s.AbstractChannelizer - application/json already has org.apache.tinkerpop.gremlin.driver.ser.GraphSONMessageSerializerV1d0 configured - it will not be replaced by org.apache.tinkerpop.gremlin.driver.ser.GraphSONMessageSerializerV2d0, change order of serialization configuration if this is not desired.
2026-09-12 17:01:33 [main] [INFO] o.a.t.g.s.AbstractChannelizer - Configured application/vnd.gremlin-v3.0+json with org.apache.tinkerpop.gremlin.driver.ser.GraphSONMessageSerializerV3d0
2026-09-12 17:01:33 [main] [INFO] o.a.t.g.s.AbstractChannelizer - application/json already has org.apache.tinkerpop.gremlin.driver.ser.GraphSONMessageSerializerV1d0 configured - it will not be replaced by org.apache.tinkerpop.gremlin.driver.ser.GraphSONMessageSerializerV3d0, change order of serialization configuration if this is not desired.
2026-09-12 17:01:33 [main] [INFO] o.a.t.g.s.AbstractChannelizer - Configured application/vnd.graphbinary-v1.0 with org.apache.tinkerpop.gremlin.driver.ser.GraphBinaryMessageSerializerV1
2026-09-12 17:01:33 [main] [INFO] o.a.t.g.s.AbstractChannelizer - Configured application/json with org.apache.tinkerpop.gremlin.driver.ser.GraphSONMessageSerializerV1d0
2026-09-12 17:01:33 [main] [INFO] o.a.t.g.s.AbstractChannelizer - Configured application/vnd.gremlin-v2.0+json with org.apache.tinkerpop.gremlin.driver.ser.GraphSONMessageSerializerV2d0
2026-09-12 17:01:33 [main] [INFO] o.a.t.g.s.AbstractChannelizer - application/json already has org.apache.tinkerpop.gremlin.driver.ser.GraphSONMessageSerializerV1d0 configured - it will not be replaced by org.apache.tinkerpop.gremlin.driver.ser.GraphSONMessageSerializerV2d0, change order of serialization configuration if this is not desired.
2026-09-12 17:01:33 [main] [INFO] o.a.t.g.s.AbstractChannelizer - Configured application/vnd.gremlin-v3.0+json with org.apache.tinkerpop.gremlin.driver.ser.GraphSONMessageSerializerV3d0
2026-09-12 17:01:33 [main] [INFO] o.a.t.g.s.AbstractChannelizer - application/json already has org.apache.tinkerpop.gremlin.driver.ser.GraphSONMessageSerializerV1d0 configured - it will not be replaced by org.apache.tinkerpop.gremlin.driver.ser.GraphSONMessageSerializerV3d0, change order of serialization configuration if this is not desired.
2026-09-12 17:01:33 [gremlin-server-boss-1] [INFO] o.a.t.g.s.GremlinServer - Gremlin Server configured with worker thread pool of 1, gremlin pool of 8 and boss thread pool of 1.
2026-09-12 17:01:33 [gremlin-server-boss-1] [INFO] o.a.t.g.s.GremlinServer - Channel started at port 8182.
2026-09-12 17:01:33 [main] [WARN] o.a.h.c.HugeConfig - The config option 'arthas.telnet_port' is redundant, please ensure it has been registered
2026-09-12 17:01:33 [main] [WARN] o.a.h.c.HugeConfig - The config option 'arthas.http_port' is redundant, please ensure it has been registered
2026-09-12 17:01:33 [main] [WARN] o.a.h.c.HugeConfig - The config option 'arthas.disabled_commands' is redundant, please ensure it has been registered
2026-09-12 17:01:34 [main] [INFO] o.a.h.d.MemoryMonitor - Memory monitoring started.
