/schema/propertykeys 400 {"exception":"class org.apache.hugegraph.exception.ExistedException","message":"
/schema/vertexlabels 400 {"exception":"class org.apache.hugegraph.exception.ExistedException","message":"
0 vertices, 0s, fails 0
100000 vertices, 5s, fails 0
200000 vertices, 11s, fails 0
300000 vertices, 17s, fails 0
400000 vertices, 23s, fails 0
500000 vertices, 28s, fails 0
600000 vertices, 33s, fails 0
700000 vertices, 38s, fails 0
800000 vertices, 43s, fails 0
900000 vertices, 48s, fails 0
1000000 vertices, 54s, fails 0
1100000 vertices, 59s, fails 0
1200000 vertices, 64s, fails 0
1300000 vertices, 69s, fails 0
1400000 vertices, 74s, fails 0
1500000 vertices, 79s, fails 0
1600000 vertices, 84s, fails 0
1700000 vertices, 89s, fails 0
1800000 vertices, 94s, fails 0
1900000 vertices, 99s, fails 0
2000000 vertices, 104s, fails 0
2100000 vertices, 108s, fails 0
2200000 vertices, 113s, fails 0
2300000 vertices, 118s, fails 0
fail 2358000 500 {"exception":"class org.apache.hugegraph.store.client.type.HgStoreClientException","message":"{sessionInfo: {storeNodeSe
2400000 vertices, 155s, fails 1
2500000 vertices, 183s, fails 1
2600000 vertices, 189s, fails 1
fail 2659000 500 {"exception":"class org.apache.hugegraph.store.client.type.HgStoreClientException","message":"Interrupted while waiting 
fail 2660000 500 {"exception":"class org.apache.hugegraph.store.client.type.HgStoreClientException","message":"Interrupted while waiting 
fail 2691000 500 {"exception":"class org.apache.hugegraph.store.client.type.HgStoreClientException","message":"Interrupted while waiting 
2700000 vertices, 291s, fails 4
fail 2749000 500 {"exception":"class org.apache.hugegraph.store.client.type.HgStoreClientException","message":"Interrupted while waiting 
fail 2800000 500 {"exception":"class org.apache.hugegraph.store.client.type.HgStoreClientException","message":"{sessionInfo: {storeNodeSe
2800000 vertices, 372s, fails 6
fail 2801000 500 {"exception":"class org.apache.hugegraph.store.client.type.HgStoreClientException","message":"Interrupted while waiting 
fail 2802000 500 {"exception":"class org.apache.hugegraph.store.client.type.HgStoreClientException","message":"Interrupted while waiting 
fail 2803000 500 {"exception":"class org.apache.hugegraph.store.client.type.HgStoreClientException","message":"{sessionInfo: {storeNodeSe
fail 2825000 500 {"exception":"class org.apache.hugegraph.store.client.type.HgStoreClientException","message":"Interrupted while waiting 
fail 2826000 500 {"exception":"class org.apache.hugegraph.store.client.type.HgStoreClientException","message":"Interrupted while waiting 
fail 2827000 500 {"exception":"class org.apache.hugegraph.store.client.type.HgStoreClientException","message":"Interrupted while waiting 
fail 2828000 500 {"exception":"class org.apache.hugegraph.store.client.type.HgStoreClientException","message":"{sessionInfo: {storeNodeSe
fail 2829000 500 {"exception":"class org.apache.hugegraph.store.client.type.HgStoreClientException","message":"Interrupted while waiting 
fail 2830000 0 <urlopen error [Errno 111] Connection refused>
fail 2831000 0 <urlopen error [Errno 111] Connection refused>
fail 2832000 0 <urlopen error [Errno 111] Connection refused>
fail 2833000 0 <urlopen error [Errno 111] Connection refused>
fail 2834000 0 <urlopen error [Errno 111] Connection refused>
fail 2835000 0 <urlopen error [Errno 111] Connection refused>
fail 2836000 0 <urlopen error [Errno 111] Connection refused>
fail 2837000 0 <urlopen error [Errno 111] Connection refused>
fail 2838000 0 <urlopen error [Errno 111] Connection refused>
fail 2839000 0 <urlopen error [Errno 111] Connection refused>
fail 2840000 0 <urlopen error [Errno 111] Connection refused>
fail 2841000 0 <urlopen error [Errno 111] Connection refused>
fail 2842000 0 <urlopen error [Errno 111] Connection refused>
fail 2843000 0 <urlopen error [Errno 111] Connection refused>
fail 2844000 0 <urlopen error [Errno 111] Connection refused>
fail 2845000 0 <urlopen error [Errno 111] Connection refused>
fail 2846000 0 <urlopen error [Errno 111] Connection refused>
fail 2847000 0 <urlopen error [Errno 111] Connection refused>
fail 2848000 0 <urlopen error [Errno 111] Connection refused>
fail 2849000 0 <urlopen error [Errno 111] Connection refused>
fail 2850000 0 <urlopen error [Errno 111] Connection refused>
fail 2851000 0 <urlopen error [Errno 111] Connection refused>
fail 2852000 0 <urlopen error [Errno 111] Connection refused>
fail 2853000 0 <urlopen error [Errno 111] Connection refused>
fail 2854000 0 <urlopen error [Errno 111] Connection refused>
fail 2855000 0 <urlopen error [Errno 111] Connection refused>
fail 2856000 0 <urlopen error [Errno 111] Connection refused>
fail 2857000 0 <urlopen error [Errno 111] Connection refused>
fail 2858000 0 <urlopen error [Errno 111] Connection refused>
fail 2859000 0 <urlopen error [Errno 111] Connection refused>
fail 2860000 0 <urlopen error [Errno 111] Connection refused>
fail 2861000 0 <urlopen error [Errno 111] Connection refused>
fail 2862000 0 <urlopen error [Errno 111] Connection refused>
fail 2863000 0 <urlopen error [Errno 111] Connection refused>
fail 2864000 0 <urlopen error [Errno 111] Connection refused>
fail 2865000 0 <urlopen error [Errno 111] Connection refused>
fail 2866000 0 <urlopen error [Errno 111] Connection refused>
fail 2867000 0 <urlopen error [Errno 111] Connection refused>
fail 2868000 0 <urlopen error [Errno 111] Connection refused>
fail 2869000 0 <urlopen error [Errno 111] Connection refused>
fail 2870000 0 <urlopen error [Errno 111] Connection refused>
fail 2871000 0 <urlopen error [Errno 111] Connection refused>
fail 2872000 0 <urlopen error [Errno 111] Connection refused>
fail 2873000 0 <urlopen error [Errno 111] Connection refused>
fail 2874000 0 <urlopen error [Errno 111] Connection refused>
fail 2875000 0 <urlopen error [Errno 111] Connection refused>
fail 2876000 0 <urlopen error [Errno 111] Connection refused>
fail 2877000 0 <urlopen error [Errno 111] Connection refused>
fail 2878000 0 <urlopen error [Errno 111] Connection refused>
fail 2879000 0 <urlopen error [Errno 111] Connection refused>
fail 2880000 0 <urlopen error [Errno 111] Connection refused>
fail 2881000 0 <urlopen error [Errno 111] Connection refused>
fail 2882000 0 <urlopen error [Errno 111] Connection refused>
fail 2883000 0 <urlopen error [Errno 111] Connection refused>
fail 2884000 0 <urlopen error [Errno 111] Connection refused>
fail 2885000 0 <urlopen error [Errno 111] Connection refused>
fail 2886000 0 <urlopen error [Errno 111] Connection refused>
fail 2887000 0 <urlopen error [Errno 111] Connection refused>
fail 2888000 0 <urlopen error [Errno 111] Connection refused>
fail 2889000 0 <urlopen error [Errno 111] Connection refused>
fail 2890000 0 <urlopen error [Errno 111] Connection refused>
fail 2891000 0 <urlopen error [Errno 111] Connection refused>
fail 2892000 0 <urlopen error [Errno 111] Connection refused>
fail 2893000 0 <urlopen error [Errno 111] Connection refused>
fail 2894000 0 <urlopen error [Errno 111] Connection refused>
fail 2895000 0 <urlopen error [Errno 111] Connection refused>
fail 2896000 0 <urlopen error [Errno 111] Connection refused>
fail 2897000 0 <urlopen error [Errno 111] Connection refused>
fail 2898000 0 <urlopen error [Errno 111] Connection refused>
fail 2899000 0 <urlopen error [Errno 111] Connection refused>
fail 2900000 0 <urlopen error [Errno 111] Connection refused>
2900000 vertices, 668s, fails 85
fail 2901000 0 <urlopen error [Errno 111] Connection refused>
fail 2902000 0 <urlopen error [Errno 111] Connection refused>
fail 2903000 0 <urlopen error [Errno 111] Connection refused>
fail 2904000 0 <urlopen error [Errno 111] Connection refused>
fail 2905000 0 <urlopen error [Errno 111] Connection refused>
fail 2906000 0 <urlopen error [Errno 111] Connection refused>
fail 2907000 0 <urlopen error [Errno 111] Connection refused>
fail 2908000 0 <urlopen error [Errno 111] Connection refused>
fail 2909000 0 <urlopen error [Errno 111] Connection refused>
fail 2910000 0 <urlopen error [Errno 111] Connection refused>
fail 2911000 0 <urlopen error [Errno 111] Connection refused>
fail 2912000 0 <urlopen error [Errno 111] Connection refused>
fail 2913000 0 <urlopen error [Errno 111] Connection refused>
fail 2914000 0 <urlopen error [Errno 111] Connection refused>
fail 2915000 0 <urlopen error [Errno 111] Connection refused>
fail 2916000 0 <urlopen error [Errno 111] Connection refused>
fail 2917000 0 <urlopen error [Errno 111] Connection refused>
fail 2918000 0 <urlopen error [Errno 111] Connection refused>
fail 2919000 0 <urlopen error [Errno 111] Connection refused>
fail 2920000 0 <urlopen error [Errno 111] Connection refused>
fail 2921000 0 <urlopen error [Errno 111] Connection refused>
fail 2922000 0 <urlopen error [Errno 111] Connection refused>
fail 2923000 0 <urlopen error [Errno 111] Connection refused>
fail 2924000 0 <urlopen error [Errno 111] Connection refused>
fail 2925000 0 <urlopen error [Errno 111] Connection refused>
fail 2926000 0 <urlopen error [Errno 111] Connection refused>
fail 2927000 0 <urlopen error [Errno 111] Connection refused>
fail 2928000 0 <urlopen error [Errno 111] Connection refused>
fail 2929000 0 <urlopen error [Errno 111] Connection refused>
fail 2930000 0 <urlopen error [Errno 111] Connection refused>
fail 2931000 0 <urlopen error [Errno 111] Connection refused>
fail 2932000 0 <urlopen error [Errno 111] Connection refused>
fail 2933000 0 <urlopen error [Errno 111] Connection refused>
fail 2934000 0 <urlopen error [Errno 111] Connection refused>
fail 2935000 0 <urlopen error [Errno 111] Connection refused>
fail 2936000 0 <urlopen error [Errno 111] Connection refused>
fail 2937000 0 <urlopen error [Errno 111] Connection refused>
fail 2938000 0 <urlopen error [Errno 111] Connection refused>
fail 2939000 0 <urlopen error [Errno 111] Connection refused>
fail 2940000 0 <urlopen error [Errno 111] Connection refused>
fail 2941000 0 <urlopen error [Errno 111] Connection refused>
fail 2942000 0 <urlopen error [Errno 111] Connection refused>
fail 2943000 0 <urlopen error [Errno 111] Connection refused>
fail 2944000 0 <urlopen error [Errno 111] Connection refused>
fail 2945000 0 <urlopen error [Errno 111] Connection refused>
fail 2946000 0 <urlopen error [Errno 111] Connection refused>
fail 2947000 0 <urlopen error [Errno 111] Connection refused>
fail 2948000 0 <urlopen error [Errno 111] Connection refused>
fail 2949000 0 <urlopen error [Errno 111] Connection refused>
fail 2950000 0 <urlopen error [Errno 111] Connection refused>
fail 2951000 0 <urlopen error [Errno 111] Connection refused>
fail 2952000 0 <urlopen error [Errno 111] Connection refused>
fail 2953000 0 <urlopen error [Errno 111] Connection refused>
fail 2954000 0 <urlopen error [Errno 111] Connection refused>
fail 2955000 0 <urlopen error [Errno 111] Connection refused>
fail 2956000 0 <urlopen error [Errno 111] Connection refused>
fail 2957000 0 <urlopen error [Errno 111] Connection refused>
fail 2958000 0 <urlopen error [Errno 111] Connection refused>
fail 2959000 0 <urlopen error [Errno 111] Connection refused>
fail 2960000 0 <urlopen error [Errno 111] Connection refused>
fail 2961000 0 <urlopen error [Errno 111] Connection refused>
fail 2962000 0 <urlopen error [Errno 111] Connection refused>
fail 2963000 0 <urlopen error [Errno 111] Connection refused>
fail 2964000 0 <urlopen error [Errno 111] Connection refused>
fail 2965000 0 <urlopen error [Errno 111] Connection refused>
fail 2966000 0 <urlopen error [Errno 111] Connection refused>
fail 2967000 0 <urlopen error [Errno 111] Connection refused>
fail 2968000 0 <urlopen error [Errno 111] Connection refused>
fail 2969000 0 <urlopen error [Errno 111] Connection refused>
fail 2970000 0 <urlopen error [Errno 111] Connection refused>
fail 2971000 0 <urlopen error [Errno 111] Connection refused>
fail 2972000 0 <urlopen error [Errno 111] Connection refused>
fail 2973000 0 <urlopen error [Errno 111] Connection refused>
fail 2974000 0 <urlopen error [Errno 111] Connection refused>
fail 2975000 0 <urlopen error [Errno 111] Connection refused>
fail 2976000 0 <urlopen error [Errno 111] Connection refused>
fail 2977000 0 <urlopen error [Errno 111] Connection refused>
fail 2978000 0 <urlopen error [Errno 111] Connection refused>
fail 2979000 0 <urlopen error [Errno 111] Connection refused>
fail 2980000 0 <urlopen error [Errno 111] Connection refused>
fail 2981000 0 <urlopen error [Errno 111] Connection refused>
fail 2982000 0 <urlopen error [Errno 111] Connection refused>
fail 2983000 0 <urlopen error [Errno 111] Connection refused>
fail 2984000 0 <urlopen error [Errno 111] Connection refused>
fail 2985000 0 <urlopen error [Errno 111] Connection refused>
fail 2986000 0 <urlopen error [Errno 111] Connection refused>
fail 2987000 0 <urlopen error [Errno 111] Connection refused>
fail 2988000 0 <urlopen error [Errno 111] Connection refused>
fail 2989000 0 <urlopen error [Errno 111] Connection refused>
fail 2990000 0 <urlopen error [Errno 111] Connection refused>
fail 2991000 0 <urlopen error [Errno 111] Connection refused>
fail 2992000 0 <urlopen error [Errno 111] Connection refused>
fail 2993000 0 <urlopen error [Errno 111] Connection refused>
fail 2994000 0 <urlopen error [Errno 111] Connection refused>
fail 2995000 0 <urlopen error [Errno 111] Connection refused>
fail 2996000 0 <urlopen error [Errno 111] Connection refused>
fail 2997000 0 <urlopen error [Errno 111] Connection refused>
fail 2998000 0 <urlopen error [Errno 111] Connection refused>
fail 2999000 0 <urlopen error [Errno 111] Connection refused>
fail 3000000 0 <urlopen error [Errno 111] Connection refused>
3000000 vertices, 668s, fails 185
fail 3001000 0 <urlopen error [Errno 111] Connection refused>
fail 3002000 0 <urlopen error [Errno 111] Connection refused>
fail 3003000 0 <urlopen error [Errno 111] Connection refused>
fail 3004000 0 <urlopen error [Errno 111] Connection refused>
fail 3005000 0 <urlopen error [Errno 111] Connection refused>
fail 3006000 0 <urlopen error [Errno 111] Connection refused>
fail 3007000 0 <urlopen error [Errno 111] Connection refused>
fail 3008000 0 <urlopen error [Errno 111] Connection refused>
fail 3009000 0 <urlopen error [Errno 111] Connection refused>
fail 3010000 0 <urlopen error [Errno 111] Connection refused>
fail 3011000 0 <urlopen error [Errno 111] Connection refused>
fail 3012000 0 <urlopen error [Errno 111] Connection refused>
fail 3013000 0 <urlopen error [Errno 111] Connection refused>
fail 3014000 0 <urlopen error [Errno 111] Connection refused>
fail 3015000 0 <urlopen error [Errno 111] Connection refused>
fail 3016000 0 <urlopen error [Errno 111] Connection refused>
fail 3017000 0 <urlopen error [Errno 111] Connection refused>
fail 3018000 0 <urlopen error [Errno 111] Connection refused>
fail 3019000 0 <urlopen error [Errno 111] Connection refused>
fail 3020000 0 <urlopen error [Errno 111] Connection refused>
fail 3021000 0 <urlopen error [Errno 111] Connection refused>
fail 3022000 0 <urlopen error [Errno 111] Connection refused>
fail 3023000 0 <urlopen error [Errno 111] Connection refused>
fail 3024000 0 <urlopen error [Errno 111] Connection refused>
fail 3025000 0 <urlopen error [Errno 111] Connection refused>
fail 3026000 0 <urlopen error [Errno 111] Connection refused>
fail 3027000 0 <urlopen error [Errno 111] Connection refused>
fail 3028000 0 <urlopen error [Errno 111] Connection refused>
fail 3029000 0 <urlopen error [Errno 111] Connection refused>
fail 3030000 0 <urlopen error [Errno 111] Connection refused>
fail 3031000 0 <urlopen error [Errno 111] Connection refused>
fail 3032000 0 <urlopen error [Errno 111] Connection refused>
fail 3033000 0 <urlopen error [Errno 111] Connection refused>
fail 3034000 0 <urlopen error [Errno 111] Connection refused>
fail 3035000 0 <urlopen error [Errno 111] Connection refused>
fail 3036000 0 <urlopen error [Errno 111] Connection refused>
fail 3037000 0 <urlopen error [Errno 111] Connection refused>
fail 3038000 0 <urlopen error [Errno 111] Connection refused>
fail 3039000 0 <urlopen error [Errno 111] Connection refused>
fail 3040000 0 <urlopen error [Errno 111] Connection refused>
fail 3041000 0 <urlopen error [Errno 111] Connection refused>
fail 3042000 0 <urlopen error [Errno 111] Connection refused>
fail 3043000 0 <urlopen error [Errno 111] Connection refused>
fail 3044000 0 <urlopen error [Errno 111] Connection refused>
fail 3045000 0 <urlopen error [Errno 111] Connection refused>
fail 3046000 0 <urlopen error [Errno 111] Connection refused>
fail 3047000 0 <urlopen error [Errno 111] Connection refused>
fail 3048000 0 <urlopen error [Errno 111] Connection refused>
fail 3049000 0 <urlopen error [Errno 111] Connection refused>
fail 3050000 0 <urlopen error [Errno 111] Connection refused>
fail 3051000 0 <urlopen error [Errno 111] Connection refused>
fail 3052000 0 <urlopen error [Errno 111] Connection refused>
fail 3053000 0 <urlopen error [Errno 111] Connection refused>
fail 3054000 0 <urlopen error [Errno 111] Connection refused>
fail 3055000 0 <urlopen error [Errno 111] Connection refused>
fail 3056000 0 <urlopen error [Errno 111] Connection refused>
fail 3057000 0 <urlopen error [Errno 111] Connection refused>
fail 3058000 0 <urlopen error [Errno 111] Connection refused>
fail 3059000 0 <urlopen error [Errno 111] Connection refused>
fail 3060000 0 <urlopen error [Errno 111] Connection refused>
fail 3061000 0 <urlopen error [Errno 111] Connection refused>
fail 3062000 0 <urlopen error [Errno 111] Connection refused>
fail 3063000 0 <urlopen error [Errno 111] Connection refused>
fail 3064000 0 <urlopen error [Errno 111] Connection refused>
fail 3065000 0 <urlopen error [Errno 111] Connection refused>
fail 3066000 0 <urlopen error [Errno 111] Connection refused>
fail 3067000 0 <urlopen error [Errno 111] Connection refused>
fail 3068000 0 <urlopen error [Errno 111] Connection refused>
fail 3069000 0 <urlopen error [Errno 111] Connection refused>
fail 3070000 0 <urlopen error [Errno 111] Connection refused>
fail 3071000 0 <urlopen error [Errno 111] Connection refused>
fail 3072000 0 <urlopen error [Errno 111] Connection refused>
fail 3073000 0 <urlopen error [Errno 111] Connection refused>
fail 3074000 0 <urlopen error [Errno 111] Connection refused>
fail 3075000 0 <urlopen error [Errno 111] Connection refused>
fail 3076000 0 <urlopen error [Errno 111] Connection refused>
fail 3077000 0 <urlopen error [Errno 111] Connection refused>
fail 3078000 0 <urlopen error [Errno 111] Connection refused>
fail 3079000 0 <urlopen error [Errno 111] Connection refused>
fail 3080000 0 <urlopen error [Errno 111] Connection refused>
fail 3081000 0 <urlopen error [Errno 111] Connection refused>
fail 3082000 0 <urlopen error [Errno 111] Connection refused>
fail 3083000 0 <urlopen error [Errno 111] Connection refused>
fail 3084000 0 <urlopen error [Errno 111] Connection refused>
fail 3085000 0 <urlopen error [Errno 111] Connection refused>
fail 3086000 0 <urlopen error [Errno 111] Connection refused>
fail 3087000 0 <urlopen error [Errno 111] Connection refused>
fail 3088000 0 <urlopen error [Errno 111] Connection refused>
fail 3089000 0 <urlopen error [Errno 111] Connection refused>
fail 3090000 0 <urlopen error [Errno 111] Connection refused>
fail 3091000 0 <urlopen error [Errno 111] Connection refused>
fail 3092000 0 <urlopen error [Errno 111] Connection refused>
fail 3093000 0 <urlopen error [Errno 111] Connection refused>
fail 3094000 0 <urlopen error [Errno 111] Connection refused>
fail 3095000 0 <urlopen error [Errno 111] Connection refused>
fail 3096000 0 <urlopen error [Errno 111] Connection refused>
fail 3097000 0 <urlopen error [Errno 111] Connection refused>
fail 3098000 0 <urlopen error [Errno 111] Connection refused>
fail 3099000 0 <urlopen error [Errno 111] Connection refused>
fail 3100000 0 <urlopen error [Errno 111] Connection refused>
3100000 vertices, 669s, fails 285
fail 3101000 0 <urlopen error [Errno 111] Connection refused>
fail 3102000 0 <urlopen error [Errno 111] Connection refused>
fail 3103000 0 <urlopen error [Errno 111] Connection refused>
fail 3104000 0 <urlopen error [Errno 111] Connection refused>
fail 3105000 0 <urlopen error [Errno 111] Connection refused>
fail 3106000 0 <urlopen error [Errno 111] Connection refused>
fail 3107000 0 <urlopen error [Errno 111] Connection refused>
fail 3108000 0 <urlopen error [Errno 111] Connection refused>
fail 3109000 0 <urlopen error [Errno 111] Connection refused>
fail 3110000 0 <urlopen error [Errno 111] Connection refused>
fail 3111000 0 <urlopen error [Errno 111] Connection refused>
fail 3112000 0 <urlopen error [Errno 111] Connection refused>
fail 3113000 0 <urlopen error [Errno 111] Connection refused>
fail 3114000 0 <urlopen error [Errno 111] Connection refused>
fail 3115000 0 <urlopen error [Errno 111] Connection refused>
fail 3116000 0 <urlopen error [Errno 111] Connection refused>
fail 3117000 0 <urlopen error [Errno 111] Connection refused>
fail 3118000 0 <urlopen error [Errno 111] Connection refused>
fail 3119000 0 <urlopen error [Errno 111] Connection refused>
fail 3120000 0 <urlopen error [Errno 111] Connection refused>
fail 3121000 0 <urlopen error [Errno 111] Connection refused>
fail 3122000 0 <urlopen error [Errno 111] Connection refused>
fail 3123000 0 <urlopen error [Errno 111] Connection refused>
fail 3124000 0 <urlopen error [Errno 111] Connection refused>
fail 3125000 0 <urlopen error [Errno 111] Connection refused>
fail 3126000 0 <urlopen error [Errno 111] Connection refused>
fail 3127000 0 <urlopen error [Errno 111] Connection refused>
fail 3128000 0 <urlopen error [Errno 111] Connection refused>
fail 3129000 0 <urlopen error [Errno 111] Connection refused>
fail 3130000 0 <urlopen error [Errno 111] Connection refused>
fail 3131000 0 <urlopen error [Errno 111] Connection refused>
fail 3132000 0 <urlopen error [Errno 111] Connection refused>
fail 3133000 0 <urlopen error [Errno 111] Connection refused>
fail 3134000 0 <urlopen error [Errno 111] Connection refused>
fail 3135000 0 <urlopen error [Errno 111] Connection refused>
fail 3136000 0 <urlopen error [Errno 111] Connection refused>
fail 3137000 0 <urlopen error [Errno 111] Connection refused>
fail 3138000 0 <urlopen error [Errno 111] Connection refused>
fail 3139000 0 <urlopen error [Errno 111] Connection refused>
fail 3140000 0 <urlopen error [Errno 111] Connection refused>
fail 3141000 0 <urlopen error [Errno 111] Connection refused>
fail 3142000 0 <urlopen error [Errno 111] Connection refused>
fail 3143000 0 <urlopen error [Errno 111] Connection refused>
fail 3144000 0 <urlopen error [Errno 111] Connection refused>
fail 3145000 0 <urlopen error [Errno 111] Connection refused>
fail 3146000 0 <urlopen error [Errno 111] Connection refused>
fail 3147000 0 <urlopen error [Errno 111] Connection refused>
fail 3148000 0 <urlopen error [Errno 111] Connection refused>
fail 3149000 0 <urlopen error [Errno 111] Connection refused>
fail 3150000 0 <urlopen error [Errno 111] Connection refused>
fail 3151000 0 <urlopen error [Errno 111] Connection refused>
fail 3152000 0 <urlopen error [Errno 111] Connection refused>
fail 3153000 0 <urlopen error [Errno 111] Connection refused>
fail 3154000 0 <urlopen error [Errno 111] Connection refused>
fail 3155000 0 <urlopen error [Errno 111] Connection refused>
fail 3156000 0 <urlopen error [Errno 111] Connection refused>
fail 3157000 0 <urlopen error [Errno 111] Connection refused>
fail 3158000 0 <urlopen error [Errno 111] Connection refused>
fail 3159000 0 <urlopen error [Errno 111] Connection refused>
fail 3160000 0 <urlopen error [Errno 111] Connection refused>
fail 3161000 0 <urlopen error [Errno 111] Connection refused>
fail 3162000 0 <urlopen error [Errno 111] Connection refused>
fail 3163000 0 <urlopen error [Errno 111] Connection refused>
fail 3164000 0 <urlopen error [Errno 111] Connection refused>
fail 3165000 0 <urlopen error [Errno 111] Connection refused>
fail 3166000 0 <urlopen error [Errno 111] Connection refused>
fail 3167000 0 <urlopen error [Errno 111] Connection refused>
fail 3168000 0 <urlopen error [Errno 111] Connection refused>
fail 3169000 0 <urlopen error [Errno 111] Connection refused>
fail 3170000 0 <urlopen error [Errno 111] Connection refused>
fail 3171000 0 <urlopen error [Errno 111] Connection refused>
fail 3172000 0 <urlopen error [Errno 111] Connection refused>
fail 3173000 0 <urlopen error [Errno 111] Connection refused>
fail 3174000 0 <urlopen error [Errno 111] Connection refused>
fail 3175000 0 <urlopen error [Errno 111] Connection refused>
fail 3176000 0 <urlopen error [Errno 111] Connection refused>
fail 3177000 0 <urlopen error [Errno 111] Connection refused>
fail 3178000 0 <urlopen error [Errno 111] Connection refused>
fail 3179000 0 <urlopen error [Errno 111] Connection refused>
fail 3180000 0 <urlopen error [Errno 111] Connection refused>
fail 3181000 0 <urlopen error [Errno 111] Connection refused>
fail 3182000 0 <urlopen error [Errno 111] Connection refused>
fail 3183000 0 <urlopen error [Errno 111] Connection refused>
fail 3184000 0 <urlopen error [Errno 111] Connection refused>
fail 3185000 0 <urlopen error [Errno 111] Connection refused>
fail 3186000 0 <urlopen error [Errno 111] Connection refused>
fail 3187000 0 <urlopen error [Errno 111] Connection refused>
fail 3188000 0 <urlopen error [Errno 111] Connection refused>
fail 3189000 0 <urlopen error [Errno 111] Connection refused>
fail 3190000 0 <urlopen error [Errno 111] Connection refused>
fail 3191000 0 <urlopen error [Errno 111] Connection refused>
fail 3192000 0 <urlopen error [Errno 111] Connection refused>
fail 3193000 0 <urlopen error [Errno 111] Connection refused>
fail 3194000 0 <urlopen error [Errno 111] Connection refused>
fail 3195000 0 <urlopen error [Errno 111] Connection refused>
fail 3196000 0 <urlopen error [Errno 111] Connection refused>
fail 3197000 0 <urlopen error [Errno 111] Connection refused>
fail 3198000 0 <urlopen error [Errno 111] Connection refused>
fail 3199000 0 <urlopen error [Errno 111] Connection refused>
fail 3200000 0 <urlopen error [Errno 111] Connection refused>
3200000 vertices, 669s, fails 385
fail 3201000 0 <urlopen error [Errno 111] Connection refused>
fail 3202000 0 <urlopen error [Errno 111] Connection refused>
fail 3203000 0 <urlopen error [Errno 111] Connection refused>
fail 3204000 0 <urlopen error [Errno 111] Connection refused>
fail 3205000 0 <urlopen error [Errno 111] Connection refused>
fail 3206000 0 <urlopen error [Errno 111] Connection refused>
fail 3207000 0 <urlopen error [Errno 111] Connection refused>
fail 3208000 0 <urlopen error [Errno 111] Connection refused>
fail 3209000 0 <urlopen error [Errno 111] Connection refused>
fail 3210000 0 <urlopen error [Errno 111] Connection refused>
fail 3211000 0 <urlopen error [Errno 111] Connection refused>
fail 3212000 0 <urlopen error [Errno 111] Connection refused>
fail 3213000 0 <urlopen error [Errno 111] Connection refused>
fail 3214000 0 <urlopen error [Errno 111] Connection refused>
fail 3215000 0 <urlopen error [Errno 111] Connection refused>
fail 3216000 0 <urlopen error [Errno 111] Connection refused>
fail 3217000 0 <urlopen error [Errno 111] Connection refused>
fail 3218000 0 <urlopen error [Errno 111] Connection refused>
fail 3219000 0 <urlopen error [Errno 111] Connection refused>
fail 3220000 0 <urlopen error [Errno 111] Connection refused>
fail 3221000 0 <urlopen error [Errno 111] Connection refused>
fail 3222000 0 <urlopen error [Errno 111] Connection refused>
fail 3223000 0 <urlopen error [Errno 111] Connection refused>
fail 3224000 0 <urlopen error [Errno 111] Connection refused>
fail 3225000 0 <urlopen error [Errno 111] Connection refused>
fail 3226000 0 <urlopen error [Errno 111] Connection refused>
fail 3227000 0 <urlopen error [Errno 111] Connection refused>
fail 3228000 0 <urlopen error [Errno 111] Connection refused>
fail 3229000 0 <urlopen error [Errno 111] Connection refused>
fail 3230000 0 <urlopen error [Errno 111] Connection refused>
fail 3231000 0 <urlopen error [Errno 111] Connection refused>
fail 3232000 0 <urlopen error [Errno 111] Connection refused>
fail 3233000 0 <urlopen error [Errno 111] Connection refused>
fail 3234000 0 <urlopen error [Errno 111] Connection refused>
fail 3235000 0 <urlopen error [Errno 111] Connection refused>
fail 3236000 0 <urlopen error [Errno 111] Connection refused>
fail 3237000 0 <urlopen error [Errno 111] Connection refused>
fail 3238000 0 <urlopen error [Errno 111] Connection refused>
fail 3239000 0 <urlopen error [Errno 111] Connection refused>
fail 3240000 0 <urlopen error [Errno 111] Connection refused>
fail 3241000 0 <urlopen error [Errno 111] Connection refused>
fail 3242000 0 <urlopen error [Errno 111] Connection refused>
fail 3243000 0 <urlopen error [Errno 111] Connection refused>
fail 3244000 0 <urlopen error [Errno 111] Connection refused>
fail 3245000 0 <urlopen error [Errno 111] Connection refused>
fail 3246000 0 <urlopen error [Errno 111] Connection refused>
fail 3247000 0 <urlopen error [Errno 111] Connection refused>
fail 3248000 0 <urlopen error [Errno 111] Connection refused>
fail 3249000 0 <urlopen error [Errno 111] Connection refused>
fail 3250000 0 <urlopen error [Errno 111] Connection refused>
fail 3251000 0 <urlopen error [Errno 111] Connection refused>
fail 3252000 0 <urlopen error [Errno 111] Connection refused>
fail 3253000 0 <urlopen error [Errno 111] Connection refused>
fail 3254000 0 <urlopen error [Errno 111] Connection refused>
fail 3255000 0 <urlopen error [Errno 111] Connection refused>
fail 3256000 0 <urlopen error [Errno 111] Connection refused>
fail 3257000 0 <urlopen error [Errno 111] Connection refused>
fail 3258000 0 <urlopen error [Errno 111] Connection refused>
fail 3259000 0 <urlopen error [Errno 111] Connection refused>
fail 3260000 0 <urlopen error [Errno 111] Connection refused>
fail 3261000 0 <urlopen error [Errno 111] Connection refused>
fail 3262000 0 <urlopen error [Errno 111] Connection refused>
fail 3263000 0 <urlopen error [Errno 111] Connection refused>
fail 3264000 0 <urlopen error [Errno 111] Connection refused>
fail 3265000 0 <urlopen error [Errno 111] Connection refused>
fail 3266000 0 <urlopen error [Errno 111] Connection refused>
fail 3267000 0 <urlopen error [Errno 111] Connection refused>
fail 3268000 0 <urlopen error [Errno 111] Connection refused>
fail 3269000 0 <urlopen error [Errno 111] Connection refused>
fail 3270000 0 <urlopen error [Errno 111] Connection refused>
fail 3271000 0 <urlopen error [Errno 111] Connection refused>
fail 3272000 0 <urlopen error [Errno 111] Connection refused>
fail 3273000 0 <urlopen error [Errno 111] Connection refused>
fail 3274000 0 <urlopen error [Errno 111] Connection refused>
fail 3275000 0 <urlopen error [Errno 111] Connection refused>
fail 3276000 0 <urlopen error [Errno 111] Connection refused>
fail 3277000 0 <urlopen error [Errno 111] Connection refused>
fail 3278000 0 <urlopen error [Errno 111] Connection refused>
fail 3279000 0 <urlopen error [Errno 111] Connection refused>
fail 3280000 0 <urlopen error [Errno 111] Connection refused>
fail 3281000 0 <urlopen error [Errno 111] Connection refused>
fail 3282000 0 <urlopen error [Errno 111] Connection refused>
fail 3283000 0 <urlopen error [Errno 111] Connection refused>
fail 3284000 0 <urlopen error [Errno 111] Connection refused>
fail 3285000 0 <urlopen error [Errno 111] Connection refused>
fail 3286000 0 <urlopen error [Errno 111] Connection refused>
fail 3287000 0 <urlopen error [Errno 111] Connection refused>
fail 3288000 0 <urlopen error [Errno 111] Connection refused>
fail 3289000 0 <urlopen error [Errno 111] Connection refused>
fail 3290000 0 <urlopen error [Errno 111] Connection refused>
fail 3291000 0 <urlopen error [Errno 111] Connection refused>
fail 3292000 0 <urlopen error [Errno 111] Connection refused>
fail 3293000 0 <urlopen error [Errno 111] Connection refused>
fail 3294000 0 <urlopen error [Errno 111] Connection refused>
fail 3295000 0 <urlopen error [Errno 111] Connection refused>
fail 3296000 0 <urlopen error [Errno 111] Connection refused>
fail 3297000 0 <urlopen error [Errno 111] Connection refused>
fail 3298000 0 <urlopen error [Errno 111] Connection refused>
fail 3299000 0 <urlopen error [Errno 111] Connection refused>
fail 3300000 0 <urlopen error [Errno 111] Connection refused>
3300000 vertices, 670s, fails 485
fail 3301000 0 <urlopen error [Errno 111] Connection refused>
fail 3302000 0 <urlopen error [Errno 111] Connection refused>
fail 3303000 0 <urlopen error [Errno 111] Connection refused>
fail 3304000 0 <urlopen error [Errno 111] Connection refused>
fail 3305000 0 <urlopen error [Errno 111] Connection refused>
fail 3306000 0 <urlopen error [Errno 111] Connection refused>
fail 3307000 0 <urlopen error [Errno 111] Connection refused>
fail 3308000 0 <urlopen error [Errno 111] Connection refused>
fail 3309000 0 <urlopen error [Errno 111] Connection refused>
fail 3310000 0 <urlopen error [Errno 111] Connection refused>
fail 3311000 0 <urlopen error [Errno 111] Connection refused>
fail 3312000 0 <urlopen error [Errno 111] Connection refused>
fail 3313000 0 <urlopen error [Errno 111] Connection refused>
fail 3314000 0 <urlopen error [Errno 111] Connection refused>
fail 3315000 0 <urlopen error [Errno 111] Connection refused>
fail 3316000 0 <urlopen error [Errno 111] Connection refused>
fail 3317000 0 <urlopen error [Errno 111] Connection refused>
fail 3318000 0 <urlopen error [Errno 111] Connection refused>
fail 3319000 0 <urlopen error [Errno 111] Connection refused>
fail 3320000 0 <urlopen error [Errno 111] Connection refused>
fail 3321000 0 <urlopen error [Errno 111] Connection refused>
fail 3322000 0 <urlopen error [Errno 111] Connection refused>
fail 3323000 0 <urlopen error [Errno 111] Connection refused>
fail 3324000 0 <urlopen error [Errno 111] Connection refused>
fail 3325000 0 <urlopen error [Errno 111] Connection refused>
fail 3326000 0 <urlopen error [Errno 111] Connection refused>
fail 3327000 0 <urlopen error [Errno 111] Connection refused>
fail 3328000 0 <urlopen error [Errno 111] Connection refused>
fail 3329000 0 <urlopen error [Errno 111] Connection refused>
fail 3330000 0 <urlopen error [Errno 111] Connection refused>
fail 3331000 0 <urlopen error [Errno 111] Connection refused>
fail 3332000 0 <urlopen error [Errno 111] Connection refused>
fail 3333000 0 <urlopen error [Errno 111] Connection refused>
fail 3334000 0 <urlopen error [Errno 111] Connection refused>
fail 3335000 0 <urlopen error [Errno 111] Connection refused>
fail 3336000 0 <urlopen error [Errno 111] Connection refused>
fail 3337000 0 <urlopen error [Errno 111] Connection refused>
fail 3338000 0 <urlopen error [Errno 111] Connection refused>
fail 3339000 0 <urlopen error [Errno 111] Connection refused>
fail 3340000 0 <urlopen error [Errno 111] Connection refused>
fail 3341000 0 <urlopen error [Errno 111] Connection refused>
fail 3342000 0 <urlopen error [Errno 111] Connection refused>
fail 3343000 0 <urlopen error [Errno 111] Connection refused>
fail 3344000 0 <urlopen error [Errno 111] Connection refused>
fail 3345000 0 <urlopen error [Errno 111] Connection refused>
fail 3346000 0 <urlopen error [Errno 111] Connection refused>
fail 3347000 0 <urlopen error [Errno 111] Connection refused>
fail 3348000 0 <urlopen error [Errno 111] Connection refused>
fail 3349000 0 <urlopen error [Errno 111] Connection refused>
fail 3350000 0 <urlopen error [Errno 111] Connection refused>
fail 3351000 0 <urlopen error [Errno 111] Connection refused>
fail 3352000 0 <urlopen error [Errno 111] Connection refused>
fail 3353000 0 <urlopen error [Errno 111] Connection refused>
fail 3354000 0 <urlopen error [Errno 111] Connection refused>
fail 3355000 0 <urlopen error [Errno 111] Connection refused>
fail 3356000 0 <urlopen error [Errno 111] Connection refused>
fail 3357000 0 <urlopen error [Errno 111] Connection refused>
fail 3358000 0 <urlopen error [Errno 111] Connection refused>
fail 3359000 0 <urlopen error [Errno 111] Connection refused>
fail 3360000 0 <urlopen error [Errno 111] Connection refused>
fail 3361000 0 <urlopen error [Errno 111] Connection refused>
fail 3362000 0 <urlopen error [Errno 111] Connection refused>
fail 3363000 0 <urlopen error [Errno 111] Connection refused>
fail 3364000 0 <urlopen error [Errno 111] Connection refused>
fail 3365000 0 <urlopen error [Errno 111] Connection refused>
fail 3366000 0 <urlopen error [Errno 111] Connection refused>
fail 3367000 0 <urlopen error [Errno 111] Connection refused>
fail 3368000 0 <urlopen error [Errno 111] Connection refused>
fail 3369000 0 <urlopen error [Errno 111] Connection refused>
fail 3370000 0 <urlopen error [Errno 111] Connection refused>
fail 3371000 0 <urlopen error [Errno 111] Connection refused>
fail 3372000 0 <urlopen error [Errno 111] Connection refused>
fail 3373000 0 <urlopen error [Errno 111] Connection refused>
fail 3374000 0 <urlopen error [Errno 111] Connection refused>
fail 3375000 0 <urlopen error [Errno 111] Connection refused>
fail 3376000 0 <urlopen error [Errno 111] Connection refused>
fail 3377000 0 <urlopen error [Errno 111] Connection refused>
fail 3378000 0 <urlopen error [Errno 111] Connection refused>
fail 3379000 0 <urlopen error [Errno 111] Connection refused>
fail 3380000 0 <urlopen error [Errno 111] Connection refused>
fail 3381000 0 <urlopen error [Errno 111] Connection refused>
fail 3382000 0 <urlopen error [Errno 111] Connection refused>
fail 3383000 0 <urlopen error [Errno 111] Connection refused>
fail 3384000 0 <urlopen error [Errno 111] Connection refused>
fail 3385000 0 <urlopen error [Errno 111] Connection refused>
fail 3386000 0 <urlopen error [Errno 111] Connection refused>
fail 3387000 0 <urlopen error [Errno 111] Connection refused>
fail 3388000 0 <urlopen error [Errno 111] Connection refused>
fail 3389000 0 <urlopen error [Errno 111] Connection refused>
fail 3390000 0 <urlopen error [Errno 111] Connection refused>
fail 3391000 0 <urlopen error [Errno 111] Connection refused>
fail 3392000 0 <urlopen error [Errno 111] Connection refused>
fail 3393000 0 <urlopen error [Errno 111] Connection refused>
fail 3394000 0 <urlopen error [Errno 111] Connection refused>
fail 3395000 0 <urlopen error [Errno 111] Connection refused>
fail 3396000 0 <urlopen error [Errno 111] Connection refused>
fail 3397000 0 <urlopen error [Errno 111] Connection refused>
fail 3398000 0 <urlopen error [Errno 111] Connection refused>
fail 3399000 0 <urlopen error [Errno 111] Connection refused>
fail 3400000 0 <urlopen error [Errno 111] Connection refused>
3400000 vertices, 670s, fails 585
fail 3401000 0 <urlopen error [Errno 111] Connection refused>
fail 3402000 0 <urlopen error [Errno 111] Connection refused>
fail 3403000 0 <urlopen error [Errno 111] Connection refused>
fail 3404000 0 <urlopen error [Errno 111] Connection refused>
fail 3405000 0 <urlopen error [Errno 111] Connection refused>
fail 3406000 0 <urlopen error [Errno 111] Connection refused>
fail 3407000 0 <urlopen error [Errno 111] Connection refused>
fail 3408000 0 <urlopen error [Errno 111] Connection refused>
fail 3409000 0 <urlopen error [Errno 111] Connection refused>
fail 3410000 0 <urlopen error [Errno 111] Connection refused>
fail 3411000 0 <urlopen error [Errno 111] Connection refused>
fail 3412000 0 <urlopen error [Errno 111] Connection refused>
fail 3413000 0 <urlopen error [Errno 111] Connection refused>
fail 3414000 0 <urlopen error [Errno 111] Connection refused>
fail 3415000 0 <urlopen error [Errno 111] Connection refused>
fail 3416000 0 <urlopen error [Errno 111] Connection refused>
fail 3417000 0 <urlopen error [Errno 111] Connection refused>
fail 3418000 0 <urlopen error [Errno 111] Connection refused>
fail 3419000 0 <urlopen error [Errno 111] Connection refused>
fail 3420000 0 <urlopen error [Errno 111] Connection refused>
fail 3421000 0 <urlopen error [Errno 111] Connection refused>
fail 3422000 0 <urlopen error [Errno 111] Connection refused>
fail 3423000 0 <urlopen error [Errno 111] Connection refused>
fail 3424000 0 <urlopen error [Errno 111] Connection refused>
fail 3425000 0 <urlopen error [Errno 111] Connection refused>
fail 3426000 0 <urlopen error [Errno 111] Connection refused>
fail 3427000 0 <urlopen error [Errno 111] Connection refused>
fail 3428000 0 <urlopen error [Errno 111] Connection refused>
fail 3429000 0 <urlopen error [Errno 111] Connection refused>
fail 3430000 0 <urlopen error [Errno 111] Connection refused>
fail 3431000 0 <urlopen error [Errno 111] Connection refused>
fail 3432000 0 <urlopen error [Errno 111] Connection refused>
fail 3433000 0 <urlopen error [Errno 111] Connection refused>
fail 3434000 0 <urlopen error [Errno 111] Connection refused>
fail 3435000 0 <urlopen error [Errno 111] Connection refused>
fail 3436000 0 <urlopen error [Errno 111] Connection refused>
fail 3437000 0 <urlopen error [Errno 111] Connection refused>
fail 3438000 0 <urlopen error [Errno 111] Connection refused>
fail 3439000 0 <urlopen error [Errno 111] Connection refused>
fail 3440000 0 <urlopen error [Errno 111] Connection refused>
fail 3441000 0 <urlopen error [Errno 111] Connection refused>
fail 3442000 0 <urlopen error [Errno 111] Connection refused>
fail 3443000 0 <urlopen error [Errno 111] Connection refused>
fail 3444000 0 <urlopen error [Errno 111] Connection refused>
fail 3445000 0 <urlopen error [Errno 111] Connection refused>
fail 3446000 0 <urlopen error [Errno 111] Connection refused>
fail 3447000 0 <urlopen error [Errno 111] Connection refused>
fail 3448000 0 <urlopen error [Errno 111] Connection refused>
fail 3449000 0 <urlopen error [Errno 111] Connection refused>
fail 3450000 0 <urlopen error [Errno 111] Connection refused>
fail 3451000 0 <urlopen error [Errno 111] Connection refused>
fail 3452000 0 <urlopen error [Errno 111] Connection refused>
fail 3453000 0 <urlopen error [Errno 111] Connection refused>
fail 3454000 0 <urlopen error [Errno 111] Connection refused>
fail 3455000 0 <urlopen error [Errno 111] Connection refused>
fail 3456000 0 <urlopen error [Errno 111] Connection refused>
fail 3457000 0 <urlopen error [Errno 111] Connection refused>
fail 3458000 0 <urlopen error [Errno 111] Connection refused>
fail 3459000 0 <urlopen error [Errno 111] Connection refused>
fail 3460000 0 <urlopen error [Errno 111] Connection refused>
fail 3461000 0 <urlopen error [Errno 111] Connection refused>
fail 3462000 0 <urlopen error [Errno 111] Connection refused>
fail 3463000 0 <urlopen error [Errno 111] Connection refused>
fail 3464000 0 <urlopen error [Errno 111] Connection refused>
fail 3465000 0 <urlopen error [Errno 111] Connection refused>
fail 3466000 0 <urlopen error [Errno 111] Connection refused>
fail 3467000 0 <urlopen error [Errno 111] Connection refused>
fail 3468000 0 <urlopen error [Errno 111] Connection refused>
fail 3469000 0 <urlopen error [Errno 111] Connection refused>
fail 3470000 0 <urlopen error [Errno 111] Connection refused>
fail 3471000 0 <urlopen error [Errno 111] Connection refused>
fail 3472000 0 <urlopen error [Errno 111] Connection refused>
fail 3473000 0 <urlopen error [Errno 111] Connection refused>
fail 3474000 0 <urlopen error [Errno 111] Connection refused>
fail 3475000 0 <urlopen error [Errno 111] Connection refused>
fail 3476000 0 <urlopen error [Errno 111] Connection refused>
fail 3477000 0 <urlopen error [Errno 111] Connection refused>
fail 3478000 0 <urlopen error [Errno 111] Connection refused>
fail 3479000 0 <urlopen error [Errno 111] Connection refused>
fail 3480000 0 <urlopen error [Errno 111] Connection refused>
fail 3481000 0 <urlopen error [Errno 111] Connection refused>
fail 3482000 0 <urlopen error [Errno 111] Connection refused>
fail 3483000 0 <urlopen error [Errno 111] Connection refused>
fail 3484000 0 <urlopen error [Errno 111] Connection refused>
fail 3485000 0 <urlopen error [Errno 111] Connection refused>
fail 3486000 0 <urlopen error [Errno 111] Connection refused>
fail 3487000 0 <urlopen error [Errno 111] Connection refused>
fail 3488000 0 <urlopen error [Errno 111] Connection refused>
fail 3489000 0 <urlopen error [Errno 111] Connection refused>
fail 3490000 0 <urlopen error [Errno 111] Connection refused>
fail 3491000 0 <urlopen error [Errno 111] Connection refused>
fail 3492000 0 <urlopen error [Errno 111] Connection refused>
fail 3493000 0 <urlopen error [Errno 111] Connection refused>
fail 3494000 0 <urlopen error [Errno 111] Connection refused>
fail 3495000 0 <urlopen error [Errno 111] Connection refused>
fail 3496000 0 <urlopen error [Errno 111] Connection refused>
fail 3497000 0 <urlopen error [Errno 111] Connection refused>
fail 3498000 0 <urlopen error [Errno 111] Connection refused>
fail 3499000 0 <urlopen error [Errno 111] Connection refused>
fail 3500000 0 <urlopen error [Errno 111] Connection refused>
3500000 vertices, 671s, fails 685
fail 3501000 0 <urlopen error [Errno 111] Connection refused>
fail 3502000 0 <urlopen error [Errno 111] Connection refused>
fail 3503000 0 <urlopen error [Errno 111] Connection refused>
fail 3504000 0 <urlopen error [Errno 111] Connection refused>
fail 3505000 0 <urlopen error [Errno 111] Connection refused>
fail 3506000 0 <urlopen error [Errno 111] Connection refused>
fail 3507000 0 <urlopen error [Errno 111] Connection refused>
fail 3508000 0 <urlopen error [Errno 111] Connection refused>
fail 3509000 0 <urlopen error [Errno 111] Connection refused>
fail 3510000 0 <urlopen error [Errno 111] Connection refused>
fail 3511000 0 <urlopen error [Errno 111] Connection refused>
fail 3512000 0 <urlopen error [Errno 111] Connection refused>
fail 3513000 0 <urlopen error [Errno 111] Connection refused>
fail 3514000 0 <urlopen error [Errno 111] Connection refused>
fail 3515000 0 <urlopen error [Errno 111] Connection refused>
fail 3516000 0 <urlopen error [Errno 111] Connection refused>
fail 3517000 0 <urlopen error [Errno 111] Connection refused>
fail 3518000 0 <urlopen error [Errno 111] Connection refused>
fail 3519000 0 <urlopen error [Errno 111] Connection refused>
fail 3520000 0 <urlopen error [Errno 111] Connection refused>
fail 3521000 0 <urlopen error [Errno 111] Connection refused>
fail 3522000 0 <urlopen error [Errno 111] Connection refused>
fail 3523000 0 <urlopen error [Errno 111] Connection refused>
fail 3524000 0 <urlopen error [Errno 111] Connection refused>
fail 3525000 0 <urlopen error [Errno 111] Connection refused>
fail 3526000 0 <urlopen error [Errno 111] Connection refused>
fail 3527000 0 <urlopen error [Errno 111] Connection refused>
fail 3528000 0 <urlopen error [Errno 111] Connection refused>
fail 3529000 0 <urlopen error [Errno 111] Connection refused>
fail 3530000 0 <urlopen error [Errno 111] Connection refused>
fail 3531000 0 <urlopen error [Errno 111] Connection refused>
fail 3532000 0 <urlopen error [Errno 111] Connection refused>
fail 3533000 0 <urlopen error [Errno 111] Connection refused>
fail 3534000 0 <urlopen error [Errno 111] Connection refused>
fail 3535000 0 <urlopen error [Errno 111] Connection refused>
fail 3536000 0 <urlopen error [Errno 111] Connection refused>
fail 3537000 0 <urlopen error [Errno 111] Connection refused>
fail 3538000 0 <urlopen error [Errno 111] Connection refused>
fail 3539000 0 <urlopen error [Errno 111] Connection refused>
fail 3540000 0 <urlopen error [Errno 111] Connection refused>
fail 3541000 0 <urlopen error [Errno 111] Connection refused>
fail 3542000 0 <urlopen error [Errno 111] Connection refused>
fail 3543000 0 <urlopen error [Errno 111] Connection refused>
fail 3544000 0 <urlopen error [Errno 111] Connection refused>
fail 3545000 0 <urlopen error [Errno 111] Connection refused>
fail 3546000 0 <urlopen error [Errno 111] Connection refused>
fail 3547000 0 <urlopen error [Errno 111] Connection refused>
fail 3548000 0 <urlopen error [Errno 111] Connection refused>
fail 3549000 0 <urlopen error [Errno 111] Connection refused>
fail 3550000 0 <urlopen error [Errno 111] Connection refused>
fail 3551000 0 <urlopen error [Errno 111] Connection refused>
fail 3552000 0 <urlopen error [Errno 111] Connection refused>
fail 3553000 0 <urlopen error [Errno 111] Connection refused>
fail 3554000 0 <urlopen error [Errno 111] Connection refused>
fail 3555000 0 <urlopen error [Errno 111] Connection refused>
fail 3556000 0 <urlopen error [Errno 111] Connection refused>
fail 3557000 0 <urlopen error [Errno 111] Connection refused>
fail 3558000 0 <urlopen error [Errno 111] Connection refused>
fail 3559000 0 <urlopen error [Errno 111] Connection refused>
fail 3560000 0 <urlopen error [Errno 111] Connection refused>
fail 3561000 0 <urlopen error [Errno 111] Connection refused>
fail 3562000 0 <urlopen error [Errno 111] Connection refused>
fail 3563000 0 <urlopen error [Errno 111] Connection refused>
fail 3564000 0 <urlopen error [Errno 111] Connection refused>
fail 3565000 0 <urlopen error [Errno 111] Connection refused>
fail 3566000 0 <urlopen error [Errno 111] Connection refused>
fail 3567000 0 <urlopen error [Errno 111] Connection refused>
fail 3568000 0 <urlopen error [Errno 111] Connection refused>
fail 3569000 0 <urlopen error [Errno 111] Connection refused>
fail 3570000 0 <urlopen error [Errno 111] Connection refused>
fail 3571000 0 <urlopen error [Errno 111] Connection refused>
fail 3572000 0 <urlopen error [Errno 111] Connection refused>
fail 3573000 0 <urlopen error [Errno 111] Connection refused>
fail 3574000 0 <urlopen error [Errno 111] Connection refused>
fail 3575000 0 <urlopen error [Errno 111] Connection refused>
fail 3576000 0 <urlopen error [Errno 111] Connection refused>
fail 3577000 0 <urlopen error [Errno 111] Connection refused>
fail 3578000 0 <urlopen error [Errno 111] Connection refused>
fail 3579000 0 <urlopen error [Errno 111] Connection refused>
fail 3580000 0 <urlopen error [Errno 111] Connection refused>
fail 3581000 0 <urlopen error [Errno 111] Connection refused>
fail 3582000 0 <urlopen error [Errno 111] Connection refused>
fail 3583000 0 <urlopen error [Errno 111] Connection refused>
fail 3584000 0 <urlopen error [Errno 111] Connection refused>
fail 3585000 0 <urlopen error [Errno 111] Connection refused>
fail 3586000 0 <urlopen error [Errno 111] Connection refused>
fail 3587000 0 <urlopen error [Errno 111] Connection refused>
fail 3588000 0 <urlopen error [Errno 111] Connection refused>
fail 3589000 0 <urlopen error [Errno 111] Connection refused>
fail 3590000 0 <urlopen error [Errno 111] Connection refused>
fail 3591000 0 <urlopen error [Errno 111] Connection refused>
fail 3592000 0 <urlopen error [Errno 111] Connection refused>
fail 3593000 0 <urlopen error [Errno 111] Connection refused>
fail 3594000 0 <urlopen error [Errno 111] Connection refused>
fail 3595000 0 <urlopen error [Errno 111] Connection refused>
fail 3596000 0 <urlopen error [Errno 111] Connection refused>
fail 3597000 0 <urlopen error [Errno 111] Connection refused>
fail 3598000 0 <urlopen error [Errno 111] Connection refused>
fail 3599000 0 <urlopen error [Errno 111] Connection refused>
fail 3600000 0 <urlopen error [Errno 111] Connection refused>
3600000 vertices, 671s, fails 785
fail 3601000 0 <urlopen error [Errno 111] Connection refused>
fail 3602000 0 <urlopen error [Errno 111] Connection refused>
fail 3603000 0 <urlopen error [Errno 111] Connection refused>
fail 3604000 0 <urlopen error [Errno 111] Connection refused>
fail 3605000 0 <urlopen error [Errno 111] Connection refused>
fail 3606000 0 <urlopen error [Errno 111] Connection refused>
fail 3607000 0 <urlopen error [Errno 111] Connection refused>
fail 3608000 0 <urlopen error [Errno 111] Connection refused>
fail 3609000 0 <urlopen error [Errno 111] Connection refused>
fail 3610000 0 <urlopen error [Errno 111] Connection refused>
fail 3611000 0 <urlopen error [Errno 111] Connection refused>
fail 3612000 0 <urlopen error [Errno 111] Connection refused>
fail 3613000 0 <urlopen error [Errno 111] Connection refused>
fail 3614000 0 <urlopen error [Errno 111] Connection refused>
fail 3615000 0 <urlopen error [Errno 111] Connection refused>
fail 3616000 0 <urlopen error [Errno 111] Connection refused>
fail 3617000 0 <urlopen error [Errno 111] Connection refused>
fail 3618000 0 <urlopen error [Errno 111] Connection refused>
fail 3619000 0 <urlopen error [Errno 111] Connection refused>
fail 3620000 0 <urlopen error [Errno 111] Connection refused>
fail 3621000 0 <urlopen error [Errno 111] Connection refused>
fail 3622000 0 <urlopen error [Errno 111] Connection refused>
fail 3623000 0 <urlopen error [Errno 111] Connection refused>
fail 3624000 0 <urlopen error [Errno 111] Connection refused>
fail 3625000 0 <urlopen error [Errno 111] Connection refused>
fail 3626000 0 <urlopen error [Errno 111] Connection refused>
fail 3627000 0 <urlopen error [Errno 111] Connection refused>
fail 3628000 0 <urlopen error [Errno 111] Connection refused>
fail 3629000 0 <urlopen error [Errno 111] Connection refused>
fail 3630000 0 <urlopen error [Errno 111] Connection refused>
fail 3631000 0 <urlopen error [Errno 111] Connection refused>
fail 3632000 0 <urlopen error [Errno 111] Connection refused>
fail 3633000 0 <urlopen error [Errno 111] Connection refused>
fail 3634000 0 <urlopen error [Errno 111] Connection refused>
fail 3635000 0 <urlopen error [Errno 111] Connection refused>
fail 3636000 0 <urlopen error [Errno 111] Connection refused>
fail 3637000 0 <urlopen error [Errno 111] Connection refused>
fail 3638000 0 <urlopen error [Errno 111] Connection refused>
fail 3639000 0 <urlopen error [Errno 111] Connection refused>
fail 3640000 0 <urlopen error [Errno 111] Connection refused>
fail 3641000 0 <urlopen error [Errno 111] Connection refused>
fail 3642000 0 <urlopen error [Errno 111] Connection refused>
fail 3643000 0 <urlopen error [Errno 111] Connection refused>
fail 3644000 0 <urlopen error [Errno 111] Connection refused>
fail 3645000 0 <urlopen error [Errno 111] Connection refused>
fail 3646000 0 <urlopen error [Errno 111] Connection refused>
fail 3647000 0 <urlopen error [Errno 111] Connection refused>
fail 3648000 0 <urlopen error [Errno 111] Connection refused>
fail 3649000 0 <urlopen error [Errno 111] Connection refused>
fail 3650000 0 <urlopen error [Errno 111] Connection refused>
fail 3651000 0 <urlopen error [Errno 111] Connection refused>
fail 3652000 0 <urlopen error [Errno 111] Connection refused>
fail 3653000 0 <urlopen error [Errno 111] Connection refused>
fail 3654000 0 <urlopen error [Errno 111] Connection refused>
fail 3655000 0 <urlopen error [Errno 111] Connection refused>
fail 3656000 0 <urlopen error [Errno 111] Connection refused>
fail 3657000 0 <urlopen error [Errno 111] Connection refused>
fail 3658000 0 <urlopen error [Errno 111] Connection refused>
fail 3659000 0 <urlopen error [Errno 111] Connection refused>
fail 3660000 0 <urlopen error [Errno 111] Connection refused>
fail 3661000 0 <urlopen error [Errno 111] Connection refused>
fail 3662000 0 <urlopen error [Errno 111] Connection refused>
fail 3663000 0 <urlopen error [Errno 111] Connection refused>
fail 3664000 0 <urlopen error [Errno 111] Connection refused>
fail 3665000 0 <urlopen error [Errno 111] Connection refused>
fail 3666000 0 <urlopen error [Errno 111] Connection refused>
fail 3667000 0 <urlopen error [Errno 111] Connection refused>
fail 3668000 0 <urlopen error [Errno 111] Connection refused>
fail 3669000 0 <urlopen error [Errno 111] Connection refused>
fail 3670000 0 <urlopen error [Errno 111] Connection refused>
fail 3671000 0 <urlopen error [Errno 111] Connection refused>
fail 3672000 0 <urlopen error [Errno 111] Connection refused>
fail 3673000 0 <urlopen error [Errno 111] Connection refused>
fail 3674000 0 <urlopen error [Errno 111] Connection refused>
fail 3675000 0 <urlopen error [Errno 111] Connection refused>
fail 3676000 0 <urlopen error [Errno 111] Connection refused>
fail 3677000 0 <urlopen error [Errno 111] Connection refused>
fail 3678000 0 <urlopen error [Errno 111] Connection refused>
fail 3679000 0 <urlopen error [Errno 111] Connection refused>
fail 3680000 0 <urlopen error [Errno 111] Connection refused>
fail 3681000 0 <urlopen error [Errno 111] Connection refused>
fail 3682000 0 <urlopen error [Errno 111] Connection refused>
fail 3683000 0 <urlopen error [Errno 111] Connection refused>
fail 3684000 0 <urlopen error [Errno 111] Connection refused>
fail 3685000 0 <urlopen error [Errno 111] Connection refused>
fail 3686000 0 <urlopen error [Errno 111] Connection refused>
fail 3687000 0 <urlopen error [Errno 111] Connection refused>
fail 3688000 0 <urlopen error [Errno 111] Connection refused>
fail 3689000 0 <urlopen error [Errno 111] Connection refused>
fail 3690000 0 <urlopen error [Errno 111] Connection refused>
fail 3691000 0 <urlopen error [Errno 111] Connection refused>
fail 3692000 0 <urlopen error [Errno 111] Connection refused>
fail 3693000 0 <urlopen error [Errno 111] Connection refused>
fail 3694000 0 <urlopen error [Errno 111] Connection refused>
fail 3695000 0 <urlopen error [Errno 111] Connection refused>
fail 3696000 0 <urlopen error [Errno 111] Connection refused>
fail 3697000 0 <urlopen error [Errno 111] Connection refused>
fail 3698000 0 <urlopen error [Errno 111] Connection refused>
fail 3699000 0 <urlopen error [Errno 111] Connection refused>
fail 3700000 0 <urlopen error [Errno 111] Connection refused>
3700000 vertices, 672s, fails 885
fail 3701000 0 <urlopen error [Errno 111] Connection refused>
fail 3702000 0 <urlopen error [Errno 111] Connection refused>
fail 3703000 0 <urlopen error [Errno 111] Connection refused>
fail 3704000 0 <urlopen error [Errno 111] Connection refused>
fail 3705000 0 <urlopen error [Errno 111] Connection refused>
fail 3706000 0 <urlopen error [Errno 111] Connection refused>
fail 3707000 0 <urlopen error [Errno 111] Connection refused>
fail 3708000 0 <urlopen error [Errno 111] Connection refused>
fail 3709000 0 <urlopen error [Errno 111] Connection refused>
fail 3710000 0 <urlopen error [Errno 111] Connection refused>
fail 3711000 0 <urlopen error [Errno 111] Connection refused>
fail 3712000 0 <urlopen error [Errno 111] Connection refused>
fail 3713000 0 <urlopen error [Errno 111] Connection refused>
fail 3714000 0 <urlopen error [Errno 111] Connection refused>
fail 3715000 0 <urlopen error [Errno 111] Connection refused>
fail 3716000 0 <urlopen error [Errno 111] Connection refused>
fail 3717000 0 <urlopen error [Errno 111] Connection refused>
fail 3718000 0 <urlopen error [Errno 111] Connection refused>
fail 3719000 0 <urlopen error [Errno 111] Connection refused>
fail 3720000 0 <urlopen error [Errno 111] Connection refused>
fail 3721000 0 <urlopen error [Errno 111] Connection refused>
fail 3722000 0 <urlopen error [Errno 111] Connection refused>
fail 3723000 0 <urlopen error [Errno 111] Connection refused>
fail 3724000 0 <urlopen error [Errno 111] Connection refused>
fail 3725000 0 <urlopen error [Errno 111] Connection refused>
fail 3726000 0 <urlopen error [Errno 111] Connection refused>
fail 3727000 0 <urlopen error [Errno 111] Connection refused>
fail 3728000 0 <urlopen error [Errno 111] Connection refused>
fail 3729000 0 <urlopen error [Errno 111] Connection refused>
fail 3730000 0 <urlopen error [Errno 111] Connection refused>
fail 3731000 0 <urlopen error [Errno 111] Connection refused>
fail 3732000 0 <urlopen error [Errno 111] Connection refused>
fail 3733000 0 <urlopen error [Errno 111] Connection refused>
fail 3734000 0 <urlopen error [Errno 111] Connection refused>
fail 3735000 0 <urlopen error [Errno 111] Connection refused>
fail 3736000 0 <urlopen error [Errno 111] Connection refused>
fail 3737000 0 <urlopen error [Errno 111] Connection refused>
fail 3738000 0 <urlopen error [Errno 111] Connection refused>
fail 3739000 0 <urlopen error [Errno 111] Connection refused>
fail 3740000 0 <urlopen error [Errno 111] Connection refused>
fail 3741000 0 <urlopen error [Errno 111] Connection refused>
fail 3742000 0 <urlopen error [Errno 111] Connection refused>
fail 3743000 0 <urlopen error [Errno 111] Connection refused>
fail 3744000 0 <urlopen error [Errno 111] Connection refused>
fail 3745000 0 <urlopen error [Errno 111] Connection refused>
fail 3746000 0 <urlopen error [Errno 111] Connection refused>
fail 3747000 0 <urlopen error [Errno 111] Connection refused>
fail 3748000 0 <urlopen error [Errno 111] Connection refused>
fail 3749000 0 <urlopen error [Errno 111] Connection refused>
fail 3750000 0 <urlopen error [Errno 111] Connection refused>
fail 3751000 0 <urlopen error [Errno 111] Connection refused>
fail 3752000 0 <urlopen error [Errno 111] Connection refused>
fail 3753000 0 <urlopen error [Errno 111] Connection refused>
fail 3754000 0 <urlopen error [Errno 111] Connection refused>
fail 3755000 0 <urlopen error [Errno 111] Connection refused>
fail 3756000 0 <urlopen error [Errno 111] Connection refused>
fail 3757000 0 <urlopen error [Errno 111] Connection refused>
fail 3758000 0 <urlopen error [Errno 111] Connection refused>
fail 3759000 0 <urlopen error [Errno 111] Connection refused>
fail 3760000 0 <urlopen error [Errno 111] Connection refused>
fail 3761000 0 <urlopen error [Errno 111] Connection refused>
fail 3762000 0 <urlopen error [Errno 111] Connection refused>
fail 3763000 0 <urlopen error [Errno 111] Connection refused>
fail 3764000 0 <urlopen error [Errno 111] Connection refused>
fail 3765000 0 <urlopen error [Errno 111] Connection refused>
fail 3766000 0 <urlopen error [Errno 111] Connection refused>
fail 3767000 0 <urlopen error [Errno 111] Connection refused>
fail 3768000 0 <urlopen error [Errno 111] Connection refused>
fail 3769000 0 <urlopen error [Errno 111] Connection refused>
fail 3770000 0 <urlopen error [Errno 111] Connection refused>
fail 3771000 0 <urlopen error [Errno 111] Connection refused>
fail 3772000 0 <urlopen error [Errno 111] Connection refused>
fail 3773000 0 <urlopen error [Errno 111] Connection refused>
fail 3774000 0 <urlopen error [Errno 111] Connection refused>
fail 3775000 0 <urlopen error [Errno 111] Connection refused>
fail 3776000 0 <urlopen error [Errno 111] Connection refused>
fail 3777000 0 <urlopen error [Errno 111] Connection refused>
fail 3778000 0 <urlopen error [Errno 111] Connection refused>
fail 3779000 0 <urlopen error [Errno 111] Connection refused>
fail 3780000 0 <urlopen error [Errno 111] Connection refused>
fail 3781000 0 <urlopen error [Errno 111] Connection refused>
fail 3782000 0 <urlopen error [Errno 111] Connection refused>
fail 3783000 0 <urlopen error [Errno 111] Connection refused>
fail 3784000 0 <urlopen error [Errno 111] Connection refused>
fail 3785000 0 <urlopen error [Errno 111] Connection refused>
fail 3786000 0 <urlopen error [Errno 111] Connection refused>
fail 3787000 0 <urlopen error [Errno 111] Connection refused>
fail 3788000 0 <urlopen error [Errno 111] Connection refused>
fail 3789000 0 <urlopen error [Errno 111] Connection refused>
fail 3790000 0 <urlopen error [Errno 111] Connection refused>
fail 3791000 0 <urlopen error [Errno 111] Connection refused>
fail 3792000 0 <urlopen error [Errno 111] Connection refused>
fail 3793000 0 <urlopen error [Errno 111] Connection refused>
fail 3794000 0 <urlopen error [Errno 111] Connection refused>
fail 3795000 0 <urlopen error [Errno 111] Connection refused>
fail 3796000 0 <urlopen error [Errno 111] Connection refused>
fail 3797000 0 <urlopen error [Errno 111] Connection refused>
fail 3798000 0 <urlopen error [Errno 111] Connection refused>
fail 3799000 0 <urlopen error [Errno 111] Connection refused>
fail 3800000 0 <urlopen error [Errno 111] Connection refused>
3800000 vertices, 673s, fails 985
fail 3801000 0 <urlopen error [Errno 111] Connection refused>
fail 3802000 0 <urlopen error [Errno 111] Connection refused>
fail 3803000 0 <urlopen error [Errno 111] Connection refused>
fail 3804000 0 <urlopen error [Errno 111] Connection refused>
fail 3805000 0 <urlopen error [Errno 111] Connection refused>
fail 3806000 0 <urlopen error [Errno 111] Connection refused>
fail 3807000 0 <urlopen error [Errno 111] Connection refused>
fail 3808000 0 <urlopen error [Errno 111] Connection refused>
fail 3809000 0 <urlopen error [Errno 111] Connection refused>
fail 3810000 0 <urlopen error [Errno 111] Connection refused>
fail 3811000 0 <urlopen error [Errno 111] Connection refused>
fail 3812000 0 <urlopen error [Errno 111] Connection refused>
fail 3813000 0 <urlopen error [Errno 111] Connection refused>
fail 3814000 0 <urlopen error [Errno 111] Connection refused>
fail 3815000 0 <urlopen error [Errno 111] Connection refused>
fail 3816000 0 <urlopen error [Errno 111] Connection refused>
fail 3817000 0 <urlopen error [Errno 111] Connection refused>
fail 3818000 0 <urlopen error [Errno 111] Connection refused>
fail 3819000 0 <urlopen error [Errno 111] Connection refused>
fail 3820000 0 <urlopen error [Errno 111] Connection refused>
fail 3821000 0 <urlopen error [Errno 111] Connection refused>
fail 3822000 0 <urlopen error [Errno 111] Connection refused>
fail 3823000 0 <urlopen error [Errno 111] Connection refused>
fail 3824000 0 <urlopen error [Errno 111] Connection refused>
fail 3825000 0 <urlopen error [Errno 111] Connection refused>
fail 3826000 0 <urlopen error [Errno 111] Connection refused>
fail 3827000 0 <urlopen error [Errno 111] Connection refused>
fail 3828000 0 <urlopen error [Errno 111] Connection refused>
fail 3829000 0 <urlopen error [Errno 111] Connection refused>
fail 3830000 0 <urlopen error [Errno 111] Connection refused>
fail 3831000 0 <urlopen error [Errno 111] Connection refused>
fail 3832000 0 <urlopen error [Errno 111] Connection refused>
fail 3833000 0 <urlopen error [Errno 111] Connection refused>
fail 3834000 0 <urlopen error [Errno 111] Connection refused>
fail 3835000 0 <urlopen error [Errno 111] Connection refused>
fail 3836000 0 <urlopen error [Errno 111] Connection refused>
fail 3837000 0 <urlopen error [Errno 111] Connection refused>
fail 3838000 0 <urlopen error [Errno 111] Connection refused>
fail 3839000 0 <urlopen error [Errno 111] Connection refused>
fail 3840000 0 <urlopen error [Errno 111] Connection refused>
fail 3841000 0 <urlopen error [Errno 111] Connection refused>
fail 3842000 0 <urlopen error [Errno 111] Connection refused>
fail 3843000 0 <urlopen error [Errno 111] Connection refused>
fail 3844000 0 <urlopen error [Errno 111] Connection refused>
fail 3845000 0 <urlopen error [Errno 111] Connection refused>
fail 3846000 0 <urlopen error [Errno 111] Connection refused>
fail 3847000 0 <urlopen error [Errno 111] Connection refused>
fail 3848000 0 <urlopen error [Errno 111] Connection refused>
fail 3849000 0 <urlopen error [Errno 111] Connection refused>
fail 3850000 0 <urlopen error [Errno 111] Connection refused>
fail 3851000 0 <urlopen error [Errno 111] Connection refused>
fail 3852000 0 <urlopen error [Errno 111] Connection refused>
fail 3853000 0 <urlopen error [Errno 111] Connection refused>
fail 3854000 0 <urlopen error [Errno 111] Connection refused>
fail 3855000 0 <urlopen error [Errno 111] Connection refused>
fail 3856000 0 <urlopen error [Errno 111] Connection refused>
fail 3857000 0 <urlopen error [Errno 111] Connection refused>
fail 3858000 0 <urlopen error [Errno 111] Connection refused>
fail 3859000 0 <urlopen error [Errno 111] Connection refused>
fail 3860000 0 <urlopen error [Errno 111] Connection refused>
fail 3861000 0 <urlopen error [Errno 111] Connection refused>
fail 3862000 0 <urlopen error [Errno 111] Connection refused>
fail 3863000 0 <urlopen error [Errno 111] Connection refused>
fail 3864000 0 <urlopen error [Errno 111] Connection refused>
fail 3865000 0 <urlopen error [Errno 111] Connection refused>
fail 3866000 0 <urlopen error [Errno 111] Connection refused>
fail 3867000 0 <urlopen error [Errno 111] Connection refused>
fail 3868000 0 <urlopen error [Errno 111] Connection refused>
fail 3869000 0 <urlopen error [Errno 111] Connection refused>
fail 3870000 0 <urlopen error [Errno 111] Connection refused>
fail 3871000 0 <urlopen error [Errno 111] Connection refused>
fail 3872000 0 <urlopen error [Errno 111] Connection refused>
fail 3873000 0 <urlopen error [Errno 111] Connection refused>
fail 3874000 0 <urlopen error [Errno 111] Connection refused>
fail 3875000 0 <urlopen error [Errno 111] Connection refused>
fail 3876000 0 <urlopen error [Errno 111] Connection refused>
fail 3877000 0 <urlopen error [Errno 111] Connection refused>
fail 3878000 0 <urlopen error [Errno 111] Connection refused>
fail 3879000 0 <urlopen error [Errno 111] Connection refused>
fail 3880000 0 <urlopen error [Errno 111] Connection refused>
fail 3881000 0 <urlopen error [Errno 111] Connection refused>
fail 3882000 0 <urlopen error [Errno 111] Connection refused>
fail 3883000 0 <urlopen error [Errno 111] Connection refused>
fail 3884000 0 <urlopen error [Errno 111] Connection refused>
fail 3885000 0 <urlopen error [Errno 111] Connection refused>
fail 3886000 0 <urlopen error [Errno 111] Connection refused>
fail 3887000 0 <urlopen error [Errno 111] Connection refused>
fail 3888000 0 <urlopen error [Errno 111] Connection refused>
fail 3889000 0 <urlopen error [Errno 111] Connection refused>
fail 3890000 0 <urlopen error [Errno 111] Connection refused>
fail 3891000 0 <urlopen error [Errno 111] Connection refused>
fail 3892000 0 <urlopen error [Errno 111] Connection refused>
fail 3893000 0 <urlopen error [Errno 111] Connection refused>
fail 3894000 0 <urlopen error [Errno 111] Connection refused>
fail 3895000 0 <urlopen error [Errno 111] Connection refused>
fail 3896000 0 <urlopen error [Errno 111] Connection refused>
fail 3897000 0 <urlopen error [Errno 111] Connection refused>
fail 3898000 0 <urlopen error [Errno 111] Connection refused>
fail 3899000 0 <urlopen error [Errno 111] Connection refused>
fail 3900000 0 <urlopen error [Errno 111] Connection refused>
3900000 vertices, 673s, fails 1085
fail 3901000 0 <urlopen error [Errno 111] Connection refused>
fail 3902000 0 <urlopen error [Errno 111] Connection refused>
fail 3903000 0 <urlopen error [Errno 111] Connection refused>
fail 3904000 0 <urlopen error [Errno 111] Connection refused>
fail 3905000 0 <urlopen error [Errno 111] Connection refused>
fail 3906000 0 <urlopen error [Errno 111] Connection refused>
fail 3907000 0 <urlopen error [Errno 111] Connection refused>
fail 3908000 0 <urlopen error [Errno 111] Connection refused>
fail 3909000 0 <urlopen error [Errno 111] Connection refused>
fail 3910000 0 <urlopen error [Errno 111] Connection refused>
fail 3911000 0 <urlopen error [Errno 111] Connection refused>
fail 3912000 0 <urlopen error [Errno 111] Connection refused>
fail 3913000 0 <urlopen error [Errno 111] Connection refused>
fail 3914000 0 <urlopen error [Errno 111] Connection refused>
fail 3915000 0 <urlopen error [Errno 111] Connection refused>
fail 3916000 0 <urlopen error [Errno 111] Connection refused>
fail 3917000 0 <urlopen error [Errno 111] Connection refused>
fail 3918000 0 <urlopen error [Errno 111] Connection refused>
fail 3919000 0 <urlopen error [Errno 111] Connection refused>
fail 3920000 0 <urlopen error [Errno 111] Connection refused>
fail 3921000 0 <urlopen error [Errno 111] Connection refused>
fail 3922000 0 <urlopen error [Errno 111] Connection refused>
fail 3923000 0 <urlopen error [Errno 111] Connection refused>
fail 3924000 0 <urlopen error [Errno 111] Connection refused>
fail 3925000 0 <urlopen error [Errno 111] Connection refused>
fail 3926000 0 <urlopen error [Errno 111] Connection refused>
fail 3927000 0 <urlopen error [Errno 111] Connection refused>
fail 3928000 0 <urlopen error [Errno 111] Connection refused>
fail 3929000 0 <urlopen error [Errno 111] Connection refused>
fail 3930000 0 <urlopen error [Errno 111] Connection refused>
fail 3931000 0 <urlopen error [Errno 111] Connection refused>
fail 3932000 0 <urlopen error [Errno 111] Connection refused>
fail 3933000 0 <urlopen error [Errno 111] Connection refused>
fail 3934000 0 <urlopen error [Errno 111] Connection refused>
fail 3935000 0 <urlopen error [Errno 111] Connection refused>
fail 3936000 0 <urlopen error [Errno 111] Connection refused>
fail 3937000 0 <urlopen error [Errno 111] Connection refused>
fail 3938000 0 <urlopen error [Errno 111] Connection refused>
fail 3939000 0 <urlopen error [Errno 111] Connection refused>
fail 3940000 0 <urlopen error [Errno 111] Connection refused>
fail 3941000 0 <urlopen error [Errno 111] Connection refused>
fail 3942000 0 <urlopen error [Errno 111] Connection refused>
fail 3943000 0 <urlopen error [Errno 111] Connection refused>
fail 3944000 0 <urlopen error [Errno 111] Connection refused>
fail 3945000 0 <urlopen error [Errno 111] Connection refused>
fail 3946000 0 <urlopen error [Errno 111] Connection refused>
fail 3947000 0 <urlopen error [Errno 111] Connection refused>
fail 3948000 0 <urlopen error [Errno 111] Connection refused>
fail 3949000 0 <urlopen error [Errno 111] Connection refused>
fail 3950000 0 <urlopen error [Errno 111] Connection refused>
fail 3951000 0 <urlopen error [Errno 111] Connection refused>
fail 3952000 0 <urlopen error [Errno 111] Connection refused>
fail 3953000 0 <urlopen error [Errno 111] Connection refused>
fail 3954000 0 <urlopen error [Errno 111] Connection refused>
fail 3955000 0 <urlopen error [Errno 111] Connection refused>
fail 3956000 0 <urlopen error [Errno 111] Connection refused>
fail 3957000 0 <urlopen error [Errno 111] Connection refused>
fail 3958000 0 <urlopen error [Errno 111] Connection refused>
fail 3959000 0 <urlopen error [Errno 111] Connection refused>
fail 3960000 0 <urlopen error [Errno 111] Connection refused>
fail 3961000 0 <urlopen error [Errno 111] Connection refused>
fail 3962000 0 <urlopen error [Errno 111] Connection refused>
fail 3963000 0 <urlopen error [Errno 111] Connection refused>
fail 3964000 0 <urlopen error [Errno 111] Connection refused>
fail 3965000 0 <urlopen error [Errno 111] Connection refused>
fail 3966000 0 <urlopen error [Errno 111] Connection refused>
fail 3967000 0 <urlopen error [Errno 111] Connection refused>
fail 3968000 0 <urlopen error [Errno 111] Connection refused>
fail 3969000 0 <urlopen error [Errno 111] Connection refused>
fail 3970000 0 <urlopen error [Errno 111] Connection refused>
fail 3971000 0 <urlopen error [Errno 111] Connection refused>
fail 3972000 0 <urlopen error [Errno 111] Connection refused>
fail 3973000 0 <urlopen error [Errno 111] Connection refused>
fail 3974000 0 <urlopen error [Errno 111] Connection refused>
fail 3975000 0 <urlopen error [Errno 111] Connection refused>
fail 3976000 0 <urlopen error [Errno 111] Connection refused>
fail 3977000 0 <urlopen error [Errno 111] Connection refused>
fail 3978000 0 <urlopen error [Errno 111] Connection refused>
fail 3979000 0 <urlopen error [Errno 111] Connection refused>
fail 3980000 0 <urlopen error [Errno 111] Connection refused>
fail 3981000 0 <urlopen error [Errno 111] Connection refused>
fail 3982000 0 <urlopen error [Errno 111] Connection refused>
fail 3983000 0 <urlopen error [Errno 111] Connection refused>
fail 3984000 0 <urlopen error [Errno 111] Connection refused>
fail 3985000 0 <urlopen error [Errno 111] Connection refused>
fail 3986000 0 <urlopen error [Errno 111] Connection refused>
fail 3987000 0 <urlopen error [Errno 111] Connection refused>
fail 3988000 0 <urlopen error [Errno 111] Connection refused>
fail 3989000 0 <urlopen error [Errno 111] Connection refused>
fail 3990000 0 <urlopen error [Errno 111] Connection refused>
fail 3991000 0 <urlopen error [Errno 111] Connection refused>
fail 3992000 0 <urlopen error [Errno 111] Connection refused>
fail 3993000 0 <urlopen error [Errno 111] Connection refused>
fail 3994000 0 <urlopen error [Errno 111] Connection refused>
fail 3995000 0 <urlopen error [Errno 111] Connection refused>
fail 3996000 0 <urlopen error [Errno 111] Connection refused>
fail 3997000 0 <urlopen error [Errno 111] Connection refused>
fail 3998000 0 <urlopen error [Errno 111] Connection refused>
fail 3999000 0 <urlopen error [Errno 111] Connection refused>
done 4000000 in 674s, fails 1184
