PASS R1 decimal default value stored in user_data               user_data={'~create_time': '2026-09-16 22:38:42.634', '~default_value': '0.000000000000000001'}
PASS R1 vertex label with two decimal properties                HTTP 201
PASS R1 edge label with a decimal property behind an INT sort key HTTP 201
PASS R2 SECONDARY index on a decimal rejected                   HTTP 400 Not allowed to build index on property key 'd2f_balance' whose data type is decimal
PASS R2 RANGE index on a decimal rejected                       HTTP 400 Not allowed to build index on property key 'd2f_balance' whose data type is decimal
PASS R2 decimal sort key rejected                               HTTP 400 The sort key 'd2f_amount' of edge label 'd2f_bad' can't be a decimal property
PASS R3 OLAP_SECONDARY on a decimal rejected                    HTTP 400 Not allowed to set write type to OLAP_SECONDARY for property key 'd2f_rank_olap_secondary' with data
PASS R3 OLAP_RANGE on a decimal rejected                        HTTP 400 Not allowed to set write type to OLAP_RANGE for property key 'd2f_rank_olap_range' with data type 'D
PASS R3 OLAP_COMMON on a decimal allowed (no index)             HTTP 202 
PASS R4 REST create balance=115792089237316195423570            HTTP 201 response balance='115792089237316195423570985008687907853269984665640564039457584007913129639933'
PASS R4 REST create balance=0.000000000000000001                HTTP 201 response balance='0.000000000000000001'
PASS R4 REST create balance=-1.50                               HTTP 201 response balance='-1.50'
PASS R4 REST create balance=0                                   HTTP 201 response balance='0'
PASS R4 REST read back a                                        balance='115792089237316195423570985008687907853269984665640564039457584007913129639933'
PASS R4 REST read back b                                        balance='0.000000000000000001'
PASS R4 REST read back c                                        balance='-1.50'
PASS R4 REST read back d                                        balance='0'
PASS R4 batch SUM accepted                                      HTTP 200 
PASS R4 batch SUM result a exact                                balance='115792089237316195423570985008687907853269984665640564039457584007913129639935' expected 1157920892373161954235709850086879078532699846656405640394
PASS R4 batch SUM result b exact                                balance='0.000000000000000002' expected 0.000000000000000002
PASS R4 huge exponent rejected on create                        HTTP 400 Invalid property value '1E+999999999' for key 'd2f_balance': Decimal value out of bounds: precision 
PASS R4 scale 128 accepted on create                            HTTP 201
PASS R4 128 significant digits accepted on create               HTTP 201
PASS R4 SUM result crossing the bound rejected                  HTTP 400 Invalid property value '1000000000000000000000000000000000000000000000000000000000000000000000000000
PASS R4 decimal default value applied to a new vertex           fee='0.000000000000000001'
PASS R5 /gremlin REST proxy: values(balance) uint256 max        HTTP 200 got '115792089237316195423570985008687907853269984665640564039457584007913129639935'
PASS R5 /gremlin REST proxy: g.inject(1.5) Groovy literal       HTTP 200 got '1.5'
PASS R5 /gremlin REST proxy: values(fee) default                HTTP 200 got '0.000000000000000001'
PASS R5 /gremlin REST proxy: sum() over balances                HTTP 200 got '200000000000000000000000000000000000000000000000000115792089237316195423570985008687907853269984665640564039457584007913129639932.500000000000
N-A  R6 gremlin-server v1: values(balance) uint256 max          HTTP 400 no serializer for requested Accept header: application/vnd.gremlin-v1.0+json
N-A  R6 gremlin-server v1: g.inject(1.5) Groovy literal         HTTP 400 no serializer for requested Accept header: application/vnd.gremlin-v1.0+json
N-A  R6 gremlin-server v1: values(fee) default                  HTTP 400 no serializer for requested Accept header: application/vnd.gremlin-v1.0+json
N-A  R6 gremlin-server v1: sum() over balances                  HTTP 400 no serializer for requested Accept header: application/vnd.gremlin-v1.0+json
PASS R6 gremlin-server v2: values(balance) uint256 max          HTTP 200 got ('gx:BigDecimal', '115792089237316195423570985008687907853269984665640564039457584007913129639935')
PASS R6 gremlin-server v2: g.inject(1.5) Groovy literal         HTTP 200 got ('gx:BigDecimal', '1.5')
PASS R6 gremlin-server v2: values(fee) default                  HTTP 200 got ('gx:BigDecimal', '0.000000000000000001')
PASS R6 gremlin-server v2: sum() over balances                  HTTP 200 got ('gx:BigDecimal', '2000000000000000000000000000000000000000000000000001157920892373161954235709850086879078532699846656405640394575840079131296
PASS R6 gremlin-server v3: values(balance) uint256 max          HTTP 200 got ('gx:BigDecimal', '115792089237316195423570985008687907853269984665640564039457584007913129639935')
PASS R6 gremlin-server v3: g.inject(1.5) Groovy literal         HTTP 200 got ('gx:BigDecimal', '1.5')
PASS R6 gremlin-server v3: values(fee) default                  HTTP 200 got ('gx:BigDecimal', '0.000000000000000001')
PASS R6 gremlin-server v3: sum() over balances                  HTTP 200 got ('gx:BigDecimal', '2000000000000000000000000000000000000000000000000001157920892373161954235709850086879078532699846656405640394575840079131296
{"tag": "after2-rocksdb", "rest_port": 8081, "gremlin_port": 8183, "pass": 37, "fail": 0, "na": 4, "results": [{"check": "R1 decimal default value stored in user_data", "status": "PASS", "detail": "user_data={'~create_time': '2026-09-16 22:38:42.634', '~default_value': '0.000000000000000001'}"}, {"check": "R1 vertex label with two decimal properties", "status": "PASS", "detail": "HTTP 201"}, {"check": "R1 edge label with a decimal property behind an INT sort key", "status": "PASS", "detail": "HTTP 201"}, {"check": "R2 SECONDARY index on a decimal rejected", "status": "PASS", "detail": "HTTP 400 Not allowed to build index on property key 'd2f_balance' whose data type is decimal"}, {"check": "R2 RANGE index on a decimal rejected", "status": "PASS", "detail": "HTTP 400 Not allowed to build index on property key 'd2f_balance' whose data type is decimal"}, {"check": "R2 decimal sort key rejected", "status": "PASS", "detail": "HTTP 400 The sort key 'd2f_amount' of edge label 'd2f_bad' can't be a decimal property"}, {"check": "R3 OLAP_SECONDARY on a decimal rejected", "status": "PASS", "detail": "HTTP 400 Not allowed to set write type to OLAP_SECONDARY for property key 'd2f_rank_olap_secondary' with data"}, {"check": "R3 OLAP_RANGE on a decimal rejected", "status": "PASS", "detail": "HTTP 400 Not allowed to set write type to OLAP_RANGE for property key 'd2f_rank_olap_range' with data type 'D"}, {"check": "R3 OLAP_COMMON on a decimal allowed (no index)", "status": "PASS", "detail": "HTTP 202 "}, {"check": "R4 REST create balance=115792089237316195423570", "status": "PASS", "detail": "HTTP 201 response balance='115792089237316195423570985008687907853269984665640564039457584007913129639933'"}, {"check": "R4 REST create balance=0.000000000000000001", "status": "PASS", "detail": "HTTP 201 response balance='0.000000000000000001'"}, {"check": "R4 REST create balance=-1.50", "status": "PASS", "detail": "HTTP 201 response balance='-1.50'"}, {"check": "R4 REST create balance=0", "status": "PASS", "detail": "HTTP 201 response balance='0'"}, {"check": "R4 REST read back a", "status": "PASS", "detail": "balance='115792089237316195423570985008687907853269984665640564039457584007913129639933'"}, {"check": "R4 REST read back b", "status": "PASS", "detail": "balance='0.000000000000000001'"}, {"check": "R4 REST read back c", "status": "PASS", "detail": "balance='-1.50'"}, {"check": "R4 REST read back d", "status": "PASS", "detail": "balance='0'"}, {"check": "R4 batch SUM accepted", "status": "PASS", "detail": "HTTP 200 "}, {"check": "R4 batch SUM result a exact", "status": "PASS", "detail": "balance='115792089237316195423570985008687907853269984665640564039457584007913129639935' expected 115792089237316195423570985008687907853269984665640564039457584007913129639935"}, {"check": "R4 batch SUM result b exact", "status": "PASS", "detail": "balance='0.000000000000000002' expected 0.000000000000000002"}, {"check": "R4 huge exponent rejected on create", "status": "PASS", "detail": "HTTP 400 Invalid property value '1E+999999999' for key 'd2f_balance': Decimal value out of bounds: precision "}, {"check": "R4 scale 128 accepted on create", "status": "PASS", "detail": "HTTP 201"}, {"check": "R4 128 significant digits accepted on create", "status": "PASS", "detail": "HTTP 201"}, {"check": "R4 SUM result crossing the bound rejected", "status": "PASS", "detail": "HTTP 400 Invalid property value '1000000000000000000000000000000000000000000000000000000000000000000000000000"}, {"check": "R4 decimal default value applied to a new vertex", "status": "PASS", "detail": "fee='0.000000000000000001'"}, {"check": "R5 /gremlin REST proxy: values(balance) uint256 max", "status": "PASS", "detail": "HTTP 200 got '115792089237316195423570985008687907853269984665640564039457584007913129639935'"}, {"check": "R5 /gremlin REST proxy: g.inject(1.5) Groovy literal", "status": "PASS", "detail": "HTTP 200 got '1.5'"}, {"check": "R5 /gremlin REST proxy: values(fee) default", "status": "PASS", "detail": "HTTP 200 got '0.000000000000000001'"}, {"check": "R5 /gremlin REST proxy: sum() over balances", "status": "PASS", "detail": "HTTP 200 got '200000000000000000000000000000000000000000000000000115792089237316195423570985008687907853269984665640564039457584007913129639932.500000000000000002'"}, {"check": "R6 gremlin-server v1: values(balance) uint256 max", "status": "N-A", "detail": "HTTP 400 no serializer for requested Accept header: application/vnd.gremlin-v1.0+json"}, {"check": "R6 gremlin-server v1: g.inject(1.5) Groovy literal", "status": "N-A", "detail": "HTTP 400 no serializer for requested Accept header: application/vnd.gremlin-v1.0+json"}, {"check": "R6 gremlin-server v1: values(fee) default", "status": "N-A", "detail": "HTTP 400 no serializer for requested Accept header: application/vnd.gremlin-v1.0+json"}, {"check": "R6 gremlin-server v1: sum() over balances", "status": "N-A", "detail": "HTTP 400 no serializer for requested Accept header: application/vnd.gremlin-v1.0+json"}, {"check": "R6 gremlin-server v2: values(balance) uint256 max", "status": "PASS", "detail": "HTTP 200 got ('gx:BigDecimal', '115792089237316195423570985008687907853269984665640564039457584007913129639935')"}, {"check": "R6 gremlin-server v2: g.inject(1.5) Groovy literal", "status": "PASS", "detail": "HTTP 200 got ('gx:BigDecimal', '1.5')"}, {"check": "R6 gremlin-server v2: values(fee) default", "status": "PASS", "detail": "HTTP 200 got ('gx:BigDecimal', '0.000000000000000001')"}, {"check": "R6 gremlin-server v2: sum() over balances", "status": "PASS", "detail": "HTTP 200 got ('gx:BigDecimal', '200000000000000000000000000000000000000000000000000115792089237316195423570985008687907853269984665640564039457584007913129639932.500000000000000002')"}, {"check": "R6 gremlin-server v3: values(balance) uint256 max", "status": "PASS", "detail": "HTTP 200 got ('gx:BigDecimal', '115792089237316195423570985008687907853269984665640564039457584007913129639935')"}, {"check": "R6 gremlin-server v3: g.inject(1.5) Groovy literal", "status": "PASS", "detail": "HTTP 200 got ('gx:BigDecimal', '1.5')"}, {"check": "R6 gremlin-server v3: values(fee) default", "status": "PASS", "detail": "HTTP 200 got ('gx:BigDecimal', '0.000000000000000001')"}, {"check": "R6 gremlin-server v3: sum() over balances", "status": "PASS", "detail": "HTTP 200 got ('gx:BigDecimal', '200000000000000000000000000000000000000000000000000115792089237316195423570985008687907853269984665640564039457584007913129639932.500000000000000002')"}]}
exit=0
