   0.0s probe OK   vertex=200/0.0s  sent=1 inflight=1 (writing)
  10.1s probe OK   vertex=200/0.0s  sent=11 inflight=5 (writing)
  20.1s probe OK   vertex=200/0.0s  sent=21 inflight=10 (writing)
  30.1s probe DEAD vertex=503/0.0s  sent=31 inflight=15 (writing)
  40.1s probe DEAD vertex=503/0.0s  sent=41 inflight=15 (writing)
  46.1s probe OK   vertex=200/0.0s  sent=47 inflight=14 (writing)
  52.1s probe OK   vertex=200/0.0s  sent=53 inflight=14 (writing)
  56.2s probe OK   vertex=200/0.0s  sent=57 inflight=13 (writing)
  66.2s probe OK   vertex=200/0.0s  sent=67 inflight=12 (writing)
  76.2s probe DEAD vertex=503/0.0s  sent=77 inflight=15 (writing)
  78.2s probe OK   vertex=200/0.0s  sent=79 inflight=14 (writing)
  86.2s probe OK   vertex=200/0.0s  sent=87 inflight=14 (writing)
  96.2s probe OK   vertex=200/0.0s  sent=97 inflight=13 (writing)
 106.2s probe OK   vertex=200/0.0s  sent=107 inflight=14 (writing)
 116.3s probe DEAD vertex=503/0.0s  sent=117 inflight=15 (writing)
 120.3s probe OK   vertex=200/0.0s  sent=121 inflight=14 (writing)
 128.3s probe OK   vertex=200/0.0s  sent=129 inflight=14 (writing)
 138.3s probe DEAD vertex=503/0.0s  sent=139 inflight=15 (writing)
 140.3s probe OK   vertex=200/0.0s  sent=141 inflight=13 (writing)
 150.3s probe OK   vertex=200/0.0s  sent=151 inflight=14 (writing)
 156.3s probe OK   vertex=200/0.0s  sent=157 inflight=13 (writing)
 166.4s probe DEAD vertex=503/0.0s  sent=167 inflight=15 (writing)
 172.4s probe OK   vertex=200/0.0s  sent=173 inflight=12 (writing)
 182.4s probe OK   vertex=200/0.0s  sent=183 inflight=14 (writing)
 190.4s probe OK   vertex=200/0.0s  sent=191 inflight=14 (writing)
 200.4s probe DEAD vertex=503/0.0s  sent=201 inflight=15 (writing)
 208.4s probe OK   vertex=200/0.0s  sent=209 inflight=14 (writing)
 218.4s probe OK   vertex=200/0.0s  sent=219 inflight=14 (writing)
 226.5s probe OK   vertex=200/0.0s  sent=227 inflight=14 (writing)
 236.5s probe DEAD vertex=503/0.0s  sent=237 inflight=15 (writing)
 244.5s probe OK   vertex=200/0.0s  sent=245 inflight=13 (writing)
 254.5s probe OK   vertex=200/0.0s  sent=255 inflight=14 (writing)
 258.5s probe OK   vertex=200/0.0s  sent=259 inflight=14 (writing)
 268.5s probe OK   vertex=200/0.0s  sent=269 inflight=14 (writing)
 274.5s probe OK   vertex=200/0.0s  sent=275 inflight=14 (writing)
 278.5s probe OK   vertex=200/0.0s  sent=279 inflight=14 (writing)
 284.6s probe OK   vertex=200/0.0s  sent=285 inflight=14 (writing)
 292.6s probe OK   vertex=200/0.0s  sent=293 inflight=14 (writing)
 300.6s probe OK   vertex=200/0.0s  sent=300 inflight=14 (writes stopped)
 310.6s probe OK   vertex=200/0.0s  sent=300 inflight=10 (writes stopped)
SUMMARY after-35e0a6d: rate=1.0/s writes=300s sent=300 finished=296 still_inflight=4 statuses={'201': 90, '503': 89, '500': 117} post_latency_median=0.0s max=45.0s dead_probes=64 dead_windows=[(30.1, 46.1), (48.1, 52.1), (54.1, 56.2), (72.2, 78.2), (80.2, 86.2), (108.3, 120.3), (126.3, 128.3), (132.3, 140.3), (154.3, 156.3), (162.3, 172.4), (184.4, 190.4), (196.4, 208.4), (222.4, 226.5), (228.5, 244.5), (256.5, 258.5), (270.5, 274.5), (276.5, 278.5), (280.5, 284.6), (288.6, 292.6), (294.6, 300.6)] first_dead=30.1s rest_dead_after_writes_stopped=0.0s total= 318.6s
