   0.0s probe OK   vertex=200/0.0s  sent=1 inflight=1 (writing)
  10.1s probe OK   vertex=200/0.0s  sent=11 inflight=9 (writing)
  20.1s probe OK   vertex=200/0.0s  sent=21 inflight=13 (writing)
  28.1s probe DEAD vertex=503/0.0s  sent=29 inflight=15 (writing)
  38.1s probe DEAD vertex=503/0.0s  sent=39 inflight=15 (writing)
  48.1s probe DEAD vertex=503/0.0s  sent=49 inflight=15 (writing)
  58.2s probe DEAD vertex=503/0.0s  sent=59 inflight=15 (writing)
  68.2s probe DEAD vertex=503/0.0s  sent=69 inflight=15 (writing)
  78.2s probe DEAD vertex=503/0.0s  sent=79 inflight=15 (writing)
  88.2s probe DEAD vertex=503/0.0s  sent=89 inflight=15 (writing)
  98.2s probe DEAD vertex=503/0.0s  sent=99 inflight=15 (writing)
 108.3s probe DEAD vertex=503/0.0s  sent=109 inflight=15 (writing)
 118.3s probe DEAD vertex=503/0.0s  sent=119 inflight=15 (writing)
 128.3s probe DEAD vertex=503/0.0s  sent=129 inflight=15 (writing)
 138.3s probe DEAD vertex=503/0.0s  sent=139 inflight=15 (writing)
 148.3s probe DEAD vertex=503/0.0s  sent=149 inflight=15 (writing)
 158.4s probe DEAD vertex=503/0.0s  sent=159 inflight=15 (writing)
 168.4s probe DEAD vertex=503/0.0s  sent=169 inflight=15 (writing)
 178.4s probe DEAD vertex=503/0.0s  sent=179 inflight=15 (writing)
 188.4s probe DEAD vertex=503/0.0s  sent=189 inflight=15 (writing)
 198.4s probe DEAD vertex=503/0.0s  sent=199 inflight=15 (writing)
 208.4s probe DEAD vertex=503/0.0s  sent=209 inflight=15 (writing)
 218.5s probe DEAD vertex=503/0.0s  sent=219 inflight=15 (writing)
 228.5s probe DEAD vertex=503/0.0s  sent=229 inflight=15 (writing)
 238.5s probe DEAD vertex=503/0.0s  sent=239 inflight=15 (writing)
 248.5s probe DEAD vertex=503/0.0s  sent=249 inflight=15 (writing)
 254.5s probe OK   vertex=200/0.0s  sent=255 inflight=14 (writing)
 258.5s probe OK   vertex=200/0.0s  sent=259 inflight=12 (writing)
 268.5s probe OK   vertex=200/0.0s  sent=269 inflight=12 (writing)
 278.6s probe OK   vertex=200/0.0s  sent=279 inflight=14 (writing)
 282.6s probe OK   vertex=200/0.0s  sent=283 inflight=14 (writing)
 292.6s probe DEAD vertex=503/0.0s  sent=293 inflight=15 (writing)
 302.6s probe DEAD vertex=503/0.0s  sent=300 inflight=15 (writes stopped)
 312.6s probe DEAD vertex=503/0.0s  sent=300 inflight=15 (writes stopped)
 322.6s probe DEAD vertex=503/0.0s  sent=300 inflight=15 (writes stopped)
 332.7s probe DEAD vertex=503/0.0s  sent=300 inflight=15 (writes stopped)
 342.7s probe DEAD vertex=503/0.0s  sent=300 inflight=15 (writes stopped)
 352.7s probe DEAD vertex=503/0.0s  sent=300 inflight=15 (writes stopped)
 362.7s probe DEAD vertex=503/0.0s  sent=300 inflight=15 (writes stopped)
 372.7s probe DEAD vertex=503/0.0s  sent=300 inflight=15 (writes stopped)
 382.7s probe DEAD vertex=503/0.0s  sent=300 inflight=15 (writes stopped)
 392.8s probe DEAD vertex=503/0.0s  sent=300 inflight=15 (writes stopped)
 402.8s probe DEAD vertex=503/0.0s  sent=300 inflight=15 (writes stopped)
 412.8s probe DEAD vertex=503/0.0s  sent=300 inflight=15 (writes stopped)
 422.8s probe DEAD vertex=503/0.0s  sent=300 inflight=15 (writes stopped)
 432.8s probe DEAD vertex=503/0.0s  sent=300 inflight=15 (writes stopped)
 442.8s probe DEAD vertex=503/0.0s  sent=300 inflight=15 (writes stopped)
 452.9s probe DEAD vertex=503/0.0s  sent=300 inflight=15 (writes stopped)
 462.9s probe DEAD vertex=503/0.0s  sent=300 inflight=15 (writes stopped)
 472.9s probe DEAD vertex=503/0.0s  sent=300 inflight=15 (writes stopped)
 482.9s probe DEAD vertex=503/0.0s  sent=300 inflight=15 (writes stopped)
 492.9s probe DEAD vertex=503/0.0s  sent=300 inflight=15 (writes stopped)
 502.9s probe OK   vertex=200/0.0s  sent=300 inflight=14 (writes stopped)
 512.9s probe OK   vertex=200/0.0s  sent=300 inflight=10 (writes stopped)
SUMMARY before: rate=1.0/s writes=300s sent=300 finished=293 still_inflight=7 statuses={'201': 27, '503': 243, '500': 23} post_latency_median=0.0s max=257.2s dead_probes=224 dead_windows=[(28.1, 254.5), (256.5, 258.5), (280.6, 282.6), (284.6, 502.9)] first_dead=28.1s rest_dead_after_writes_stopped=200.9s total= 521.0s
