   0.0s probe OK   vertex=200/0.0s  sent=1 inflight=1 (writing)
  10.1s probe OK   vertex=200/0.0s  sent=11 inflight=3 (writing)
  20.1s probe OK   vertex=200/0.0s  sent=21 inflight=5 (writing)
  30.1s probe OK   vertex=200/0.0s  sent=31 inflight=9 (writing)
  40.1s probe OK   vertex=200/0.0s  sent=41 inflight=11 (writing)
  50.1s probe OK   vertex=200/0.0s  sent=51 inflight=10 (writing)
  60.2s probe OK   vertex=200/0.0s  sent=61 inflight=10 (writing)
  70.2s probe OK   vertex=200/0.0s  sent=71 inflight=12 (writing)
  80.2s probe OK   vertex=200/0.0s  sent=81 inflight=13 (writing)
  90.2s probe OK   vertex=200/0.0s  sent=91 inflight=9 (writing)
 100.2s probe OK   vertex=200/0.0s  sent=101 inflight=13 (writing)
 102.3s probe DEAD vertex=503/0.0s  sent=103 inflight=15 (writing)
 104.3s probe OK   vertex=200/0.0s  sent=105 inflight=14 (writing)
 112.3s probe OK   vertex=200/0.0s  sent=113 inflight=13 (writing)
 122.3s probe OK   vertex=200/0.0s  sent=123 inflight=10 (writing)
 132.3s probe OK   vertex=200/0.0s  sent=133 inflight=9 (writing)
 142.3s probe OK   vertex=200/0.0s  sent=143 inflight=9 (writing)
 152.3s probe OK   vertex=200/0.0s  sent=153 inflight=10 (writing)
 162.4s probe OK   vertex=200/0.0s  sent=163 inflight=8 (writing)
 172.4s probe OK   vertex=200/0.0s  sent=173 inflight=8 (writing)
 182.4s probe OK   vertex=200/0.0s  sent=183 inflight=11 (writing)
 192.4s probe OK   vertex=200/0.0s  sent=193 inflight=14 (writing)
 198.4s probe OK   vertex=200/0.0s  sent=199 inflight=14 (writing)
 208.5s probe OK   vertex=200/0.0s  sent=209 inflight=11 (writing)
 218.5s probe OK   vertex=200/0.0s  sent=219 inflight=12 (writing)
 228.5s probe DEAD vertex=503/0.0s  sent=229 inflight=15 (writing)
 230.5s probe OK   vertex=200/0.0s  sent=231 inflight=13 (writing)
 240.5s probe OK   vertex=200/0.0s  sent=241 inflight=11 (writing)
 250.5s probe OK   vertex=200/0.0s  sent=251 inflight=13 (writing)
 260.5s probe OK   vertex=200/0.0s  sent=261 inflight=11 (writing)
 270.6s probe OK   vertex=200/0.0s  sent=271 inflight=13 (writing)
 280.6s probe OK   vertex=200/0.0s  sent=281 inflight=13 (writing)
 290.6s probe OK   vertex=200/0.0s  sent=291 inflight=8 (writing)
 300.6s probe OK   vertex=200/0.0s  sent=300 inflight=10 (writes stopped)
SUMMARY after: rate=1.0/s writes=300s sent=300 finished=290 still_inflight=10 statuses={'201': 131, '500': 152, '503': 7} post_latency_median=20.0s max=20.1s dead_probes=7 dead_windows=[(102.3, 104.3), (106.3, 112.3), (196.4, 198.4), (226.5, 230.5)] first_dead=102.3s rest_dead_after_writes_stopped=0.0s total= 300.6s
