  _    _  _____        _____  _____
 | |  | |/ ____|      |  __ \|  __ \
 | |__| | |  __ ______| |__) | |  | |
 |  __  | | |_ |______|  ___/| |  | |
 | |  | | |__| |      | |    | |__| |
 |_|  |_|\_____|      |_|    |_____/

2026-09-21 15:19:07 [main] [INFO] o.a.h.p.b.HugePDServer - Starting HugePDServer v1.7.0 using Java 17.0.13 on hugegraph-dev with PID 1086560 (/home/seba/pd-dup/lib/hg-pd-service-1.7.0.jar started by seba in /home/seba/pd-dup)
2026-09-21 15:19:07 [main] [INFO] o.a.h.p.b.HugePDServer - No active profile set, falling back to 1 default profile: "default"
2026-09-21 15:19:09 [main] [ERROR] o.a.h.p.c.PDConfig - auth.secret-key is not configured, so every authenticated REST request will be refused. Add it to conf/application.yml (or set HG_PD_AUTH_SECRET_KEY) and give every REST client the same value.
2026-09-21 15:19:09 [main] [INFO] o.a.h.p.s.PDService - PDService init………… PDConfig(clusterId=1, patrolInterval=1800, dataPath=./pd_data, minStoreCount=3, initialStoreList=192.168.80.235:8500,192.168.80.236:8500,192.168.80.237:8500, host=192.168.80.235, verifyPath=./conf/verify-license.json, licensePath=./conf/hugegraph.license, jobConfig=PDConfig.JobConfig(core=0, max=256, queueSize=2147483647, startTime=19, uninterruptibleCore=0, uninterruptibleMax=256, uninterruptibleQueueSize=2147483647), threadPoolGrpc=PDConfig.ThreadPoolGrpc(core=600, max=1000, queue=2147483647), raft=PDConfig.Raft(enable=true, ipWhitelistEnabled=true, address=192.168.80.235:8611, dataPath=./pd_data, peersList=192.168.80.235:8611, snapshotInterval=300, rpcTimeout=10000, host=192.168.80.235, port=8621, clusterId=1, grpcPort=8687), store=PDConfig.Store(keepAliveTimeout=300, maxDownTime=172800, monitorDataEnabled=true, monitorDataInterval=1 minute, monitorDataRetention=1 day), partition=PDConfig.Partition(totalCount=12, maxShardsPerStore=12, shardCount=3), discovery=PDConfig.Discovery(heartbeatOutTimes=3), initialStoreMap={192.168.80.236:8500=192.168.80.236:8500, 192.168.80.237:8500=192.168.80.237:8500, 192.168.80.235:8500=192.168.80.235:8500}, configService=null, idService=null)
2026-09-21 15:19:10 [main] [ERROR] o.a.h.p.s.HgKVStoreImpl - Failed to open RocksDB from ./pd_data/rocksdb/
org.rocksdb.RocksDBException: While lock file: ./pd_data/rocksdb//LOCK: Zasoby chwilowo niedostępne
	at org.rocksdb.RocksDB.open(Native Method) ~[rocksdbjni-6.29.5.jar!/:?]
	at org.rocksdb.RocksDB.open(RocksDB.java:251) ~[rocksdbjni-6.29.5.jar!/:?]
	at org.apache.hugegraph.pd.store.HgKVStoreImpl.openRocksDB(HgKVStoreImpl.java:337) ~[hg-pd-core-1.7.0.jar!/:1.7.0]
	at org.apache.hugegraph.pd.store.HgKVStoreImpl.init(HgKVStoreImpl.java:79) ~[hg-pd-core-1.7.0.jar!/:1.7.0]
	at org.apache.hugegraph.pd.store.RaftKVStore.init(RaftKVStore.java:53) ~[hg-pd-core-1.7.0.jar!/:1.7.0]
	at org.apache.hugegraph.pd.meta.MetadataFactory.getStore(MetadataFactory.java:42) ~[hg-pd-core-1.7.0.jar!/:1.7.0]
	at org.apache.hugegraph.pd.meta.MetadataRocksDBStore.<init>(MetadataRocksDBStore.java:40) ~[hg-pd-core-1.7.0.jar!/:1.7.0]
	at org.apache.hugegraph.pd.meta.ConfigMetaStore.<init>(ConfigMetaStore.java:32) ~[hg-pd-core-1.7.0.jar!/:1.7.0]
	at org.apache.hugegraph.pd.meta.MetadataFactory.newConfigMeta(MetadataFactory.java:72) ~[hg-pd-core-1.7.0.jar!/:1.7.0]
	at org.apache.hugegraph.pd.ConfigService.<init>(ConfigService.java:40) ~[hg-pd-core-1.7.0.jar!/:1.7.0]
	at org.apache.hugegraph.pd.service.PDService.init(PDService.java:181) ~[classes!/:1.7.0]
	at jdk.internal.reflect.NativeMethodAccessorImpl.invoke0(Native Method) ~[?:?]
	at jdk.internal.reflect.NativeMethodAccessorImpl.invoke(NativeMethodAccessorImpl.java:77) ~[?:?]
	at jdk.internal.reflect.DelegatingMethodAccessorImpl.invoke(DelegatingMethodAccessorImpl.java:43) ~[?:?]
	at java.lang.reflect.Method.invoke(Method.java:569) ~[?:?]
	at org.springframework.beans.factory.annotation.InitDestroyAnnotationBeanPostProcessor$LifecycleElement.invoke(InitDestroyAnnotationBeanPostProcessor.java:389) ~[spring-beans-5.3.27.jar!/:5.3.27]
	at org.springframework.beans.factory.annotation.InitDestroyAnnotationBeanPostProcessor$LifecycleMetadata.invokeInitMethods(InitDestroyAnnotationBeanPostProcessor.java:333) ~[spring-beans-5.3.27.jar!/:5.3.27]
	at org.springframework.beans.factory.annotation.InitDestroyAnnotationBeanPostProcessor.postProcessBeforeInitialization(InitDestroyAnnotationBeanPostProcessor.java:157) ~[spring-beans-5.3.27.jar!/:5.3.27]
	at org.springframework.beans.factory.support.AbstractAutowireCapableBeanFactory.applyBeanPostProcessorsBeforeInitialization(AbstractAutowireCapableBeanFactory.java:440) ~[spring-beans-5.3.27.jar!/:5.3.27]
	at org.springframework.beans.factory.support.AbstractAutowireCapableBeanFactory.initializeBean(AbstractAutowireCapableBeanFactory.java:1796) ~[spring-beans-5.3.27.jar!/:5.3.27]
	at org.springframework.beans.factory.support.AbstractAutowireCapableBeanFactory.doCreateBean(AbstractAutowireCapableBeanFactory.java:620) ~[spring-beans-5.3.27.jar!/:5.3.27]
	at org.springframework.beans.factory.support.AbstractAutowireCapableBeanFactory.createBean(AbstractAutowireCapableBeanFactory.java:542) ~[spring-beans-5.3.27.jar!/:5.3.27]
	at org.springframework.beans.factory.support.AbstractBeanFactory.lambda$doGetBean$0(AbstractBeanFactory.java:335) ~[spring-beans-5.3.27.jar!/:5.3.27]
	at org.springframework.beans.factory.support.DefaultSingletonBeanRegistry.getSingleton(DefaultSingletonBeanRegistry.java:234) ~[spring-beans-5.3.27.jar!/:5.3.27]
	at org.springframework.beans.factory.support.AbstractBeanFactory.doGetBean(AbstractBeanFactory.java:333) ~[spring-beans-5.3.27.jar!/:5.3.27]
	at org.springframework.beans.factory.support.AbstractBeanFactory.getBean(AbstractBeanFactory.java:208) ~[spring-beans-5.3.27.jar!/:5.3.27]
	at org.springframework.beans.factory.config.DependencyDescriptor.resolveCandidate(DependencyDescriptor.java:276) ~[spring-beans-5.3.27.jar!/:5.3.27]
	at org.springframework.beans.factory.support.DefaultListableBeanFactory.doResolveDependency(DefaultListableBeanFactory.java:1391) ~[spring-beans-5.3.27.jar!/:5.3.27]
	at org.springframework.beans.factory.support.DefaultListableBeanFactory.resolveDependency(DefaultListableBeanFactory.java:1311) ~[spring-beans-5.3.27.jar!/:5.3.27]
	at org.springframework.beans.factory.annotation.AutowiredAnnotationBeanPostProcessor$AutowiredFieldElement.resolveFieldValue(AutowiredAnnotationBeanPostProcessor.java:657) ~[spring-beans-5.3.27.jar!/:5.3.27]
	at org.springframework.beans.factory.annotation.AutowiredAnnotationBeanPostProcessor$AutowiredFieldElement.inject(AutowiredAnnotationBeanPostProcessor.java:640) ~[spring-beans-5.3.27.jar!/:5.3.27]
	at org.springframework.beans.factory.annotation.InjectionMetadata.inject(InjectionMetadata.java:119) ~[spring-beans-5.3.27.jar!/:5.3.27]
	at org.springframework.beans.factory.annotation.AutowiredAnnotationBeanPostProcessor.postProcessProperties(AutowiredAnnotationBeanPostProcessor.java:399) ~[spring-beans-5.3.27.jar!/:5.3.27]
	at org.springframework.beans.factory.support.AbstractAutowireCapableBeanFactory.populateBean(AbstractAutowireCapableBeanFactory.java:1431) ~[spring-beans-5.3.27.jar!/:5.3.27]
	at org.springframework.beans.factory.support.AbstractAutowireCapableBeanFactory.doCreateBean(AbstractAutowireCapableBeanFactory.java:619) ~[spring-beans-5.3.27.jar!/:5.3.27]
	at org.springframework.beans.factory.support.AbstractAutowireCapableBeanFactory.createBean(AbstractAutowireCapableBeanFactory.java:542) ~[spring-beans-5.3.27.jar!/:5.3.27]
	at org.springframework.beans.factory.support.AbstractBeanFactory.lambda$doGetBean$0(AbstractBeanFactory.java:335) ~[spring-beans-5.3.27.jar!/:5.3.27]
	at org.springframework.beans.factory.support.DefaultSingletonBeanRegistry.getSingleton(DefaultSingletonBeanRegistry.java:234) ~[spring-beans-5.3.27.jar!/:5.3.27]
	at org.springframework.beans.factory.support.AbstractBeanFactory.doGetBean(AbstractBeanFactory.java:333) ~[spring-beans-5.3.27.jar!/:5.3.27]
	at org.springframework.beans.factory.support.AbstractBeanFactory.getBean(AbstractBeanFactory.java:208) ~[spring-beans-5.3.27.jar!/:5.3.27]
	at org.springframework.beans.factory.config.DependencyDescriptor.resolveCandidate(DependencyDescriptor.java:276) ~[spring-beans-5.3.27.jar!/:5.3.27]
	at org.springframework.beans.factory.support.DefaultListableBeanFactory.doResolveDependency(DefaultListableBeanFactory.java:1391) ~[spring-beans-5.3.27.jar!/:5.3.27]
	at org.springframework.beans.factory.support.DefaultListableBeanFactory.resolveDependency(DefaultListableBeanFactory.java:1311) ~[spring-beans-5.3.27.jar!/:5.3.27]
	at org.springframework.beans.factory.annotation.AutowiredAnnotationBeanPostProcessor$AutowiredFieldElement.resolveFieldValue(AutowiredAnnotationBeanPostProcessor.java:657) ~[spring-beans-5.3.27.jar!/:5.3.27]
	at org.springframework.beans.factory.annotation.AutowiredAnnotationBeanPostProcessor$AutowiredFieldElement.inject(AutowiredAnnotationBeanPostProcessor.java:640) ~[spring-beans-5.3.27.jar!/:5.3.27]
	at org.springframework.beans.factory.annotation.InjectionMetadata.inject(InjectionMetadata.java:119) ~[spring-beans-5.3.27.jar!/:5.3.27]
	at org.springframework.beans.factory.annotation.AutowiredAnnotationBeanPostProcessor.postProcessProperties(AutowiredAnnotationBeanPostProcessor.java:399) ~[spring-beans-5.3.27.jar!/:5.3.27]
	at org.springframework.beans.factory.support.AbstractAutowireCapableBeanFactory.populateBean(AbstractAutowireCapableBeanFactory.java:1431) ~[spring-beans-5.3.27.jar!/:5.3.27]
	at org.springframework.beans.factory.support.AbstractAutowireCapableBeanFactory.doCreateBean(AbstractAutowireCapableBeanFactory.java:619) ~[spring-beans-5.3.27.jar!/:5.3.27]
	at org.springframework.beans.factory.support.AbstractAutowireCapableBeanFactory.createBean(AbstractAutowireCapableBeanFactory.java:542) ~[spring-beans-5.3.27.jar!/:5.3.27]
	at org.springframework.beans.factory.support.AbstractBeanFactory.lambda$doGetBean$0(AbstractBeanFactory.java:335) ~[spring-beans-5.3.27.jar!/:5.3.27]
	at org.springframework.beans.factory.support.DefaultSingletonBeanRegistry.getSingleton(DefaultSingletonBeanRegistry.java:234) ~[spring-beans-5.3.27.jar!/:5.3.27]
	at org.springframework.beans.factory.support.AbstractBeanFactory.doGetBean(AbstractBeanFactory.java:333) ~[spring-beans-5.3.27.jar!/:5.3.27]
	at org.springframework.beans.factory.support.AbstractBeanFactory.getBean(AbstractBeanFactory.java:208) ~[spring-beans-5.3.27.jar!/:5.3.27]
	at org.springframework.beans.factory.config.DependencyDescriptor.resolveCandidate(DependencyDescriptor.java:276) ~[spring-beans-5.3.27.jar!/:5.3.27]
	at org.springframework.beans.factory.support.DefaultListableBeanFactory.doResolveDependency(DefaultListableBeanFactory.java:1391) ~[spring-beans-5.3.27.jar!/:5.3.27]
	at org.springframework.beans.factory.support.DefaultListableBeanFactory.resolveDependency(DefaultListableBeanFactory.java:1311) ~[spring-beans-5.3.27.jar!/:5.3.27]
	at org.springframework.beans.factory.annotation.AutowiredAnnotationBeanPostProcessor$AutowiredFieldElement.resolveFieldValue(AutowiredAnnotationBeanPostProcessor.java:657) ~[spring-beans-5.3.27.jar!/:5.3.27]
	at org.springframework.beans.factory.annotation.AutowiredAnnotationBeanPostProcessor$AutowiredFieldElement.inject(AutowiredAnnotationBeanPostProcessor.java:640) ~[spring-beans-5.3.27.jar!/:5.3.27]
	at org.springframework.beans.factory.annotation.InjectionMetadata.inject(InjectionMetadata.java:119) ~[spring-beans-5.3.27.jar!/:5.3.27]
	at org.springframework.beans.factory.annotation.AutowiredAnnotationBeanPostProcessor.postProcessProperties(AutowiredAnnotationBeanPostProcessor.java:399) ~[spring-beans-5.3.27.jar!/:5.3.27]
	at org.springframework.beans.factory.support.AbstractAutowireCapableBeanFactory.populateBean(AbstractAutowireCapableBeanFactory.java:1431) ~[spring-beans-5.3.27.jar!/:5.3.27]
	at org.springframework.beans.factory.support.AbstractAutowireCapableBeanFactory.doCreateBean(AbstractAutowireCapableBeanFactory.java:619) ~[spring-beans-5.3.27.jar!/:5.3.27]
	at org.springframework.beans.factory.support.AbstractAutowireCapableBeanFactory.createBean(AbstractAutowireCapableBeanFactory.java:542) ~[spring-beans-5.3.27.jar!/:5.3.27]
	at org.springframework.beans.factory.support.AbstractBeanFactory.lambda$doGetBean$0(AbstractBeanFactory.java:335) ~[spring-beans-5.3.27.jar!/:5.3.27]
	at org.springframework.beans.factory.support.DefaultSingletonBeanRegistry.getSingleton(DefaultSingletonBeanRegistry.java:234) ~[spring-beans-5.3.27.jar!/:5.3.27]
	at org.springframework.beans.factory.support.AbstractBeanFactory.doGetBean(AbstractBeanFactory.java:333) ~[spring-beans-5.3.27.jar!/:5.3.27]
	at org.springframework.beans.factory.support.AbstractBeanFactory.getBean(AbstractBeanFactory.java:208) ~[spring-beans-5.3.27.jar!/:5.3.27]
	at org.springframework.beans.factory.support.ConstructorResolver.instantiateUsingFactoryMethod(ConstructorResolver.java:410) ~[spring-beans-5.3.27.jar!/:5.3.27]
	at org.springframework.beans.factory.support.AbstractAutowireCapableBeanFactory.instantiateUsingFactoryMethod(AbstractAutowireCapableBeanFactory.java:1352) ~[spring-beans-5.3.27.jar!/:5.3.27]
	at org.springframework.beans.factory.support.AbstractAutowireCapableBeanFactory.createBeanInstance(AbstractAutowireCapableBeanFactory.java:1195) ~[spring-beans-5.3.27.jar!/:5.3.27]
	at org.springframework.beans.factory.support.AbstractAutowireCapableBeanFactory.doCreateBean(AbstractAutowireCapableBeanFactory.java:582) ~[spring-beans-5.3.27.jar!/:5.3.27]
	at org.springframework.beans.factory.support.AbstractAutowireCapableBeanFactory.createBean(AbstractAutowireCapableBeanFactory.java:542) ~[spring-beans-5.3.27.jar!/:5.3.27]
	at org.springframework.beans.factory.support.AbstractBeanFactory.lambda$doGetBean$0(AbstractBeanFactory.java:335) ~[spring-beans-5.3.27.jar!/:5.3.27]
	at org.springframework.beans.factory.support.DefaultSingletonBeanRegistry.getSingleton(DefaultSingletonBeanRegistry.java:234) ~[spring-beans-5.3.27.jar!/:5.3.27]
	at org.springframework.beans.factory.support.AbstractBeanFactory.doGetBean(AbstractBeanFactory.java:333) ~[spring-beans-5.3.27.jar!/:5.3.27]
	at org.springframework.beans.factory.support.AbstractBeanFactory.getBean(AbstractBeanFactory.java:208) ~[spring-beans-5.3.27.jar!/:5.3.27]
	at org.springframework.beans.factory.config.DependencyDescriptor.resolveCandidate(DependencyDescriptor.java:276) ~[spring-beans-5.3.27.jar!/:5.3.27]
	at org.springframework.beans.factory.support.DefaultListableBeanFactory.addCandidateEntry(DefaultListableBeanFactory.java:1616) ~[spring-beans-5.3.27.jar!/:5.3.27]
	at org.springframework.beans.factory.support.DefaultListableBeanFactory.findAutowireCandidates(DefaultListableBeanFactory.java:1573) ~[spring-beans-5.3.27.jar!/:5.3.27]
	at org.springframework.beans.factory.support.DefaultListableBeanFactory.resolveMultipleBeans(DefaultListableBeanFactory.java:1417) ~[spring-beans-5.3.27.jar!/:5.3.27]
	at org.springframework.beans.factory.support.DefaultListableBeanFactory.doResolveDependency(DefaultListableBeanFactory.java:1349) ~[spring-beans-5.3.27.jar!/:5.3.27]
	at org.springframework.beans.factory.support.DefaultListableBeanFactory$DependencyObjectProvider.resolveStream(DefaultListableBeanFactory.java:2119) ~[spring-beans-5.3.27.jar!/:5.3.27]
	at org.springframework.beans.factory.support.DefaultListableBeanFactory$DependencyObjectProvider.orderedStream(DefaultListableBeanFactory.java:2113) ~[spring-beans-5.3.27.jar!/:5.3.27]
	at org.springframework.boot.actuate.autoconfigure.metrics.MeterRegistryConfigurer.asOrderedList(MeterRegistryConfigurer.java:90) ~[spring-boot-actuator-autoconfigure-2.5.14.jar!/:2.5.14]
	at org.springframework.boot.actuate.autoconfigure.metrics.MeterRegistryConfigurer.customize(MeterRegistryConfigurer.java:77) ~[spring-boot-actuator-autoconfigure-2.5.14.jar!/:2.5.14]
	at org.springframework.boot.actuate.autoconfigure.metrics.MeterRegistryConfigurer.configure(MeterRegistryConfigurer.java:63) ~[spring-boot-actuator-autoconfigure-2.5.14.jar!/:2.5.14]
	at org.springframework.boot.actuate.autoconfigure.metrics.MeterRegistryPostProcessor.postProcessAfterInitialization(MeterRegistryPostProcessor.java:64) ~[spring-boot-actuator-autoconfigure-2.5.14.jar!/:2.5.14]
	at org.springframework.beans.factory.support.AbstractAutowireCapableBeanFactory.applyBeanPostProcessorsAfterInitialization(AbstractAutowireCapableBeanFactory.java:455) ~[spring-beans-5.3.27.jar!/:5.3.27]
	at org.springframework.beans.factory.support.AbstractAutowireCapableBeanFactory.initializeBean(AbstractAutowireCapableBeanFactory.java:1808) ~[spring-beans-5.3.27.jar!/:5.3.27]
	at org.springframework.beans.factory.support.AbstractAutowireCapableBeanFactory.doCreateBean(AbstractAutowireCapableBeanFactory.java:620) ~[spring-beans-5.3.27.jar!/:5.3.27]
	at org.springframework.beans.factory.support.AbstractAutowireCapableBeanFactory.createBean(AbstractAutowireCapableBeanFactory.java:542) ~[spring-beans-5.3.27.jar!/:5.3.27]
	at org.springframework.beans.factory.support.AbstractBeanFactory.lambda$doGetBean$0(AbstractBeanFactory.java:335) ~[spring-beans-5.3.27.jar!/:5.3.27]
	at org.springframework.beans.factory.support.DefaultSingletonBeanRegistry.getSingleton(DefaultSingletonBeanRegistry.java:234) ~[spring-beans-5.3.27.jar!/:5.3.27]
	at org.springframework.beans.factory.support.AbstractBeanFactory.doGetBean(AbstractBeanFactory.java:333) ~[spring-beans-5.3.27.jar!/:5.3.27]
	at org.springframework.beans.factory.support.AbstractBeanFactory.getBean(AbstractBeanFactory.java:208) ~[spring-beans-5.3.27.jar!/:5.3.27]
	at org.springframework.beans.factory.config.DependencyDescriptor.resolveCandidate(DependencyDescriptor.java:276) ~[spring-beans-5.3.27.jar!/:5.3.27]
	at org.springframework.beans.factory.support.DefaultListableBeanFactory.doResolveDependency(DefaultListableBeanFactory.java:1391) ~[spring-beans-5.3.27.jar!/:5.3.27]
	at org.springframework.beans.factory.support.DefaultListableBeanFactory.resolveDependency(DefaultListableBeanFactory.java:1311) ~[spring-beans-5.3.27.jar!/:5.3.27]
	at org.springframework.beans.factory.support.ConstructorResolver.resolveAutowiredArgument(ConstructorResolver.java:887) ~[spring-beans-5.3.27.jar!/:5.3.27]
	at org.springframework.beans.factory.support.ConstructorResolver.createArgumentArray(ConstructorResolver.java:791) ~[spring-beans-5.3.27.jar!/:5.3.27]
	at org.springframework.beans.factory.support.ConstructorResolver.instantiateUsingFactoryMethod(ConstructorResolver.java:541) ~[spring-beans-5.3.27.jar!/:5.3.27]
	at org.springframework.beans.factory.support.AbstractAutowireCapableBeanFactory.instantiateUsingFactoryMethod(AbstractAutowireCapableBeanFactory.java:1352) ~[spring-beans-5.3.27.jar!/:5.3.27]
	at org.springframework.beans.factory.support.AbstractAutowireCapableBeanFactory.createBeanInstance(AbstractAutowireCapableBeanFactory.java:1195) ~[spring-beans-5.3.27.jar!/:5.3.27]
	at org.springframework.beans.factory.support.AbstractAutowireCapableBeanFactory.doCreateBean(AbstractAutowireCapableBeanFactory.java:582) ~[spring-beans-5.3.27.jar!/:5.3.27]
	at org.springframework.beans.factory.support.AbstractAutowireCapableBeanFactory.createBean(AbstractAutowireCapableBeanFactory.java:542) ~[spring-beans-5.3.27.jar!/:5.3.27]
	at org.springframework.beans.factory.support.AbstractBeanFactory.lambda$doGetBean$0(AbstractBeanFactory.java:335) ~[spring-beans-5.3.27.jar!/:5.3.27]
	at org.springframework.beans.factory.support.DefaultSingletonBeanRegistry.getSingleton(DefaultSingletonBeanRegistry.java:234) ~[spring-beans-5.3.27.jar!/:5.3.27]
	at org.springframework.beans.factory.support.AbstractBeanFactory.doGetBean(AbstractBeanFactory.java:333) ~[spring-beans-5.3.27.jar!/:5.3.27]
	at org.springframework.beans.factory.support.AbstractBeanFactory.getBean(AbstractBeanFactory.java:213) ~[spring-beans-5.3.27.jar!/:5.3.27]
	at org.springframework.boot.web.servlet.ServletContextInitializerBeans.getOrderedBeansOfType(ServletContextInitializerBeans.java:212) ~[spring-boot-2.5.14.jar!/:2.5.14]
	at org.springframework.boot.web.servlet.ServletContextInitializerBeans.getOrderedBeansOfType(ServletContextInitializerBeans.java:203) ~[spring-boot-2.5.14.jar!/:2.5.14]
	at org.springframework.boot.web.servlet.ServletContextInitializerBeans.addServletContextInitializerBeans(ServletContextInitializerBeans.java:97) ~[spring-boot-2.5.14.jar!/:2.5.14]
	at org.springframework.boot.web.servlet.ServletContextInitializerBeans.<init>(ServletContextInitializerBeans.java:86) ~[spring-boot-2.5.14.jar!/:2.5.14]
	at org.springframework.boot.web.servlet.context.ServletWebServerApplicationContext.getServletContextInitializerBeans(ServletWebServerApplicationContext.java:260) ~[spring-boot-2.5.14.jar!/:2.5.14]
	at org.springframework.boot.web.servlet.context.ServletWebServerApplicationContext.selfInitialize(ServletWebServerApplicationContext.java:234) ~[spring-boot-2.5.14.jar!/:2.5.14]
	at org.springframework.boot.web.embedded.jetty.ServletContextInitializerConfiguration.callInitializers(ServletContextInitializerConfiguration.java:65) ~[spring-boot-2.5.14.jar!/:2.5.14]
	at org.springframework.boot.web.embedded.jetty.ServletContextInitializerConfiguration.configure(ServletContextInitializerConfiguration.java:54) ~[spring-boot-2.5.14.jar!/:2.5.14]
	at org.eclipse.jetty.webapp.WebAppContext.configure(WebAppContext.java:498) ~[jetty-webapp-9.4.46.v20220331.jar!/:9.4.46.v20220331]
	at org.eclipse.jetty.webapp.WebAppContext.startContext(WebAppContext.java:1409) ~[jetty-webapp-9.4.46.v20220331.jar!/:9.4.46.v20220331]
	at org.eclipse.jetty.server.handler.ContextHandler.doStart(ContextHandler.java:916) ~[jetty-server-9.4.46.v20220331.jar!/:9.4.46.v20220331]
	at org.eclipse.jetty.servlet.ServletContextHandler.doStart(ServletContextHandler.java:288) ~[jetty-servlet-9.4.46.v20220331.jar!/:9.4.46.v20220331]
	at org.eclipse.jetty.webapp.WebAppContext.doStart(WebAppContext.java:524) ~[jetty-webapp-9.4.46.v20220331.jar!/:9.4.46.v20220331]
	at org.eclipse.jetty.util.component.AbstractLifeCycle.start(AbstractLifeCycle.java:73) ~[jetty-util-9.4.46.v20220331.jar!/:9.4.46.v20220331]
	at org.eclipse.jetty.util.component.ContainerLifeCycle.start(ContainerLifeCycle.java:169) ~[jetty-util-9.4.46.v20220331.jar!/:9.4.46.v20220331]
	at org.eclipse.jetty.server.Server.start(Server.java:423) ~[jetty-server-9.4.46.v20220331.jar!/:9.4.46.v20220331]
	at org.eclipse.jetty.util.component.ContainerLifeCycle.doStart(ContainerLifeCycle.java:110) ~[jetty-util-9.4.46.v20220331.jar!/:9.4.46.v20220331]
	at org.eclipse.jetty.server.handler.AbstractHandler.doStart(AbstractHandler.java:97) ~[jetty-server-9.4.46.v20220331.jar!/:9.4.46.v20220331]
	at org.eclipse.jetty.server.Server.doStart(Server.java:387) ~[jetty-server-9.4.46.v20220331.jar!/:9.4.46.v20220331]
	at org.eclipse.jetty.util.component.AbstractLifeCycle.start(AbstractLifeCycle.java:73) ~[jetty-util-9.4.46.v20220331.jar!/:9.4.46.v20220331]
	at org.springframework.boot.web.embedded.jetty.JettyWebServer.initialize(JettyWebServer.java:123) ~[spring-boot-2.5.14.jar!/:2.5.14]
	at org.springframework.boot.web.embedded.jetty.JettyWebServer.<init>(JettyWebServer.java:90) ~[spring-boot-2.5.14.jar!/:2.5.14]
	at org.springframework.boot.web.embedded.jetty.JettyServletWebServerFactory.getJettyWebServer(JettyServletWebServerFactory.java:429) ~[spring-boot-2.5.14.jar!/:2.5.14]
	at org.springframework.boot.web.embedded.jetty.JettyServletWebServerFactory.getWebServer(JettyServletWebServerFactory.java:170) ~[spring-boot-2.5.14.jar!/:2.5.14]
	at org.springframework.boot.web.servlet.context.ServletWebServerApplicationContext.createWebServer(ServletWebServerApplicationContext.java:182) ~[spring-boot-2.5.14.jar!/:2.5.14]
	at org.springframework.boot.web.servlet.context.ServletWebServerApplicationContext.onRefresh(ServletWebServerApplicationContext.java:160) ~[spring-boot-2.5.14.jar!/:2.5.14]
	at org.springframework.context.support.AbstractApplicationContext.refresh(AbstractApplicationContext.java:577) ~[spring-context-5.3.27.jar!/:5.3.27]
	at org.springframework.boot.web.servlet.context.ServletWebServerApplicationContext.refresh(ServletWebServerApplicationContext.java:145) ~[spring-boot-2.5.14.jar!/:2.5.14]
	at org.springframework.boot.SpringApplication.refresh(SpringApplication.java:780) ~[spring-boot-2.5.14.jar!/:2.5.14]
	at org.springframework.boot.SpringApplication.refreshContext(SpringApplication.java:453) ~[spring-boot-2.5.14.jar!/:2.5.14]
	at org.springframework.boot.SpringApplication.run(SpringApplication.java:343) ~[spring-boot-2.5.14.jar!/:2.5.14]
	at org.springframework.boot.SpringApplication.run(SpringApplication.java:1370) ~[spring-boot-2.5.14.jar!/:2.5.14]
	at org.springframework.boot.SpringApplication.run(SpringApplication.java:1359) ~[spring-boot-2.5.14.jar!/:2.5.14]
	at org.apache.hugegraph.pd.boot.HugePDServer.main(HugePDServer.java:41) ~[classes!/:1.7.0]
	at jdk.internal.reflect.NativeMethodAccessorImpl.invoke0(Native Method) ~[?:?]
	at jdk.internal.reflect.NativeMethodAccessorImpl.invoke(NativeMethodAccessorImpl.java:77) ~[?:?]
	at jdk.internal.reflect.DelegatingMethodAccessorImpl.invoke(DelegatingMethodAccessorImpl.java:43) ~[?:?]
	at java.lang.reflect.Method.invoke(Method.java:569) ~[?:?]
	at org.springframework.boot.loader.MainMethodRunner.run(MainMethodRunner.java:49) ~[hg-pd-service-1.7.0.jar:1.7.0]
	at org.springframework.boot.loader.Launcher.launch(Launcher.java:108) ~[hg-pd-service-1.7.0.jar:1.7.0]
	at org.springframework.boot.loader.Launcher.launch(Launcher.java:58) ~[hg-pd-service-1.7.0.jar:1.7.0]
	at org.springframework.boot.loader.JarLauncher.main(JarLauncher.java:65) ~[hg-pd-service-1.7.0.jar:1.7.0]
2026-09-21 15:19:10 [main] [ERROR] o.a.h.p.s.HgKVStoreImpl - Failed to open data file,{}
org.apache.hugegraph.pd.common.PDException: org.rocksdb.RocksDBException: While lock file: ./pd_data/rocksdb//LOCK: Zasoby chwilowo niedostępne
	at org.apache.hugegraph.pd.store.HgKVStoreImpl.openRocksDB(HgKVStoreImpl.java:340) ~[hg-pd-core-1.7.0.jar!/:1.7.0]
	at org.apache.hugegraph.pd.store.HgKVStoreImpl.init(HgKVStoreImpl.java:79) ~[hg-pd-core-1.7.0.jar!/:1.7.0]
	at org.apache.hugegraph.pd.store.RaftKVStore.init(RaftKVStore.java:53) ~[hg-pd-core-1.7.0.jar!/:1.7.0]
	at org.apache.hugegraph.pd.meta.MetadataFactory.getStore(MetadataFactory.java:42) ~[hg-pd-core-1.7.0.jar!/:1.7.0]
	at org.apache.hugegraph.pd.meta.MetadataRocksDBStore.<init>(MetadataRocksDBStore.java:40) ~[hg-pd-core-1.7.0.jar!/:1.7.0]
	at org.apache.hugegraph.pd.meta.ConfigMetaStore.<init>(ConfigMetaStore.java:32) ~[hg-pd-core-1.7.0.jar!/:1.7.0]
	at org.apache.hugegraph.pd.meta.MetadataFactory.newConfigMeta(MetadataFactory.java:72) ~[hg-pd-core-1.7.0.jar!/:1.7.0]
	at org.apache.hugegraph.pd.ConfigService.<init>(ConfigService.java:40) ~[hg-pd-core-1.7.0.jar!/:1.7.0]
	at org.apache.hugegraph.pd.service.PDService.init(PDService.java:181) ~[classes!/:1.7.0]
	at jdk.internal.reflect.NativeMethodAccessorImpl.invoke0(Native Method) ~[?:?]
	at jdk.internal.reflect.NativeMethodAccessorImpl.invoke(NativeMethodAccessorImpl.java:77) ~[?:?]
	at jdk.internal.reflect.DelegatingMethodAccessorImpl.invoke(DelegatingMethodAccessorImpl.java:43) ~[?:?]
	at java.lang.reflect.Method.invoke(Method.java:569) ~[?:?]
	at org.springframework.beans.factory.annotation.InitDestroyAnnotationBeanPostProcessor$LifecycleElement.invoke(InitDestroyAnnotationBeanPostProcessor.java:389) ~[spring-beans-5.3.27.jar!/:5.3.27]
	at org.springframework.beans.factory.annotation.InitDestroyAnnotationBeanPostProcessor$LifecycleMetadata.invokeInitMethods(InitDestroyAnnotationBeanPostProcessor.java:333) ~[spring-beans-5.3.27.jar!/:5.3.27]
	at org.springframework.beans.factory.annotation.InitDestroyAnnotationBeanPostProcessor.postProcessBeforeInitialization(InitDestroyAnnotationBeanPostProcessor.java:157) ~[spring-beans-5.3.27.jar!/:5.3.27]
	at org.springframework.beans.factory.support.AbstractAutowireCapableBeanFactory.applyBeanPostProcessorsBeforeInitialization(AbstractAutowireCapableBeanFactory.java:440) ~[spring-beans-5.3.27.jar!/:5.3.27]
	at org.springframework.beans.factory.support.AbstractAutowireCapableBeanFactory.initializeBean(AbstractAutowireCapableBeanFactory.java:1796) ~[spring-beans-5.3.27.jar!/:5.3.27]
	at org.springframework.beans.factory.support.AbstractAutowireCapableBeanFactory.doCreateBean(AbstractAutowireCapableBeanFactory.java:620) ~[spring-beans-5.3.27.jar!/:5.3.27]
	at org.springframework.beans.factory.support.AbstractAutowireCapableBeanFactory.createBean(AbstractAutowireCapableBeanFactory.java:542) ~[spring-beans-5.3.27.jar!/:5.3.27]
	at org.springframework.beans.factory.support.AbstractBeanFactory.lambda$doGetBean$0(AbstractBeanFactory.java:335) ~[spring-beans-5.3.27.jar!/:5.3.27]
	at org.springframework.beans.factory.support.DefaultSingletonBeanRegistry.getSingleton(DefaultSingletonBeanRegistry.java:234) ~[spring-beans-5.3.27.jar!/:5.3.27]
	at org.springframework.beans.factory.support.AbstractBeanFactory.doGetBean(AbstractBeanFactory.java:333) ~[spring-beans-5.3.27.jar!/:5.3.27]
	at org.springframework.beans.factory.support.AbstractBeanFactory.getBean(AbstractBeanFactory.java:208) ~[spring-beans-5.3.27.jar!/:5.3.27]
	at org.springframework.beans.factory.config.DependencyDescriptor.resolveCandidate(DependencyDescriptor.java:276) ~[spring-beans-5.3.27.jar!/:5.3.27]
	at org.springframework.beans.factory.support.DefaultListableBeanFactory.doResolveDependency(DefaultListableBeanFactory.java:1391) ~[spring-beans-5.3.27.jar!/:5.3.27]
	at org.springframework.beans.factory.support.DefaultListableBeanFactory.resolveDependency(DefaultListableBeanFactory.java:1311) ~[spring-beans-5.3.27.jar!/:5.3.27]
	at org.springframework.beans.factory.annotation.AutowiredAnnotationBeanPostProcessor$AutowiredFieldElement.resolveFieldValue(AutowiredAnnotationBeanPostProcessor.java:657) ~[spring-beans-5.3.27.jar!/:5.3.27]
	at org.springframework.beans.factory.annotation.AutowiredAnnotationBeanPostProcessor$AutowiredFieldElement.inject(AutowiredAnnotationBeanPostProcessor.java:640) ~[spring-beans-5.3.27.jar!/:5.3.27]
	at org.springframework.beans.factory.annotation.InjectionMetadata.inject(InjectionMetadata.java:119) ~[spring-beans-5.3.27.jar!/:5.3.27]
	at org.springframework.beans.factory.annotation.AutowiredAnnotationBeanPostProcessor.postProcessProperties(AutowiredAnnotationBeanPostProcessor.java:399) ~[spring-beans-5.3.27.jar!/:5.3.27]
	at org.springframework.beans.factory.support.AbstractAutowireCapableBeanFactory.populateBean(AbstractAutowireCapableBeanFactory.java:1431) ~[spring-beans-5.3.27.jar!/:5.3.27]
	at org.springframework.beans.factory.support.AbstractAutowireCapableBeanFactory.doCreateBean(AbstractAutowireCapableBeanFactory.java:619) ~[spring-beans-5.3.27.jar!/:5.3.27]
	at org.springframework.beans.factory.support.AbstractAutowireCapableBeanFactory.createBean(AbstractAutowireCapableBeanFactory.java:542) ~[spring-beans-5.3.27.jar!/:5.3.27]
	at org.springframework.beans.factory.support.AbstractBeanFactory.lambda$doGetBean$0(AbstractBeanFactory.java:335) ~[spring-beans-5.3.27.jar!/:5.3.27]
	at org.springframework.beans.factory.support.DefaultSingletonBeanRegistry.getSingleton(DefaultSingletonBeanRegistry.java:234) ~[spring-beans-5.3.27.jar!/:5.3.27]
	at org.springframework.beans.factory.support.AbstractBeanFactory.doGetBean(AbstractBeanFactory.java:333) ~[spring-beans-5.3.27.jar!/:5.3.27]
	at org.springframework.beans.factory.support.AbstractBeanFactory.getBean(AbstractBeanFactory.java:208) ~[spring-beans-5.3.27.jar!/:5.3.27]
	at org.springframework.beans.factory.config.DependencyDescriptor.resolveCandidate(DependencyDescriptor.java:276) ~[spring-beans-5.3.27.jar!/:5.3.27]
	at org.springframework.beans.factory.support.DefaultListableBeanFactory.doResolveDependency(DefaultListableBeanFactory.java:1391) ~[spring-beans-5.3.27.jar!/:5.3.27]
	at org.springframework.beans.factory.support.DefaultListableBeanFactory.resolveDependency(DefaultListableBeanFactory.java:1311) ~[spring-beans-5.3.27.jar!/:5.3.27]
	at org.springframework.beans.factory.annotation.AutowiredAnnotationBeanPostProcessor$AutowiredFieldElement.resolveFieldValue(AutowiredAnnotationBeanPostProcessor.java:657) ~[spring-beans-5.3.27.jar!/:5.3.27]
	at org.springframework.beans.factory.annotation.AutowiredAnnotationBeanPostProcessor$AutowiredFieldElement.inject(AutowiredAnnotationBeanPostProcessor.java:640) ~[spring-beans-5.3.27.jar!/:5.3.27]
	at org.springframework.beans.factory.annotation.InjectionMetadata.inject(InjectionMetadata.java:119) ~[spring-beans-5.3.27.jar!/:5.3.27]
	at org.springframework.beans.factory.annotation.AutowiredAnnotationBeanPostProcessor.postProcessProperties(AutowiredAnnotationBeanPostProcessor.java:399) ~[spring-beans-5.3.27.jar!/:5.3.27]
	at org.springframework.beans.factory.support.AbstractAutowireCapableBeanFactory.populateBean(AbstractAutowireCapableBeanFactory.java:1431) ~[spring-beans-5.3.27.jar!/:5.3.27]
	at org.springframework.beans.factory.support.AbstractAutowireCapableBeanFactory.doCreateBean(AbstractAutowireCapableBeanFactory.java:619) ~[spring-beans-5.3.27.jar!/:5.3.27]
	at org.springframework.beans.factory.support.AbstractAutowireCapableBeanFactory.createBean(AbstractAutowireCapableBeanFactory.java:542) ~[spring-beans-5.3.27.jar!/:5.3.27]
	at org.springframework.beans.factory.support.AbstractBeanFactory.lambda$doGetBean$0(AbstractBeanFactory.java:335) ~[spring-beans-5.3.27.jar!/:5.3.27]
	at org.springframework.beans.factory.support.DefaultSingletonBeanRegistry.getSingleton(DefaultSingletonBeanRegistry.java:234) ~[spring-beans-5.3.27.jar!/:5.3.27]
	at org.springframework.beans.factory.support.AbstractBeanFactory.doGetBean(AbstractBeanFactory.java:333) ~[spring-beans-5.3.27.jar!/:5.3.27]
	at org.springframework.beans.factory.support.AbstractBeanFactory.getBean(AbstractBeanFactory.java:208) ~[spring-beans-5.3.27.jar!/:5.3.27]
	at org.springframework.beans.factory.config.DependencyDescriptor.resolveCandidate(DependencyDescriptor.java:276) ~[spring-beans-5.3.27.jar!/:5.3.27]
	at org.springframework.beans.factory.support.DefaultListableBeanFactory.doResolveDependency(DefaultListableBeanFactory.java:1391) ~[spring-beans-5.3.27.jar!/:5.3.27]
	at org.springframework.beans.factory.support.DefaultListableBeanFactory.resolveDependency(DefaultListableBeanFactory.java:1311) ~[spring-beans-5.3.27.jar!/:5.3.27]
	at org.springframework.beans.factory.annotation.AutowiredAnnotationBeanPostProcessor$AutowiredFieldElement.resolveFieldValue(AutowiredAnnotationBeanPostProcessor.java:657) ~[spring-beans-5.3.27.jar!/:5.3.27]
	at org.springframework.beans.factory.annotation.AutowiredAnnotationBeanPostProcessor$AutowiredFieldElement.inject(AutowiredAnnotationBeanPostProcessor.java:640) ~[spring-beans-5.3.27.jar!/:5.3.27]
	at org.springframework.beans.factory.annotation.InjectionMetadata.inject(InjectionMetadata.java:119) ~[spring-beans-5.3.27.jar!/:5.3.27]
	at org.springframework.beans.factory.annotation.AutowiredAnnotationBeanPostProcessor.postProcessProperties(AutowiredAnnotationBeanPostProcessor.java:399) ~[spring-beans-5.3.27.jar!/:5.3.27]
	at org.springframework.beans.factory.support.AbstractAutowireCapableBeanFactory.populateBean(AbstractAutowireCapableBeanFactory.java:1431) ~[spring-beans-5.3.27.jar!/:5.3.27]
	at org.springframework.beans.factory.support.AbstractAutowireCapableBeanFactory.doCreateBean(AbstractAutowireCapableBeanFactory.java:619) ~[spring-beans-5.3.27.jar!/:5.3.27]
	at org.springframework.beans.factory.support.AbstractAutowireCapableBeanFactory.createBean(AbstractAutowireCapableBeanFactory.java:542) ~[spring-beans-5.3.27.jar!/:5.3.27]
	at org.springframework.beans.factory.support.AbstractBeanFactory.lambda$doGetBean$0(AbstractBeanFactory.java:335) ~[spring-beans-5.3.27.jar!/:5.3.27]
	at org.springframework.beans.factory.support.DefaultSingletonBeanRegistry.getSingleton(DefaultSingletonBeanRegistry.java:234) ~[spring-beans-5.3.27.jar!/:5.3.27]
	at org.springframework.beans.factory.support.AbstractBeanFactory.doGetBean(AbstractBeanFactory.java:333) ~[spring-beans-5.3.27.jar!/:5.3.27]
	at org.springframework.beans.factory.support.AbstractBeanFactory.getBean(AbstractBeanFactory.java:208) ~[spring-beans-5.3.27.jar!/:5.3.27]
	at org.springframework.beans.factory.support.ConstructorResolver.instantiateUsingFactoryMethod(ConstructorResolver.java:410) ~[spring-beans-5.3.27.jar!/:5.3.27]
	at org.springframework.beans.factory.support.AbstractAutowireCapableBeanFactory.instantiateUsingFactoryMethod(AbstractAutowireCapableBeanFactory.java:1352) ~[spring-beans-5.3.27.jar!/:5.3.27]
	at org.springframework.beans.factory.support.AbstractAutowireCapableBeanFactory.createBeanInstance(AbstractAutowireCapableBeanFactory.java:1195) ~[spring-beans-5.3.27.jar!/:5.3.27]
	at org.springframework.beans.factory.support.AbstractAutowireCapableBeanFactory.doCreateBean(AbstractAutowireCapableBeanFactory.java:582) ~[spring-beans-5.3.27.jar!/:5.3.27]
	at org.springframework.beans.factory.support.AbstractAutowireCapableBeanFactory.createBean(AbstractAutowireCapableBeanFactory.java:542) ~[spring-beans-5.3.27.jar!/:5.3.27]
	at org.springframework.beans.factory.support.AbstractBeanFactory.lambda$doGetBean$0(AbstractBeanFactory.java:335) ~[spring-beans-5.3.27.jar!/:5.3.27]
	at org.springframework.beans.factory.support.DefaultSingletonBeanRegistry.getSingleton(DefaultSingletonBeanRegistry.java:234) ~[spring-beans-5.3.27.jar!/:5.3.27]
	at org.springframework.beans.factory.support.AbstractBeanFactory.doGetBean(AbstractBeanFactory.java:333) ~[spring-beans-5.3.27.jar!/:5.3.27]
	at org.springframework.beans.factory.support.AbstractBeanFactory.getBean(AbstractBeanFactory.java:208) ~[spring-beans-5.3.27.jar!/:5.3.27]
	at org.springframework.beans.factory.config.DependencyDescriptor.resolveCandidate(DependencyDescriptor.java:276) ~[spring-beans-5.3.27.jar!/:5.3.27]
	at org.springframework.beans.factory.support.DefaultListableBeanFactory.addCandidateEntry(DefaultListableBeanFactory.java:1616) ~[spring-beans-5.3.27.jar!/:5.3.27]
	at org.springframework.beans.factory.support.DefaultListableBeanFactory.findAutowireCandidates(DefaultListableBeanFactory.java:1573) ~[spring-beans-5.3.27.jar!/:5.3.27]
	at org.springframework.beans.factory.support.DefaultListableBeanFactory.resolveMultipleBeans(DefaultListableBeanFactory.java:1417) ~[spring-beans-5.3.27.jar!/:5.3.27]
	at org.springframework.beans.factory.support.DefaultListableBeanFactory.doResolveDependency(DefaultListableBeanFactory.java:1349) ~[spring-beans-5.3.27.jar!/:5.3.27]
	at org.springframework.beans.factory.support.DefaultListableBeanFactory$DependencyObjectProvider.resolveStream(DefaultListableBeanFactory.java:2119) ~[spring-beans-5.3.27.jar!/:5.3.27]
	at org.springframework.beans.factory.support.DefaultListableBeanFactory$DependencyObjectProvider.orderedStream(DefaultListableBeanFactory.java:2113) ~[spring-beans-5.3.27.jar!/:5.3.27]
	at org.springframework.boot.actuate.autoconfigure.metrics.MeterRegistryConfigurer.asOrderedList(MeterRegistryConfigurer.java:90) ~[spring-boot-actuator-autoconfigure-2.5.14.jar!/:2.5.14]
	at org.springframework.boot.actuate.autoconfigure.metrics.MeterRegistryConfigurer.customize(MeterRegistryConfigurer.java:77) ~[spring-boot-actuator-autoconfigure-2.5.14.jar!/:2.5.14]
	at org.springframework.boot.actuate.autoconfigure.metrics.MeterRegistryConfigurer.configure(MeterRegistryConfigurer.java:63) ~[spring-boot-actuator-autoconfigure-2.5.14.jar!/:2.5.14]
	at org.springframework.boot.actuate.autoconfigure.metrics.MeterRegistryPostProcessor.postProcessAfterInitialization(MeterRegistryPostProcessor.java:64) ~[spring-boot-actuator-autoconfigure-2.5.14.jar!/:2.5.14]
	at org.springframework.beans.factory.support.AbstractAutowireCapableBeanFactory.applyBeanPostProcessorsAfterInitialization(AbstractAutowireCapableBeanFactory.java:455) ~[spring-beans-5.3.27.jar!/:5.3.27]
	at org.springframework.beans.factory.support.AbstractAutowireCapableBeanFactory.initializeBean(AbstractAutowireCapableBeanFactory.java:1808) ~[spring-beans-5.3.27.jar!/:5.3.27]
	at org.springframework.beans.factory.support.AbstractAutowireCapableBeanFactory.doCreateBean(AbstractAutowireCapableBeanFactory.java:620) ~[spring-beans-5.3.27.jar!/:5.3.27]
	at org.springframework.beans.factory.support.AbstractAutowireCapableBeanFactory.createBean(AbstractAutowireCapableBeanFactory.java:542) ~[spring-beans-5.3.27.jar!/:5.3.27]
	at org.springframework.beans.factory.support.AbstractBeanFactory.lambda$doGetBean$0(AbstractBeanFactory.java:335) ~[spring-beans-5.3.27.jar!/:5.3.27]
	at org.springframework.beans.factory.support.DefaultSingletonBeanRegistry.getSingleton(DefaultSingletonBeanRegistry.java:234) ~[spring-beans-5.3.27.jar!/:5.3.27]
	at org.springframework.beans.factory.support.AbstractBeanFactory.doGetBean(AbstractBeanFactory.java:333) ~[spring-beans-5.3.27.jar!/:5.3.27]
	at org.springframework.beans.factory.support.AbstractBeanFactory.getBean(AbstractBeanFactory.java:208) ~[spring-beans-5.3.27.jar!/:5.3.27]
	at org.springframework.beans.factory.config.DependencyDescriptor.resolveCandidate(DependencyDescriptor.java:276) ~[spring-beans-5.3.27.jar!/:5.3.27]
	at org.springframework.beans.factory.support.DefaultListableBeanFactory.doResolveDependency(DefaultListableBeanFactory.java:1391) ~[spring-beans-5.3.27.jar!/:5.3.27]
	at org.springframework.beans.factory.support.DefaultListableBeanFactory.resolveDependency(DefaultListableBeanFactory.java:1311) ~[spring-beans-5.3.27.jar!/:5.3.27]
	at org.springframework.beans.factory.support.ConstructorResolver.resolveAutowiredArgument(ConstructorResolver.java:887) ~[spring-beans-5.3.27.jar!/:5.3.27]
	at org.springframework.beans.factory.support.ConstructorResolver.createArgumentArray(ConstructorResolver.java:791) ~[spring-beans-5.3.27.jar!/:5.3.27]
	at org.springframework.beans.factory.support.ConstructorResolver.instantiateUsingFactoryMethod(ConstructorResolver.java:541) ~[spring-beans-5.3.27.jar!/:5.3.27]
	at org.springframework.beans.factory.support.AbstractAutowireCapableBeanFactory.instantiateUsingFactoryMethod(AbstractAutowireCapableBeanFactory.java:1352) ~[spring-beans-5.3.27.jar!/:5.3.27]
	at org.springframework.beans.factory.support.AbstractAutowireCapableBeanFactory.createBeanInstance(AbstractAutowireCapableBeanFactory.java:1195) ~[spring-beans-5.3.27.jar!/:5.3.27]
	at org.springframework.beans.factory.support.AbstractAutowireCapableBeanFactory.doCreateBean(AbstractAutowireCapableBeanFactory.java:582) ~[spring-beans-5.3.27.jar!/:5.3.27]
	at org.springframework.beans.factory.support.AbstractAutowireCapableBeanFactory.createBean(AbstractAutowireCapableBeanFactory.java:542) ~[spring-beans-5.3.27.jar!/:5.3.27]
	at org.springframework.beans.factory.support.AbstractBeanFactory.lambda$doGetBean$0(AbstractBeanFactory.java:335) ~[spring-beans-5.3.27.jar!/:5.3.27]
	at org.springframework.beans.factory.support.DefaultSingletonBeanRegistry.getSingleton(DefaultSingletonBeanRegistry.java:234) ~[spring-beans-5.3.27.jar!/:5.3.27]
	at org.springframework.beans.factory.support.AbstractBeanFactory.doGetBean(AbstractBeanFactory.java:333) ~[spring-beans-5.3.27.jar!/:5.3.27]
	at org.springframework.beans.factory.support.AbstractBeanFactory.getBean(AbstractBeanFactory.java:213) ~[spring-beans-5.3.27.jar!/:5.3.27]
	at org.springframework.boot.web.servlet.ServletContextInitializerBeans.getOrderedBeansOfType(ServletContextInitializerBeans.java:212) ~[spring-boot-2.5.14.jar!/:2.5.14]
	at org.springframework.boot.web.servlet.ServletContextInitializerBeans.getOrderedBeansOfType(ServletContextInitializerBeans.java:203) ~[spring-boot-2.5.14.jar!/:2.5.14]
	at org.springframework.boot.web.servlet.ServletContextInitializerBeans.addServletContextInitializerBeans(ServletContextInitializerBeans.java:97) ~[spring-boot-2.5.14.jar!/:2.5.14]
	at org.springframework.boot.web.servlet.ServletContextInitializerBeans.<init>(ServletContextInitializerBeans.java:86) ~[spring-boot-2.5.14.jar!/:2.5.14]
	at org.springframework.boot.web.servlet.context.ServletWebServerApplicationContext.getServletContextInitializerBeans(ServletWebServerApplicationContext.java:260) ~[spring-boot-2.5.14.jar!/:2.5.14]
	at org.springframework.boot.web.servlet.context.ServletWebServerApplicationContext.selfInitialize(ServletWebServerApplicationContext.java:234) ~[spring-boot-2.5.14.jar!/:2.5.14]
	at org.springframework.boot.web.embedded.jetty.ServletContextInitializerConfiguration.callInitializers(ServletContextInitializerConfiguration.java:65) ~[spring-boot-2.5.14.jar!/:2.5.14]
	at org.springframework.boot.web.embedded.jetty.ServletContextInitializerConfiguration.configure(ServletContextInitializerConfiguration.java:54) ~[spring-boot-2.5.14.jar!/:2.5.14]
	at org.eclipse.jetty.webapp.WebAppContext.configure(WebAppContext.java:498) ~[jetty-webapp-9.4.46.v20220331.jar!/:9.4.46.v20220331]
	at org.eclipse.jetty.webapp.WebAppContext.startContext(WebAppContext.java:1409) ~[jetty-webapp-9.4.46.v20220331.jar!/:9.4.46.v20220331]
	at org.eclipse.jetty.server.handler.ContextHandler.doStart(ContextHandler.java:916) ~[jetty-server-9.4.46.v20220331.jar!/:9.4.46.v20220331]
	at org.eclipse.jetty.servlet.ServletContextHandler.doStart(ServletContextHandler.java:288) ~[jetty-servlet-9.4.46.v20220331.jar!/:9.4.46.v20220331]
	at org.eclipse.jetty.webapp.WebAppContext.doStart(WebAppContext.java:524) ~[jetty-webapp-9.4.46.v20220331.jar!/:9.4.46.v20220331]
	at org.eclipse.jetty.util.component.AbstractLifeCycle.start(AbstractLifeCycle.java:73) ~[jetty-util-9.4.46.v20220331.jar!/:9.4.46.v20220331]
	at org.eclipse.jetty.util.component.ContainerLifeCycle.start(ContainerLifeCycle.java:169) ~[jetty-util-9.4.46.v20220331.jar!/:9.4.46.v20220331]
	at org.eclipse.jetty.server.Server.start(Server.java:423) ~[jetty-server-9.4.46.v20220331.jar!/:9.4.46.v20220331]
	at org.eclipse.jetty.util.component.ContainerLifeCycle.doStart(ContainerLifeCycle.java:110) ~[jetty-util-9.4.46.v20220331.jar!/:9.4.46.v20220331]
	at org.eclipse.jetty.server.handler.AbstractHandler.doStart(AbstractHandler.java:97) ~[jetty-server-9.4.46.v20220331.jar!/:9.4.46.v20220331]
	at org.eclipse.jetty.server.Server.doStart(Server.java:387) ~[jetty-server-9.4.46.v20220331.jar!/:9.4.46.v20220331]
	at org.eclipse.jetty.util.component.AbstractLifeCycle.start(AbstractLifeCycle.java:73) ~[jetty-util-9.4.46.v20220331.jar!/:9.4.46.v20220331]
	at org.springframework.boot.web.embedded.jetty.JettyWebServer.initialize(JettyWebServer.java:123) ~[spring-boot-2.5.14.jar!/:2.5.14]
	at org.springframework.boot.web.embedded.jetty.JettyWebServer.<init>(JettyWebServer.java:90) ~[spring-boot-2.5.14.jar!/:2.5.14]
	at org.springframework.boot.web.embedded.jetty.JettyServletWebServerFactory.getJettyWebServer(JettyServletWebServerFactory.java:429) ~[spring-boot-2.5.14.jar!/:2.5.14]
	at org.springframework.boot.web.embedded.jetty.JettyServletWebServerFactory.getWebServer(JettyServletWebServerFactory.java:170) ~[spring-boot-2.5.14.jar!/:2.5.14]
	at org.springframework.boot.web.servlet.context.ServletWebServerApplicationContext.createWebServer(ServletWebServerApplicationContext.java:182) ~[spring-boot-2.5.14.jar!/:2.5.14]
	at org.springframework.boot.web.servlet.context.ServletWebServerApplicationContext.onRefresh(ServletWebServerApplicationContext.java:160) ~[spring-boot-2.5.14.jar!/:2.5.14]
	at org.springframework.context.support.AbstractApplicationContext.refresh(AbstractApplicationContext.java:577) ~[spring-context-5.3.27.jar!/:5.3.27]
	at org.springframework.boot.web.servlet.context.ServletWebServerApplicationContext.refresh(ServletWebServerApplicationContext.java:145) ~[spring-boot-2.5.14.jar!/:2.5.14]
	at org.springframework.boot.SpringApplication.refresh(SpringApplication.java:780) ~[spring-boot-2.5.14.jar!/:2.5.14]
	at org.springframework.boot.SpringApplication.refreshContext(SpringApplication.java:453) ~[spring-boot-2.5.14.jar!/:2.5.14]
	at org.springframework.boot.SpringApplication.run(SpringApplication.java:343) ~[spring-boot-2.5.14.jar!/:2.5.14]
	at org.springframework.boot.SpringApplication.run(SpringApplication.java:1370) ~[spring-boot-2.5.14.jar!/:2.5.14]
	at org.springframework.boot.SpringApplication.run(SpringApplication.java:1359) ~[spring-boot-2.5.14.jar!/:2.5.14]
	at org.apache.hugegraph.pd.boot.HugePDServer.main(HugePDServer.java:41) ~[classes!/:1.7.0]
	at jdk.internal.reflect.NativeMethodAccessorImpl.invoke0(Native Method) ~[?:?]
	at jdk.internal.reflect.NativeMethodAccessorImpl.invoke(NativeMethodAccessorImpl.java:77) ~[?:?]
	at jdk.internal.reflect.DelegatingMethodAccessorImpl.invoke(DelegatingMethodAccessorImpl.java:43) ~[?:?]
	at java.lang.reflect.Method.invoke(Method.java:569) ~[?:?]
	at org.springframework.boot.loader.MainMethodRunner.run(MainMethodRunner.java:49) ~[hg-pd-service-1.7.0.jar:1.7.0]
	at org.springframework.boot.loader.Launcher.launch(Launcher.java:108) ~[hg-pd-service-1.7.0.jar:1.7.0]
	at org.springframework.boot.loader.Launcher.launch(Launcher.java:58) ~[hg-pd-service-1.7.0.jar:1.7.0]
	at org.springframework.boot.loader.JarLauncher.main(JarLauncher.java:65) ~[hg-pd-service-1.7.0.jar:1.7.0]
Caused by: org.rocksdb.RocksDBException: While lock file: ./pd_data/rocksdb//LOCK: Zasoby chwilowo niedostępne
	at org.rocksdb.RocksDB.open(Native Method) ~[rocksdbjni-6.29.5.jar!/:?]
	at org.rocksdb.RocksDB.open(RocksDB.java:251) ~[rocksdbjni-6.29.5.jar!/:?]
	at org.apache.hugegraph.pd.store.HgKVStoreImpl.openRocksDB(HgKVStoreImpl.java:337) ~[hg-pd-core-1.7.0.jar!/:1.7.0]
	... 149 more
Sofa-Middleware-Log SLF4J : Actual binding is of type [ com.alipay.remoting Log4j2 ]
2026-09-21 15:19:10 [JRaft-FSMCaller-Disruptor-0] [INFO] o.a.h.p.s.HgKVStoreImpl - begin load snapshot from ./pd_data/pd_raft/snapshot/snapshot_39865/snapshot
2026-09-21 15:19:10 [JRaft-FSMCaller-Disruptor-0] [INFO] o.a.h.p.s.HgKVStoreImpl - loaded snapshot from ./pd_data/pd_raft/snapshot/snapshot_39865/snapshot
2026-09-21 15:19:10 [JRaft-FSMCaller-Disruptor-0] [INFO] o.a.h.p.r.RaftStateMachine - Raft onSnapshotLoad success
2026-09-21 15:19:10 [JRaft-FSMCaller-Disruptor-0] [INFO] o.a.h.p.r.RaftStateMachine - Raft  onConfigurationCommitted 192.168.80.235:8610
2026-09-21 15:19:10 [main] [INFO] o.a.h.p.r.RaftEngine - RaftEngine start successfully: id = pd_raft, peers list = [192.168.80.235:8611]
2026-09-21 15:19:11 [main] [INFO] o.a.h.p.p.AbstractObserverSubject - Adding a PULSE_TYPE_PARTITION_HEARTBEAT's listener, listener-id is [1789996751010].
2026-09-21 15:19:11 [main] [INFO] o.a.h.p.s.DiscoveryService - PDService init………… PDConfig(clusterId=1, patrolInterval=1800, dataPath=./pd_data, minStoreCount=3, initialStoreList=192.168.80.235:8500,192.168.80.236:8500,192.168.80.237:8500, host=192.168.80.235, verifyPath=./conf/verify-license.json, licensePath=./conf/hugegraph.license, jobConfig=PDConfig.JobConfig(core=0, max=256, queueSize=2147483647, startTime=19, uninterruptibleCore=0, uninterruptibleMax=256, uninterruptibleQueueSize=2147483647), threadPoolGrpc=PDConfig.ThreadPoolGrpc(core=600, max=1000, queue=2147483647), raft=PDConfig.Raft(enable=true, ipWhitelistEnabled=true, address=192.168.80.235:8611, dataPath=./pd_data, peersList=192.168.80.235:8611, snapshotInterval=300, rpcTimeout=10000, host=192.168.80.235, port=8621, clusterId=1, grpcPort=8687), store=PDConfig.Store(keepAliveTimeout=300, maxDownTime=172800, monitorDataEnabled=true, monitorDataInterval=1 minute, monitorDataRetention=1 day), partition=PDConfig.Partition(totalCount=12, maxShardsPerStore=12, shardCount=3), discovery=PDConfig.Discovery(heartbeatOutTimes=3), initialStoreMap={192.168.80.236:8500=192.168.80.236:8500, 192.168.80.237:8500=192.168.80.237:8500, 192.168.80.235:8500=192.168.80.235:8500}, configService=org.apache.hugegraph.pd.ConfigService@5d235104, idService=org.apache.hugegraph.pd.IdService@4e8e8621)
2026-09-21 15:19:13 [main] [INFO] o.a.h.p.b.HugePDServer - Started HugePDServer in 5.856 seconds (JVM running for 7.343)
Hugegraph-pd started.
