== [master] 20:24:33 start A=/home/seba/hg-master/hugegraph-server/dist-master-hstore B=/home/seba/hg-master/hugegraph-server/dist-master-hstore-B
  A+B up
== [master] step 1: baseline (create -> B loads -> drop -> B must drop via REMOVE event)
  A created master_drop_g1; B first access -> HTTP 200 (lazy load from PD meta)
  A dropped master_drop_g1 at 20:24:53
  B dropped master_drop_g1 after 1s (HTTP 404)  [watch ALIVE]  log: add=1 remove=7
== [master] step 2: PD outage #1
  [20:24:53] PD down for 30 s
  [20:25:34] PD back (listening); settling 15 s
  stores: up up up 
== [master] step 3: after outage #1
  A created master_drop_g2; B first access -> HTTP 200 (lazy load from PD meta)
  A dropped master_drop_g2 at 20:25:50
  B STILL SERVES master_drop_g2 after 60 s (HTTP 200)  [watch DEAD]  log: add=0 remove=4
== [master] step 4: PD outage #2
  [20:26:51] PD down for 30 s
  [20:27:32] PD back (listening); settling 15 s
  stores: up up up 
== [master] step 5: after outage #2
  A created master_drop_g3; B first access -> HTTP 200 (lazy load from PD meta)
  A dropped master_drop_g3 at 20:27:48
  B STILL SERVES master_drop_g3 after 60 s (HTTP 200)  [watch DEAD]  log: add=0 remove=4
== [master] B log — KvClient lines since start:
	at org.apache.hugegraph.pd.client.KvClient.get(KvClient.java:87) ~[hg-pd-client-1.7.0.jar:1.7.0]
	at org.apache.hugegraph.pd.client.KvClient.get(KvClient.java:87) ~[hg-pd-client-1.7.0.jar:1.7.0]
	at org.apache.hugegraph.pd.client.KvClient.get(KvClient.java:87) ~[hg-pd-client-1.7.0.jar:1.7.0]
	at org.apache.hugegraph.pd.client.KvClient.get(KvClient.java:87) ~[hg-pd-client-1.7.0.jar:1.7.0]
	at org.apache.hugegraph.pd.client.KvClient.get(KvClient.java:87) ~[hg-pd-client-1.7.0.jar:1.7.0]
	at org.apache.hugegraph.pd.client.KvClient.get(KvClient.java:87) ~[hg-pd-client-1.7.0.jar:1.7.0]
	at org.apache.hugegraph.pd.client.KvClient.get(KvClient.java:87) ~[hg-pd-client-1.7.0.jar:1.7.0]
	at org.apache.hugegraph.pd.client.KvClient.get(KvClient.java:87) ~[hg-pd-client-1.7.0.jar:1.7.0]
	at org.apache.hugegraph.pd.client.KvClient.get(KvClient.java:87) ~[hg-pd-client-1.7.0.jar:1.7.0]
	at org.apache.hugegraph.pd.client.KvClient.get(KvClient.java:87) ~[hg-pd-client-1.7.0.jar:1.7.0]
	at org.apache.hugegraph.pd.client.KvClient.get(KvClient.java:87) ~[hg-pd-client-1.7.0.jar:1.7.0]
	at org.apache.hugegraph.pd.client.KvClient.get(KvClient.java:87) ~[hg-pd-client-1.7.0.jar:1.7.0]
== [master] 20:28:49 done (servers left running)
