21:28:48 === baseline
21:29:49 RESULT baseline: PASS 183 samples, codes {200: 183}, p50 5 ms, p99 9 ms, cached ratio 0.63
21:29:59 === stores-zero
21:30:19 stores -> 0 at t=20.0
21:32:19 stores -> 3 at t=140.1
21:33:28 RESULT stores-zero: PASS per pod {"hugegraph-server-64b9449875-5kzt5": {"readiness_503_after_fault_s": 1.0, "not_ready_after_fault_s": 32.0, "out_of_service_after_fault_s": 32.0, "readiness_200_after_back_s": 17.9, "ready_after_back_s": 21.9, "reasons_during_fault": ["none of 3 known store(s) answered: 3 store(s) did not answer within 1000 ms", "none of 3 known store(s) answered: a store failed: StatusRuntimeException: UNAVAILABLE: Unable to resolve host hugegraph-store-0.hugegraph-store.hugegraph.svc; a store failed: StatusRuntimeException: UNAVAILABLE: Unable to resolve host hugegraph-store-1.hugegraph-store.hugegraph.svc; a store failed: StatusRuntimeException: UNAVAILABLE: Unable to resolve host hugegraph-store-2.hugegraph-store.hugegraph.svc", "none of 3 known store(s) answered: a store failed: StatusRuntimeException: UNAVAILABLE: Unable to resolve host hugegraph-store-0.hugegraph-store.hugegraph.svc; a store failed: StatusRuntimeException: UNAVAILABLE: Unable to resolve host hugegraph-store-2.hugegraph-store.hugegraph.svc; a store failed: StatusRuntimeException: UNAVAILABLE: Unable to resolve host hugegraph-store-1.hugegraph-store.hugegraph.svc"]}, "hugegraph-server-64b9449875-kcnrw": {"readiness_503_after_fault_s": 1.0, "not_ready_after_fault_s": 24.0, "out_of_service_after_fault_s": 28.0, "readiness_200_after_back_s": 17.9, "ready_after_back_s": 23.9, "reasons_during_fault": ["none of 3 known store(s) answered: 3 store(s) did not answer within 1000 ms", "none of 3 known store(s) answered: a store failed: StatusRuntimeException: UNAVAILABLE: Unable to resolve host hugegraph-store-0.hugegraph-store.hugegraph.svc; a store failed: StatusRuntimeException: UNAVAILABLE: Unable to resolve host hugegraph-store-1.hugegraph-store.hugegraph.svc; a store failed: StatusRuntimeException: UNAVAILABLE: Unable to resolve host hugegraph-store-2.hugegraph-store.hugegraph.svc", "none of 3 known store(s) answered: a store failed: StatusRuntimeException: UNAVAILABLE: Unable to resolve host hugegraph-store-0.hugegraph-store.hugegraph.svc; a store failed: StatusRuntimeException: UNAVAILABLE: Unable to resolve host hugegraph-store-2.hugegraph-store.hugegraph.svc; a store failed: StatusRuntimeException: UNAVAILABLE: Unable to resolve host hugegraph-store-1.hugegraph-store.hugegraph.svc"]}, "hugegraph-server-64b9449875-z2blm": {"readiness_503_after_fault_s": 1.0, "not_ready_after_fault_s": 28.0, "out_of_service_after_fault_s": 28.0, "readiness_200_after_back_s": 17.9, "ready_after_back_s": 18.9, "reasons_during_fault": ["none of 3 known store(s) answered: 3 store(s) did not answer within 1000 ms", "none of 3 known store(s) answered: a store failed: StatusRuntimeException: UNAVAILABLE: Unable to resolve host hugegraph-store-0.hugegraph-store.hugegraph.svc; a store failed: StatusRuntimeException: UNAVAILABLE: Unable to resolve host hugegraph-store-1.hugegraph-store.hugegraph.svc; a store failed: StatusRuntimeException: UNAVAILABLE: Unable to resolve host hugegraph-store-2.hugegraph-store.hugegraph.svc", "none of 3 known store(s) answered: a store failed: StatusRuntimeException: UNAVAILABLE: Unable to resolve host hugegraph-store-0.hugegraph-store.hugegraph.svc; a store failed: StatusRuntimeException: UNAVAILABLE: Unable to resolve host hugegraph-store-2.hugegraph-store.hugegraph.svc; a store failed: StatusRuntimeException: UNAVAILABLE: Unable to resolve host hugegraph-store-1.hugegraph-store.hugegraph.svc"]}}; min endpoints during fault 0; stores back Ready in 22.894580364227295s; load {'writes': {'requests': 757, 'failed': 539, 'first_failure_s': 40.8, 'last_failure_s': 148.9, 'max_latency_s': 30.6, 'codes': [0, 500]}, 'reads': {'requests': 757, 'failed': 539, 'first_failure_s': 40.8, 'last_failure_s': 148.9, 'max_latency_s': 1.1, 'codes': [0]}}
21:33:38 === store-one-down
21:33:58 store-1 force-deleted at t=20.0
21:34:51 RESULT store-one-down: PASS codes {200: 219}, transitions [], store back Ready in 22.273907899856567s, load {'writes': {'requests': 280, 'failed': 0, 'first_failure_s': None, 'last_failure_s': None, 'max_latency_s': 0.4, 'codes': []}, 'reads': {'requests': 280, 'failed': 0, 'first_failure_s': None, 'last_failure_s': None, 'max_latency_s': 0.0, 'codes': []}}
21:35:01 === store-roll
21:35:22 store rollout restart at t=20.0
21:36:56 RESULT store-roll: PASS codes {200: 336}, transitions [], answered stores ['3259356358697243292', '6386607161404282741', '6838705701474727512'], load {'writes': {'requests': 246, 'failed': 1, 'first_failure_s': 83.5, 'last_failure_s': 83.5, 'max_latency_s': 30.8, 'codes': [500]}, 'reads': {'requests': 246, 'failed': 0, 'first_failure_s': None, 'last_failure_s': None, 'max_latency_s': 0.1, 'codes': []}}
21:37:07 === pd-zero
21:37:17 pd -> 0 at t=10.0
21:38:47 pd -> 3 at t=100.1
21:40:11 RESULT pd-zero: FAIL per pod {"hugegraph-server-64b9449875-5kzt5": {"readiness_503_after_fault_s": null, "readiness_200_after_back_s": 0.9, "reasons": []}, "hugegraph-server-64b9449875-kcnrw": {"readiness_503_after_fault_s": null, "readiness_200_after_back_s": 0.9, "reasons": []}, "hugegraph-server-64b9449875-z2blm": {"readiness_503_after_fault_s": null, "readiness_200_after_back_s": 0.9, "reasons": []}}; pd back Ready in 22.99753761291504s
21:40:21 === pd-roll
21:40:41 pd rollout restart at t=20.0
21:42:30 RESULT pd-roll: PASS codes {200: 387}, readiness transitions [], ready-condition transitions [], load {'writes': {'requests': 230, 'failed': 1, 'first_failure_s': 94.5, 'last_failure_s': 94.5, 'max_latency_s': 51.9, 'codes': [500]}, 'reads': {'requests': 230, 'failed': 0, 'first_failure_s': None, 'last_failure_s': None, 'max_latency_s': 7.6, 'codes': []}}
21:42:41 === store-freeze
21:43:01 SIGSTOP hugegraph-store-2 (leads {'hugegraph-store-2': 24}) pid 16 at t=20.0
21:44:02 SIGCONT
21:44:33 RESULT store-freeze: PASS victim hugegraph-store-2 leading {'hugegraph-store-2': 24}; codes {200: 336}; readiness transitions []; answered stores ['3259356358697243292', '6386607161404282741', '6838705701474727512']; load {'writes': {'requests': 152, 'failed': 1, 'first_failure_s': 40.7, 'last_failure_s': 40.7, 'max_latency_s': 30.3, 'codes': [500]}, 'reads': {'requests': 152, 'failed': 2, 'first_failure_s': 65.3, 'last_failure_s': 69.6, 'max_latency_s': 15.4, 'codes': [500]}}
